Microchip MPLAB XC8 Compiler V1.40 ()

Linker command line:

-W-3 --edf=C:\Program Files (x86)\Microchip\xc8\v1.40\dat\en_msgs.txt -cs \
  -h+dist/default/debug\Test.X.debug.sym \
  --cmf=dist/default/debug\Test.X.debug.cmf -z -Q18F4620 \
  -oC:\Users\tonyk\AppData\Local\Temp\sefo.2 \
  -Mdist/default/debug/Test.X.debug.map -E1 -ver=XC8 -ASTACK=0D5h-0eeeh \
  -pstack=STACK -ACODE=00h-0FCFFh -ACONST=00h-0FCFFh \
  -ASMALLCONST=01000h-010FFhx237 -AMEDIUMCONST=01000h-0FCFFh \
  -ACOMRAM=01h-07Fh -AABS1=00h-0EEEh,0F00h-0F7Fh \
  -ABIGRAM=01h-0EEEh,0F00h-0F7Fh \
  -ARAM=080h-0FFh,0100h-01FFhx13,0E00h-0EEEh,0F00h-0F7Fh -ABANK0=080h-0FFh \
  -ABANK1=0100h-01FFh -ABANK2=0200h-02FFh -ABANK3=0300h-03FFh \
  -ABANK4=0400h-04FFh -ABANK5=0500h-05FFh -ABANK6=0600h-06FFh \
  -ABANK7=0700h-07FFh -ABANK8=0800h-08FFh -ABANK9=0900h-09FFh \
  -ABANK10=0A00h-0AFFh -ABANK11=0B00h-0BFFh -ABANK12=0C00h-0CFFh \
  -ABANK13=0D00h-0DFFh -ABANK14=0E00h-0EEEh -ABANK15=0F00h-0F7Fh \
  -ASFR=0F80h-0F9Bh,0F9Dh-0FD3h,0FD5h-0FDAh,0FE0h-0FE2h,0FE8h-0FEAh,0FF0h-0FFBh \
  -preset_vec=00h,intcode=08h,intcodelo,powerup,init -pramtop=01000h \
  -psmallconst=SMALLCONST -pmediumconst=MEDIUMCONST -pconst=CONST \
  -AFARRAM=00h-00h -ACONFIG=0300000h-030000Dh -pconfig=CONFIG \
  -AIDLOC=0200000h-0200007h -pidloc=IDLOC -AEEDATA=0F00000h-0F003FFh \
  -peeprom_data=EEDATA \
  -prdata=COMRAM,nvrram=COMRAM,nvbit=COMRAM,rbss=COMRAM,rbit=COMRAM \
  -pfarbss=FARRAM,fardata=FARRAM,nvFARRAM=FARRAM \
  -pintsave_regs=BIGRAM,bigbss=BIGRAM,bigdata=BIGRAM -pbss=RAM \
  -pidata=CODE,irdata=CODE,ibigdata=CODE,ifardata=CODE -prparam=COMRAM \
  C:\Users\tonyk\AppData\Local\Temp\sefo.obj \
  dist/default/debug\Test.X.debug.obj 

Object code version is 3.11

Machine type is 18F4620

Call graph: (short form)




                Name                               Link     Load   Length Selector   Space Scale
C:\Users\tonyk\AppData\Local\Temp\sefo.obj
                init                                  E        E        4        4       0
                reset_vec                             0        0        6        0       0
                idloc                            200000   200000        8   200000       0
                config                           300000   300000        E   300000       0
dist/default/debug\Test.X.debug.obj
                intcode                               8        8        6        4       0
                temp                                 6E       6E        1        1       1
                mediumconst                        FBFC     FBFC      104     7DFE       0
                intcode_body                       1066     1066       C8        4       0
                text40                             14F4     14F4       82        4       0
                text39                             16BC     16BC       5A        4       0
                text38                             1768     1768       4E        4       0
                text37                             19A4     19A4        C        4       0
                text36                             1716     1716       52        4       0
                text35                             1846     1846       42        4       0
                text34                             1998     1998        C        4       0
                text33                              51E      51E      14E        4       0
                text32                              7A4      7A4      122        4       0
                text31                             1800     1800       46        4       0
                text30                             1470     1470       84        4       0
                text29                             12A2     12A2       AE        4       0
                text28                             1660     1660       5C        4       0
                text27                             18C8     18C8       38        4       0
                text26                              DD0      DD0       E6        4       0
                text25                             194C     194C       24        4       0
                text24                              1F6      1F6      1AC        4       0
                text23                             1888     1888       40        4       0
                text22                              CDC      CDC       F4        4       0
                text21                             1926     1926       26        4       0
                text20                              F94      F94       D2        4       0
                text19                             1576     1576       78        4       0
                text18                             13E0     13E0       90        4       0
                text17                              BE8      BE8       F4        4       0
                text16                             1350     1350       90        4       0
                text15                              EB6      EB6       DE        4       0
                text14                             112E     112E       C2        4       0
                text13                               12       12      1E4        4       0
                text12                              8C6      8C6      11A        4       0
                text11                              3A2      3A2      17C        4       0
                text10                              9E0      9E0      10C        4       0
                text9                               66C      66C      138        4       0
                text8                              1986     1986       12        4       0
                text7                              1900     1900       26        4       0
                text6                              19C2     19C2        8        4       0
                text5                              19BA     19BA        8        4       0
                text4                              19B0     19B0        A        4       0
                text3                              15EE     15EE       72        4       0
                text2                              11F0     11F0       B2        4       0
                text1                              17B6     17B6       4A        4       0
                text0                               AEC      AEC       FC        4       0
                cstackCOMRAM                          1        1       6B        1       1
                cstackBANK0                          80       80       54       80       1
                bssBANK0                             D4       D4        1       80       1
                bssCOMRAM                            6C       6C        2        1       1
                cinit                              1970     1970       16        4       0

TOTAL           Name                               Link     Load   Length     Space
        CLASS   STACK          

        CLASS   CODE           
                intcode                               8        8        6         0
                init                                  E        E        4         0
                reset_vec                             0        0        6         0
                intcode_body                       1066     1066       C8         0
                text40                             14F4     14F4       82         0
                text39                             16BC     16BC       5A         0
                text38                             1768     1768       4E         0
                text37                             19A4     19A4        C         0
                text36                             1716     1716       52         0
                text35                             1846     1846       42         0
                text34                             1998     1998        C         0
                text33                              51E      51E      14E         0
                text32                              7A4      7A4      122         0
                text31                             1800     1800       46         0
                text30                             1470     1470       84         0
                text29                             12A2     12A2       AE         0
                text28                             1660     1660       5C         0
                text27                             18C8     18C8       38         0
                text26                              DD0      DD0       E6         0
                text25                             194C     194C       24         0
                text24                              1F6      1F6      1AC         0
                text23                             1888     1888       40         0
                text22                              CDC      CDC       F4         0
                text21                             1926     1926       26         0
                text20                              F94      F94       D2         0
                text19                             1576     1576       78         0
                text18                             13E0     13E0       90         0
                text17                              BE8      BE8       F4         0
                text16                             1350     1350       90         0
                text15                              EB6      EB6       DE         0
                text14                             112E     112E       C2         0
                text13                               12       12      1E4         0
                text12                              8C6      8C6      11A         0
                text11                              3A2      3A2      17C         0
                text10                              9E0      9E0      10C         0
                text9                               66C      66C      138         0
                text8                              1986     1986       12         0
                text7                              1900     1900       26         0
                text6                              19C2     19C2        8         0
                text5                              19BA     19BA        8         0
                text4                              19B0     19B0        A         0
                text3                              15EE     15EE       72         0
                text2                              11F0     11F0       B2         0
                text1                              17B6     17B6       4A         0
                text0                               AEC      AEC       FC         0
                cinit                              1970     1970       16         0

        CLASS   CONST          

        CLASS   SMALLCONST     

        CLASS   MEDIUMCONST    
                mediumconst                        FBFC     FBFC      104         0

        CLASS   COMRAM         
                temp                                 6E       6E        1         1
                cstackCOMRAM                          1        1       6B         1
                bssCOMRAM                            6C       6C        2         1

        CLASS   ABS1           

        CLASS   BIGRAM         

        CLASS   RAM            

        CLASS   BANK0          
                cstackBANK0                          80       80       54         1
                bssBANK0                             D4       D4        1         1

        CLASS   BANK1          

        CLASS   BANK2          

        CLASS   BANK3          

        CLASS   BANK4          

        CLASS   BANK5          

        CLASS   BANK6          

        CLASS   BANK7          

        CLASS   BANK8          

        CLASS   BANK9          

        CLASS   BANK10         

        CLASS   BANK11         

        CLASS   BANK12         

        CLASS   BANK13         

        CLASS   BANK14         

        CLASS   BANK15         

        CLASS   SFR            

        CLASS   FARRAM         

        CLASS   CONFIG         
                config                           300000   300000        E         0

        CLASS   IDLOC          
                idloc                            200000   200000        8         0

        CLASS   EEDATA         



SEGMENTS        Name                           Load    Length   Top    Selector   Space  Class

                reset_vec                      000000  000006  000006         0       0  CODE    
                cstackCOMRAM                   000001  00006E  00006F         1       1  COMRAM  
                intcode                        000008  0019C2  0019CA         4       0  CODE    
                cstackBANK0                    000080  000055  0000D5        80       1  BANK0   
                mediumconst                    00FBFC  000104  00FD00      7DFE       0  MEDIUMCO
                idloc                          200000  000008  200008    200000       0  IDLOC   
                config                         300000  00000E  30000E    300000       0  CONFIG  


UNUSED ADDRESS RANGES

        Name                Unused          Largest block    Delta
        BANK0            0000D5-0000FF               2B
        BANK1            000100-0001FF              100
        BANK10           000A00-000AFF              100
        BANK11           000B00-000BFF              100
        BANK12           000C00-000CFF              100
        BANK13           000D00-000DFF              100
        BANK14           000E00-000EEE               EF
        BANK15           000F00-000F7F               80
        BANK2            000200-0002FF              100
        BANK3            000300-0003FF              100
        BANK4            000400-0004FF              100
        BANK5            000500-0005FF              100
        BANK6            000600-0006FF              100
        BANK7            000700-0007FF              100
        BANK8            000800-0008FF              100
        BANK9            000900-0009FF              100
        BIGRAM           00006F-00007F               11
                         0000D5-000EEE              E1A
                         000F00-000F7F               80
        CODE             000006-000007                2
                         0019CA-00FBFB             E232
        COMRAM           00006F-00007F               11
        CONST            000006-000007                2
                         0019CA-00FBFB             E232
        EEDATA           F00000-F003FF              400
        MEDIUMCONST      0019CA-00FBFB             E232
        RAM              0000D5-000EEE              100
                         000F00-000F7F               80
        SFR              000F80-000F9B               1C
                         000F9D-000FD3               37
                         000FD5-000FDA                6
                         000FE0-000FE2                3
                         000FE8-000FEA                3
                         000FF0-000FFB                C
        SMALLCONST       0019CA-00FBFB              100
        STACK            0000D5-000EEE              E1A

                                  Symbol Table

?___altoft                 cstackCOMRAM 000047
?___awdiv                  cstackCOMRAM 000011
?___awtoft                 cstackCOMRAM 000019
?___ftadd                  cstackCOMRAM 00002C
?___ftdiv                  cstackCOMRAM 000019
?___ftmul                  cstackCOMRAM 00001D
?___ftneg                  cstackCOMRAM 000011
?___ftpack                 cstackCOMRAM 000011
?___ftsub                  cstackCOMRAM 000038
?___fttol                  cstackCOMRAM 000038
?___lldiv                  cstackCOMRAM 000011
?___lltoft                 cstackCOMRAM 000019
?___lwdiv                  cstackCOMRAM 000011
?___lwmod                  cstackCOMRAM 000018
?___wmul                   cstackCOMRAM 000011
?_dec_to_hex               cstackCOMRAM 000068
?_eval_poly                cstackCOMRAM 000038
?_exp                      cstackCOMRAM 000059
?_floor                    cstackCOMRAM 000051
?_frexp                    cstackCOMRAM 000011
?_ldexp                    cstackCOMRAM 000044
?_log                      cstackCOMRAM 000044
?_pow                      cstackCOMRAM 000062
?_printf                   cstackBANK0  0000AC
?_time_difference          cstackBANK0  000099
I2C_Master_Init@c          cstackCOMRAM 00001E
I2C_Master_Read@a          cstackCOMRAM 000012
I2C_Master_Read@temp       cstackCOMRAM 000013
I2C_Master_Write@d         cstackCOMRAM 000012
_ACKDT                     (abs)        007E2D
_ACKEN                     (abs)        007E2C
_ADCON0                    (abs)        000FC2
_ADCON1                    (abs)        000FC1
_I2C_Master_Init           text39       0016BC
_I2C_Master_Read           text7        001900
_I2C_Master_Start          text6        0019C2
_I2C_Master_Stop           text5        0019BA
_I2C_Master_Wait           text8        001986
_I2C_Master_Write          text4        0019B0
_INT1IF                    (abs)        007F80
_INTCONbits                (abs)        000FF2
_LATA                      (abs)        000F89
_LATB                      (abs)        000F8A
_LATC                      (abs)        000F8B
_LATD                      (abs)        000F8C
_LATDbits                  (abs)        000F8C
_LATE                      (abs)        000F8D
_PEN                       (abs)        007E2A
_PORTB                     (abs)        000F81
_PORTBbits                 (abs)        000F81
_RCEN                      (abs)        007E2B
_RSEN                      (abs)        007E29
_SEN                       (abs)        007E28
_SSPADD                    (abs)        000FC8
_SSPBUF                    (abs)        000FC9
_SSPCON1                   (abs)        000FC6
_SSPCON2                   (abs)        000FC5
_SSPSTAT                   (abs)        000FC7
_TRISA                     (abs)        000F92
_TRISB                     (abs)        000F93
_TRISC                     (abs)        000F94
_TRISC3                    (abs)        007CA3
_TRISC4                    (abs)        007CA4
_TRISD                     (abs)        000F95
_TRISE                     (abs)        000F96
__CFG_BOREN$SBORDIS        (abs)        000000
__CFG_BORV$3               (abs)        000000
__CFG_CCP2MX$PORTC         (abs)        000000
__CFG_CP0$OFF              (abs)        000000
__CFG_CP1$OFF              (abs)        000000
__CFG_CP2$OFF              (abs)        000000
__CFG_CP3$OFF              (abs)        000000
__CFG_CPB$OFF              (abs)        000000
__CFG_CPD$OFF              (abs)        000000
__CFG_EBTR0$OFF            (abs)        000000
__CFG_EBTR1$OFF            (abs)        000000
__CFG_EBTR2$OFF            (abs)        000000
__CFG_EBTR3$OFF            (abs)        000000
__CFG_EBTRB$OFF            (abs)        000000
__CFG_FCMEN$OFF            (abs)        000000
__CFG_IESO$OFF             (abs)        000000
__CFG_LPT1OSC$OFF          (abs)        000000
__CFG_LVP$OFF              (abs)        000000
__CFG_MCLRE$ON             (abs)        000000
__CFG_OSC$HS               (abs)        000000
__CFG_PBADEN$ON            (abs)        000000
__CFG_PWRT$OFF             (abs)        000000
__CFG_STVREN$ON            (abs)        000000
__CFG_WDT$OFF              (abs)        000000
__CFG_WDTPS$32768          (abs)        000000
__CFG_WRT0$OFF             (abs)        000000
__CFG_WRT1$OFF             (abs)        000000
__CFG_WRT2$OFF             (abs)        000000
__CFG_WRT3$OFF             (abs)        000000
__CFG_WRTB$OFF             (abs)        000000
__CFG_WRTC$OFF             (abs)        000000
__CFG_WRTD$OFF             (abs)        000000
__CFG_XINST$OFF            (abs)        000000
__HRAM                     (abs)        000000
__Habs1                    abs1         000000
__Hbank0                   bank0        000000
__Hbank1                   bank1        000000
__Hbank10                  bank10       000000
__Hbank11                  bank11       000000
__Hbank12                  bank12       000000
__Hbank13                  bank13       000000
__Hbank14                  bank14       000000
__Hbank15                  bank15       000000
__Hbank2                   bank2        000000
__Hbank3                   bank3        000000
__Hbank4                   bank4        000000
__Hbank5                   bank5        000000
__Hbank6                   bank6        000000
__Hbank7                   bank7        000000
__Hbank8                   bank8        000000
__Hbank9                   bank9        000000
__Hbigbss                  bigbss       000000
__Hbigdata                 bigdata      000000
__Hbigram                  bigram       000000
__Hbss                     bss          000000
__HbssBANK0                bssBANK0     000000
__HbssCOMRAM               bssCOMRAM    000000
__Hcinit                   cinit        000000
__Hclrtext                 clrtext      000000
__Hcomram                  comram       000000
__Hconfig                  config       30000E
__Hconst                   const        000000
__HcstackBANK0             cstackBANK0  000000
__HcstackCOMRAM            cstackCOMRAM 000000
__Hdata                    data         000000
__Heeprom_data             eeprom_data  000000
__Hfarbss                  farbss       000000
__Hfardata                 fardata      000000
__Hibigdata                ibigdata     000000
__Hidata                   idata        000000
__Hidloc                   idloc        200008
__Hifardata                ifardata     000000
__Hinit                    init         000012
__Hintcode                 intcode      00000E
__Hintcode_body            intcode_body 000000
__Hintcodelo               intcodelo    00000E
__Hintentry                intentry     000000
__Hintret                  intret       000000
__Hintsave_regs            intsave_regs 000000
__Hirdata                  irdata       000000
__Hmediumconst             mediumconst  00FD00
__HnvFARRAM                nvFARRAM     000000
__Hnvbit                   nvbit        000000
__Hnvrram                  nvrram       000000
__Hparam                   rparam       000000
__Hpowerup                 powerup      00000E
__Hram                     ram          000000
__Hramtop                  ramtop       001000
__Hrbit                    rbit         000000
__Hrbss                    rbss         000000
__Hrdata                   rdata        000000
__Hreset_vec               reset_vec    000006
__Hrparam                  rparam       000000
__Hsfr                     sfr          000000
__Hsmallconst              smallconst   000000
__Hspace_0                 (abs)        30000E
__Hspace_1                 (abs)        0000D5
__Hspace_2                 (abs)        000000
__Hstack                   stack        000000
__Hstruct                  struct       000000
__Htemp                    temp         00006F
__Htext                    text         000000
__Htext0                   text0        000000
__Htext1                   text1        000000
__Htext10                  text10       000000
__Htext11                  text11       000000
__Htext12                  text12       000000
__Htext13                  text13       000000
__Htext14                  text14       000000
__Htext15                  text15       000000
__Htext16                  text16       000000
__Htext17                  text17       000000
__Htext18                  text18       000000
__Htext19                  text19       000000
__Htext2                   text2        000000
__Htext20                  text20       000000
__Htext21                  text21       000000
__Htext22                  text22       000000
__Htext23                  text23       000000
__Htext24                  text24       000000
__Htext25                  text25       000000
__Htext26                  text26       000000
__Htext27                  text27       000000
__Htext28                  text28       000000
__Htext29                  text29       000000
__Htext3                   text3        000000
__Htext30                  text30       000000
__Htext31                  text31       000000
__Htext32                  text32       000000
__Htext33                  text33       000000
__Htext34                  text34       000000
__Htext35                  text35       000000
__Htext36                  text36       000000
__Htext37                  text37       000000
__Htext38                  text38       000000
__Htext39                  text39       000000
__Htext4                   text4        000000
__Htext40                  text40       000000
__Htext5                   text5        000000
__Htext6                   text6        000000
__Htext7                   text7        000000
__Htext8                   text8        000000
__Htext9                   text9        000000
__LRAM                     (abs)        000001
__Labs1                    abs1         000000
__Lbank0                   bank0        000000
__Lbank1                   bank1        000000
__Lbank10                  bank10       000000
__Lbank11                  bank11       000000
__Lbank12                  bank12       000000
__Lbank13                  bank13       000000
__Lbank14                  bank14       000000
__Lbank15                  bank15       000000
__Lbank2                   bank2        000000
__Lbank3                   bank3        000000
__Lbank4                   bank4        000000
__Lbank5                   bank5        000000
__Lbank6                   bank6        000000
__Lbank7                   bank7        000000
__Lbank8                   bank8        000000
__Lbank9                   bank9        000000
__Lbigbss                  bigbss       000000
__Lbigdata                 bigdata      000000
__Lbigram                  bigram       000000
__Lbss                     bss          000000
__LbssBANK0                bssBANK0     000000
__LbssCOMRAM               bssCOMRAM    000000
__Lcinit                   cinit        000000
__Lclrtext                 clrtext      000000
__Lcomram                  comram       000000
__Lconfig                  config       300000
__Lconst                   const        000000
__LcstackBANK0             cstackBANK0  000000
__LcstackCOMRAM            cstackCOMRAM 000000
__Ldata                    data         000000
__Leeprom_data             eeprom_data  000000
__Lfarbss                  farbss       000000
__Lfardata                 fardata      000000
__Libigdata                ibigdata     000000
__Lidata                   idata        000000
__Lidloc                   idloc        200000
__Lifardata                ifardata     000000
__Linit                    init         00000E
__Lintcode                 intcode      000008
__Lintcode_body            intcode_body 000000
__Lintcodelo               intcodelo    00000E
__Lintentry                intentry     000000
__Lintret                  intret       000000
__Lintsave_regs            intsave_regs 000000
__Lirdata                  irdata       000000
__Lmediumconst             mediumconst  00FBFC
__LnvFARRAM                nvFARRAM     000000
__Lnvbit                   nvbit        000000
__Lnvrram                  nvrram       000000
__Lparam                   rparam       000000
__Lpowerup                 powerup      00000E
__Lram                     ram          000000
__Lramtop                  ramtop       001000
__Lrbit                    rbit         000000
__Lrbss                    rbss         000000
__Lrdata                   rdata        000000
__Lreset_vec               reset_vec    000000
__Lrparam                  rparam       000000
__Lsfr                     sfr          000000
__Lsmallconst              smallconst   000000
__Lspace_0                 (abs)        000000
__Lspace_1                 (abs)        000000
__Lspace_2                 (abs)        000000
__Lstack                   stack        000000
__Lstruct                  struct       000000
__Ltemp                    temp         00006E
__Ltext                    text         000000
__Ltext0                   text0        000000
__Ltext1                   text1        000000
__Ltext10                  text10       000000
__Ltext11                  text11       000000
__Ltext12                  text12       000000
__Ltext13                  text13       000000
__Ltext14                  text14       000000
__Ltext15                  text15       000000
__Ltext16                  text16       000000
__Ltext17                  text17       000000
__Ltext18                  text18       000000
__Ltext19                  text19       000000
__Ltext2                   text2        000000
__Ltext20                  text20       000000
__Ltext21                  text21       000000
__Ltext22                  text22       000000
__Ltext23                  text23       000000
__Ltext24                  text24       000000
__Ltext25                  text25       000000
__Ltext26                  text26       000000
__Ltext27                  text27       000000
__Ltext28                  text28       000000
__Ltext29                  text29       000000
__Ltext3                   text3        000000
__Ltext30                  text30       000000
__Ltext31                  text31       000000
__Ltext32                  text32       000000
__Ltext33                  text33       000000
__Ltext34                  text34       000000
__Ltext35                  text35       000000
__Ltext36                  text36       000000
__Ltext37                  text37       000000
__Ltext38                  text38       000000
__Ltext39                  text39       000000
__Ltext4                   text4        000000
__Ltext40                  text40       000000
__Ltext5                   text5        000000
__Ltext6                   text6        000000
__Ltext7                   text7        000000
__Ltext8                   text8        000000
__Ltext9                   text9        000000
__S0                       (abs)        30000E
__S1                       (abs)        0000D5
__S2                       (abs)        000000
___altoft                  text19       001576
___altoft@c                cstackCOMRAM 000047
___altoft@exp              cstackCOMRAM 00004F
___altoft@sign             cstackCOMRAM 000050
___awdiv                   text30       001470
___awdiv@counter           cstackCOMRAM 000015
___awdiv@dividend          cstackCOMRAM 000011
___awdiv@divisor           cstackCOMRAM 000013
___awdiv@quotient          cstackCOMRAM 000017
___awdiv@sign              cstackCOMRAM 000016
___awtoft                  text27       0018C8
___awtoft@c                cstackCOMRAM 000019
___awtoft@sign             cstackCOMRAM 00001C
___ftadd                   text24       0001F6
___ftadd@exp1              cstackCOMRAM 000037
___ftadd@exp2              cstackCOMRAM 000036
___ftadd@f1                cstackCOMRAM 00002C
___ftadd@f2                cstackCOMRAM 00002F
___ftadd@sign              cstackCOMRAM 000035
___ftdiv                   text26       000DD0
___ftdiv@cntr              cstackCOMRAM 000022
___ftdiv@exp               cstackCOMRAM 000026
___ftdiv@f1                cstackCOMRAM 000019
___ftdiv@f2                cstackCOMRAM 00001C
___ftdiv@f3                cstackCOMRAM 000023
___ftdiv@sign              cstackCOMRAM 000027
___ftge                    text18       0013E0
___ftge@ff1                cstackCOMRAM 000011
___ftge@ff2                cstackCOMRAM 000014
___ftmul                   text22       000CDC
___ftmul@cntr              cstackCOMRAM 00002A
___ftmul@exp               cstackCOMRAM 000026
___ftmul@f1                cstackCOMRAM 00001D
___ftmul@f2                cstackCOMRAM 000020
___ftmul@f3_as_product     cstackCOMRAM 000027
___ftmul@sign              cstackCOMRAM 00002B
___ftneg                   text25       00194C
___ftneg@f1                cstackCOMRAM 000011
___ftpack                  text29       0012A2
___ftpack@arg              cstackCOMRAM 000011
___ftpack@exp              cstackCOMRAM 000014
___ftpack@sign             cstackCOMRAM 000015
___ftsub                   text23       001888
___ftsub@f1                cstackCOMRAM 000038
___ftsub@f2                cstackCOMRAM 00003B
___fttol                   text17       000BE8
___fttol@exp1              cstackCOMRAM 000046
___fttol@f1                cstackCOMRAM 000038
___fttol@lval              cstackCOMRAM 000042
___fttol@sign1             cstackCOMRAM 000041
___inthi_sp                stack        000000
___intlo_sp                stack        000000
___lldiv                   text40       0014F4
___lldiv@counter           cstackCOMRAM 00001D
___lldiv@dividend          cstackCOMRAM 000011
___lldiv@divisor           cstackCOMRAM 000015
___lldiv@quotient          cstackCOMRAM 000019
___lltoft                  text28       001660
___lltoft@c                cstackCOMRAM 000019
___lltoft@exp              cstackCOMRAM 000021
___lwdiv                   text36       001716
___lwdiv@counter           cstackCOMRAM 000017
___lwdiv@dividend          cstackCOMRAM 000011
___lwdiv@divisor           cstackCOMRAM 000013
___lwdiv@quotient          cstackCOMRAM 000015
___lwmod                   text35       001846
___lwmod@counter           cstackCOMRAM 00001C
___lwmod@dividend          cstackCOMRAM 000018
___lwmod@divisor           cstackCOMRAM 00001A
___param_bank              (abs)        000000
___rparam_used             (abs)        000001
___sp                      stack        000000
___wmul                    text21       001926
___wmul@multiplicand       cstackCOMRAM 000013
___wmul@multiplier         cstackCOMRAM 000011
___wmul@product            cstackCOMRAM 000015
__accesstop                (abs)        000080
__activetblptr             (abs)        000002
__end_of_I2C_Master_Init   text39       001716
__end_of_I2C_Master_Read   text7        001926
__end_of_I2C_Master_Start  text6        0019CA
__end_of_I2C_Master_Stop   text5        0019C2
__end_of_I2C_Master_Wait   text8        001998
__end_of_I2C_Master_Write  text4        0019BA
__end_of___altoft          text19       0015EE
__end_of___awdiv           text30       0014F4
__end_of___awtoft          text27       001900
__end_of___ftadd           text24       0003A2
__end_of___ftdiv           text26       000EB6
__end_of___ftge            text18       001470
__end_of___ftmul           text22       000DD0
__end_of___ftneg           text25       001970
__end_of___ftpack          text29       001350
__end_of___ftsub           text23       0018C8
__end_of___fttol           text17       000CDC
__end_of___lldiv           text40       001576
__end_of___lltoft          text28       0016BC
__end_of___lwdiv           text36       001768
__end_of___lwmod           text35       001888
__end_of___wmul            text21       00194C
__end_of__initialization   cinit        001978
__end_of_bottle_count      text32       0008C6
__end_of_dec_to_hex        text10       000AEC
__end_of_dpowers           mediumconst  00FC18
__end_of_eval_poly         text20       001066
__end_of_exp               text13       0001F6
__end_of_floor             text15       000F94
__end_of_frexp             text16       0013E0
__end_of_happynewyear      mediumconst  00FC1F
__end_of_initLCD           text31       001846
__end_of_init_operation    text2        0012A2
__end_of_keypressed        intcode_body 00112E
__end_of_keys              mediumconst  00FC0E
__end_of_lcdInst           text37       0019B0
__end_of_lcdNibble         text38       0017B6
__end_of_ldexp             text14       0011F0
__end_of_log               text12       0009E0
__end_of_main              text0        000BE8
__end_of_pow               text11       00051E
__end_of_printf            text33       00066C
__end_of_putch             text34       0019A4
__end_of_runtime           text1        001800
__end_of_time_difference   text9        0007A4
__end_of_update_time       text3        001660
__end_ofexp@coeff          mediumconst  00FC3D
__end_oflog@coeff          mediumconst  00FC58
__initialization           cinit        001970
__mediumconst              mediumconst  00FBFC
__pbssBANK0                bssBANK0     0000D4
__pbssCOMRAM               bssCOMRAM    00006C
__pcinit                   cinit        001970
__pcstackBANK0             cstackBANK0  000080
__pcstackCOMRAM            cstackCOMRAM 000001
__pintcode                 intcode      000008
__pintcode_body            intcode_body 001066
__pmediumconst             mediumconst  00FBFC
__ptext0                   text0        000AEC
__ptext1                   text1        0017B6
__ptext10                  text10       0009E0
__ptext11                  text11       0003A2
__ptext12                  text12       0008C6
__ptext13                  text13       000012
__ptext14                  text14       00112E
__ptext15                  text15       000EB6
__ptext16                  text16       001350
__ptext17                  text17       000BE8
__ptext18                  text18       0013E0
__ptext19                  text19       001576
__ptext2                   text2        0011F0
__ptext20                  text20       000F94
__ptext21                  text21       001926
__ptext22                  text22       000CDC
__ptext23                  text23       001888
__ptext24                  text24       0001F6
__ptext25                  text25       00194C
__ptext26                  text26       000DD0
__ptext27                  text27       0018C8
__ptext28                  text28       001660
__ptext29                  text29       0012A2
__ptext3                   text3        0015EE
__ptext30                  text30       001470
__ptext31                  text31       001800
__ptext32                  text32       0007A4
__ptext33                  text33       00051E
__ptext34                  text34       001998
__ptext35                  text35       001846
__ptext36                  text36       001716
__ptext37                  text37       0019A4
__ptext38                  text38       001768
__ptext39                  text39       0016BC
__ptext4                   text4        0019B0
__ptext40                  text40       0014F4
__ptext5                   text5        0019BA
__ptext6                   text6        0019C2
__ptext7                   text7        001900
__ptext8                   text8        001986
__ptext9                   text9        00066C
__ramtop                   ramtop       001000
__size_of_I2C_Master_Init  (abs)        000000
__size_of_I2C_Master_Read  (abs)        000000
__size_of_I2C_Master_Start (abs)        000000
__size_of_I2C_Master_Stop  (abs)        000000
__size_of_I2C_Master_Wait  (abs)        000000
__size_of_I2C_Master_Write (abs)        000000
__size_of___altoft         (abs)        000000
__size_of___awdiv          (abs)        000000
__size_of___awtoft         (abs)        000000
__size_of___ftadd          (abs)        000000
__size_of___ftdiv          (abs)        000000
__size_of___ftge           (abs)        000000
__size_of___ftmul          (abs)        000000
__size_of___ftneg          (abs)        000000
__size_of___ftpack         (abs)        000000
__size_of___ftsub          (abs)        000000
__size_of___fttol          (abs)        000000
__size_of___lldiv          (abs)        000000
__size_of___lltoft         (abs)        000000
__size_of___lwdiv          (abs)        000000
__size_of___lwmod          (abs)        000000
__size_of___wmul           (abs)        000000
__size_of_bottle_count     (abs)        000000
__size_of_dec_to_hex       (abs)        000000
__size_of_eval_poly        (abs)        000000
__size_of_exp              (abs)        000000
__size_of_floor            (abs)        000000
__size_of_frexp            (abs)        000000
__size_of_initLCD          (abs)        000000
__size_of_init_operation   (abs)        000000
__size_of_keypressed       (abs)        000000
__size_of_lcdInst          (abs)        000000
__size_of_lcdNibble        (abs)        000000
__size_of_ldexp            (abs)        000000
__size_of_log              (abs)        000000
__size_of_main             (abs)        000000
__size_of_pow              (abs)        000000
__size_of_printf           (abs)        000000
__size_of_putch            (abs)        000000
__size_of_runtime          (abs)        000000
__size_of_time_difference  (abs)        000000
__size_of_update_time      (abs)        000000
__smallconst               smallconst   000000
_bottle_count              text32       0007A4
_curr_state                bssBANK0     0000D4
_dec_to_hex                text10       0009E0
_dec_to_hex$1062           cstackBANK0  00008B
_dec_to_hex$1063           cstackBANK0  00008E
_dpowers                   mediumconst  00FC0E
_errno                     bssCOMRAM    00006C
_eval_poly                 text20       000F94
_exp                       text13       000012
_exp$1066                  cstackCOMRAM 00005C
_floor                     text15       000EB6
_frexp                     text16       001350
_happynewyear              mediumconst  00FC18
_initLCD                   text31       001800
_init_operation            text2        0011F0
_keypressed                intcode      000008
_keys                      mediumconst  00FBFD
_lcdInst                   text37       0019A4
_lcdNibble                 text38       001768
_ldexp                     text14       00112E
_log                       text12       0008C6
_main                      text0        000AEC
_nRBPU                     (abs)        007F8F
_pow                       text11       0003A2
_pow$1064                  cstackBANK0  000080
_pow$1065                  cstackBANK0  000083
_printf                    text33       00051E
_putch                     text34       001998
_runtime                   text1        0017B6
_time_difference           text9        00066C
_update_time               text3        0015EE
btemp                      temp         00006E
dec_to_hex@hexnum          cstackBANK0  000095
dec_to_hex@i               cstackBANK0  000093
dec_to_hex@num             cstackCOMRAM 000068
dec_to_hex@quotient        cstackBANK0  000097
dec_to_hex@temp            cstackBANK0  000091
end_of_initialization      cinit        001978
eval_poly@d                cstackCOMRAM 00003B
eval_poly@n                cstackCOMRAM 00003D
eval_poly@res              cstackCOMRAM 000041
eval_poly@x                cstackCOMRAM 000038
exp@coeff                  mediumconst  00FC1F
exp@exponent               cstackCOMRAM 00005F
exp@sign                   cstackCOMRAM 000061
exp@x                      cstackCOMRAM 000059
floor@expon                cstackCOMRAM 000057
floor@i                    cstackCOMRAM 000054
floor@x                    cstackCOMRAM 000051
frexp@eptr                 cstackCOMRAM 000014
frexp@value                cstackCOMRAM 000011
init_operation@start_time  cstackBANK0  0000B7
init_operation@time        cstackBANK0  0000B9
int$flags                  temp         00006E
int_func                   intcode_body 001066
intlevel0                  text         000000
intlevel1                  text         000000
intlevel2                  text         000000
intlevel3                  text         000000
lcdInst@data               cstackCOMRAM 000013
lcdNibble@data             cstackCOMRAM 000012
lcdNibble@temp             cstackCOMRAM 000011
ldexp@newexp               cstackCOMRAM 000047
ldexp@value                cstackCOMRAM 000044
log@coeff                  mediumconst  00FC3D
log@exponent               cstackCOMRAM 000047
log@x                      cstackCOMRAM 000044
main@end_time              cstackBANK0  0000CD
main@start_time            cstackBANK0  0000C6
main@time                  cstackBANK0  0000BF
pow@sign                   cstackBANK0  000086
pow@x                      cstackCOMRAM 000062
pow@y                      cstackCOMRAM 000065
pow@yi                     cstackBANK0  000087
printf@ap                  cstackBANK0  0000B0
printf@c                   cstackBANK0  0000B6
printf@f                   cstackBANK0  0000AC
printf@flag                cstackBANK0  0000B2
printf@prec                cstackBANK0  0000B3
printf@val                 cstackBANK0  0000B4
putch@data                 cstackCOMRAM 000013
runtime@end_time           cstackBANK0  0000B9
runtime@start_time         cstackBANK0  0000B7
stackhi                    (abs)        000EEE
stacklo                    (abs)        0000D5
start                      init         00000E
start_initialization       cinit        001970
time_difference@d1         cstackBANK0  0000A9
time_difference@d2         cstackBANK0  0000AA
time_difference@d3         cstackBANK0  0000AB
time_difference@hr1        cstackBANK0  00009D
time_difference@hr2        cstackBANK0  00009F
time_difference@min1       cstackBANK0  0000A1
time_difference@min2       cstackBANK0  0000A3
time_difference@s1         cstackBANK0  0000A5
time_difference@s2         cstackBANK0  0000A7
time_difference@time1      cstackBANK0  000099
time_difference@time2      cstackBANK0  00009B
update_time@i              cstackCOMRAM 000016
update_time@time           cstackCOMRAM 000014


FUNCTION INFORMATION:

 *************** function _main *****************
 Defined at:
		line 43 in file "main.c"
 Parameters:    Size  Location     Type
		None
 Auto vars:     Size  Location     Type
  end_time        7   77[BANK0 ] unsigned char [7]
  start_time      7   70[BANK0 ] unsigned char [7]
  time            7   63[BANK0 ] unsigned char [7]
 Return value:  Size  Location     Type
                  1    wreg      void 
 Registers used:
		wreg, fsr2l, fsr2h, status,2, status,0, tblptrl, tblptrh, tblptru, prodl, prodh, cstack
 Tracked objects:
		On entry : 
		On exit  : 
		Unchanged: 
 Data sizes:     COMRAM   BANK0   BANK1   BANK2   BANK3   BANK4   BANK5   BANK6   BANK7   BANK8   BANK9  BANK10  BANK11  BANK12  BANK13  BANK14  BANK15
      Params:         0       0       0       0       0       0       0       0       0       0       0       0       0       0       0       0       0
      Locals:         0      21       0       0       0       0       0       0       0       0       0       0       0       0       0       0       0
      Temps:          0       2       0       0       0       0       0       0       0       0       0       0       0       0       0       0       0
      Totals:         0      23       0       0       0       0       0       0       0       0       0       0       0       0       0       0       0
Total ram usage:       23 bytes
 Hardware stack levels required when called:    9
 This function calls:
		_I2C_Master_Init
		_bottle_count
		_initLCD
		_init_operation
		_lcdInst
		_printf
		_runtime
		_update_time
 This function is called by:
		Startup code after reset
 This function uses a non-reentrant model


 *************** function _runtime *****************
 Defined at:
		line 208 in file "main.c"
 Parameters:    Size  Location     Type
  start_time      2   55[BANK0 ] PTR unsigned char 
		 -> main@start_time(7), 
  end_time        2   57[BANK0 ] PTR unsigned char 
		 -> main@end_time(7), 
 Auto vars:     Size  Location     Type
		None
 Return value:  Size  Location     Type
                  1    wreg      void 
 Registers used:
		wreg, fsr2l, fsr2h, status,2, status,0, tblptrl, tblptrh, tblptru, prodl, prodh, cstack
 Tracked objects:
		On entry : 
		On exit  : 
		Unchanged: 
 Data sizes:     COMRAM   BANK0   BANK1   BANK2   BANK3   BANK4   BANK5   BANK6   BANK7   BANK8   BANK9  BANK10  BANK11  BANK12  BANK13  BANK14  BANK15
      Params:         0       4       0       0       0       0       0       0       0       0       0       0       0       0       0       0       0
      Locals:         0       0       0       0       0       0       0       0       0       0       0       0       0       0       0       0       0
      Temps:          0       0       0       0       0       0       0       0       0       0       0       0       0       0       0       0       0
      Totals:         0       4       0       0       0       0       0       0       0       0       0       0       0       0       0       0       0
Total ram usage:        4 bytes
 Hardware stack levels used:    1
 Hardware stack levels required when called:    8
 This function calls:
		_lcdInst
		_printf
		_time_difference
 This function is called by:
		_main
 This function uses a non-reentrant model


 *************** function _init_operation *****************
 Defined at:
		line 194 in file "main.c"
 Parameters:    Size  Location     Type
  start_time      2   55[BANK0 ] PTR unsigned char 
		 -> main@start_time(7), 
  time            2   57[BANK0 ] PTR unsigned char 
		 -> main@time(7), 
 Auto vars:     Size  Location     Type
		None
 Return value:  Size  Location     Type
                  1    wreg      void 
 Registers used:
		wreg, fsr2l, fsr2h, status,2, status,0, tblptrl, tblptrh, tblptru, prodl, prodh, cstack
 Tracked objects:
		On entry : 
		On exit  : 
		Unchanged: 
 Data sizes:     COMRAM   BANK0   BANK1   BANK2   BANK3   BANK4   BANK5   BANK6   BANK7   BANK8   BANK9  BANK10  BANK11  BANK12  BANK13  BANK14  BANK15
      Params:         0       4       0       0       0       0       0       0       0       0       0       0       0       0       0       0       0
      Locals:         0       0       0       0       0       0       0       0       0       0       0       0       0       0       0       0       0
      Temps:          0       2       0       0       0       0       0       0       0       0       0       0       0       0       0       0       0
      Totals:         0       6       0       0       0       0       0       0       0       0       0       0       0       0       0       0       0
Total ram usage:        6 bytes
 Hardware stack levels used:    1
 Hardware stack levels required when called:    8
 This function calls:
		_initLCD
		_lcdInst
		_printf
		_time_difference
		_update_time
 This function is called by:
		_main
 This function uses a non-reentrant model


 *************** function _update_time *****************
 Defined at:
		line 146 in file "main.c"
 Parameters:    Size  Location     Type
  time            2   19[COMRAM] PTR unsigned char 
		 -> main@end_time(7), main@time(7), main@start_time(7), 
 Auto vars:     Size  Location     Type
  i               1   21[COMRAM] unsigned char 
 Return value:  Size  Location     Type
                  1    wreg      void 
 Registers used:
		wreg, fsr2l, fsr2h, status,2, status,0, prodl, prodh, cstack
 Tracked objects:
		On entry : 
		On exit  : 
		Unchanged: 
 Data sizes:     COMRAM   BANK0   BANK1   BANK2   BANK3   BANK4   BANK5   BANK6   BANK7   BANK8   BANK9  BANK10  BANK11  BANK12  BANK13  BANK14  BANK15
      Params:         2       0       0       0       0       0       0       0       0       0       0       0       0       0       0       0       0
      Locals:         1       0       0       0       0       0       0       0       0       0       0       0       0       0       0       0       0
      Temps:          0       0       0       0       0       0       0       0       0       0       0       0       0       0       0       0       0
      Totals:         3       0       0       0       0       0       0       0       0       0       0       0       0       0       0       0       0
Total ram usage:        3 bytes
 Hardware stack levels used:    1
 Hardware stack levels required when called:    3
 This function calls:
		_I2C_Master_Read
		_I2C_Master_Start
		_I2C_Master_Stop
		_I2C_Master_Write
 This function is called by:
		_main
		_init_operation
 This function uses a non-reentrant model


 *************** function _I2C_Master_Write *****************
 Defined at:
		line 47 in file "I2C.c"
 Parameters:    Size  Location     Type
  d               2   17[COMRAM] unsigned int 
 Auto vars:     Size  Location     Type
		None
 Return value:  Size  Location     Type
                  1    wreg      void 
 Registers used:
		wreg, status,2, status,0, cstack
 Tracked objects:
		On entry : 
		On exit  : 
		Unchanged: 
 Data sizes:     COMRAM   BANK0   BANK1   BANK2   BANK3   BANK4   BANK5   BANK6   BANK7   BANK8   BANK9  BANK10  BANK11  BANK12  BANK13  BANK14  BANK15
      Params:         2       0       0       0       0       0       0       0       0       0       0       0       0       0       0       0       0
      Locals:         0       0       0       0       0       0       0       0       0       0       0       0       0       0       0       0       0
      Temps:          0       0       0       0       0       0       0       0       0       0       0       0       0       0       0       0       0
      Totals:         2       0       0       0       0       0       0       0       0       0       0       0       0       0       0       0       0
Total ram usage:        2 bytes
 Hardware stack levels used:    1
 Hardware stack levels required when called:    2
 This function calls:
		_I2C_Master_Wait
 This function is called by:
		_update_time
		_set_time
 This function uses a non-reentrant model


 *************** function _I2C_Master_Stop *****************
 Defined at:
		line 41 in file "I2C.c"
 Parameters:    Size  Location     Type
		None
 Auto vars:     Size  Location     Type
		None
 Return value:  Size  Location     Type
                  2   56[None  ] int 
 Registers used:
		wreg, status,2, status,0, cstack
 Tracked objects:
		On entry : 
		On exit  : 
		Unchanged: 
 Data sizes:     COMRAM   BANK0   BANK1   BANK2   BANK3   BANK4   BANK5   BANK6   BANK7   BANK8   BANK9  BANK10  BANK11  BANK12  BANK13  BANK14  BANK15
      Params:         0       0       0       0       0       0       0       0       0       0       0       0       0       0       0       0       0
      Locals:         0       0       0       0       0       0       0       0       0       0       0       0       0       0       0       0       0
      Temps:          0       0       0       0       0       0       0       0       0       0       0       0       0       0       0       0       0
      Totals:         0       0       0       0       0       0       0       0       0       0       0       0       0       0       0       0       0
Total ram usage:        0 bytes
 Hardware stack levels used:    1
 Hardware stack levels required when called:    2
 This function calls:
		_I2C_Master_Wait
 This function is called by:
		_update_time
		_set_time
 This function uses a non-reentrant model


 *************** function _I2C_Master_Start *****************
 Defined at:
		line 29 in file "I2C.c"
 Parameters:    Size  Location     Type
		None
 Auto vars:     Size  Location     Type
		None
 Return value:  Size  Location     Type
                  2   52[None  ] int 
 Registers used:
		wreg, status,2, status,0, cstack
 Tracked objects:
		On entry : 
		On exit  : 
		Unchanged: 
 Data sizes:     COMRAM   BANK0   BANK1   BANK2   BANK3   BANK4   BANK5   BANK6   BANK7   BANK8   BANK9  BANK10  BANK11  BANK12  BANK13  BANK14  BANK15
      Params:         0       0       0       0       0       0       0       0       0       0       0       0       0       0       0       0       0
      Locals:         0       0       0       0       0       0       0       0       0       0       0       0       0       0       0       0       0
      Temps:          0       0       0       0       0       0       0       0       0       0       0       0       0       0       0       0       0
      Totals:         0       0       0       0       0       0       0       0       0       0       0       0       0       0       0       0       0
Total ram usage:        0 bytes
 Hardware stack levels used:    1
 Hardware stack levels required when called:    2
 This function calls:
		_I2C_Master_Wait
 This function is called by:
		_update_time
		_set_time
 This function uses a non-reentrant model


 *************** function _I2C_Master_Read *****************
 Defined at:
		line 53 in file "I2C.c"
 Parameters:    Size  Location     Type
  a               1    wreg     unsigned char 
 Auto vars:     Size  Location     Type
  a               1   17[COMRAM] unsigned char 
  temp            1   18[COMRAM] unsigned char 
 Return value:  Size  Location     Type
                  1    wreg      unsigned char 
 Registers used:
		wreg, status,2, status,0, cstack
 Tracked objects:
		On entry : 
		On exit  : 
		Unchanged: 
 Data sizes:     COMRAM   BANK0   BANK1   BANK2   BANK3   BANK4   BANK5   BANK6   BANK7   BANK8   BANK9  BANK10  BANK11  BANK12  BANK13  BANK14  BANK15
      Params:         0       0       0       0       0       0       0       0       0       0       0       0       0       0       0       0       0
      Locals:         2       0       0       0       0       0       0       0       0       0       0       0       0       0       0       0       0
      Temps:          0       0       0       0       0       0       0       0       0       0       0       0       0       0       0       0       0
      Totals:         2       0       0       0       0       0       0       0       0       0       0       0       0       0       0       0       0
Total ram usage:        2 bytes
 Hardware stack levels used:    1
 Hardware stack levels required when called:    2
 This function calls:
		_I2C_Master_Wait
 This function is called by:
		_update_time
 This function uses a non-reentrant model


 *************** function _I2C_Master_Wait *****************
 Defined at:
		line 24 in file "I2C.c"
 Parameters:    Size  Location     Type
		None
 Auto vars:     Size  Location     Type
		None
 Return value:  Size  Location     Type
                  1    wreg      void 
 Registers used:
		wreg, status,2, status,0
 Tracked objects:
		On entry : 
		On exit  : 
		Unchanged: 
 Data sizes:     COMRAM   BANK0   BANK1   BANK2   BANK3   BANK4   BANK5   BANK6   BANK7   BANK8   BANK9  BANK10  BANK11  BANK12  BANK13  BANK14  BANK15
      Params:         0       0       0       0       0       0       0       0       0       0       0       0       0       0       0       0       0
      Locals:         0       0       0       0       0       0       0       0       0       0       0       0       0       0       0       0       0
      Temps:          1       0       0       0       0       0       0       0       0       0       0       0       0       0       0       0       0
      Totals:         1       0       0       0       0       0       0       0       0       0       0       0       0       0       0       0       0
Total ram usage:        1 bytes
 Hardware stack levels used:    1
 Hardware stack levels required when called:    1
 This function calls:
		Nothing
 This function is called by:
		_I2C_Master_Start
		_I2C_Master_Stop
		_I2C_Master_Write
		_I2C_Master_Read
		_I2C_Master_RepeatedStart
 This function uses a non-reentrant model


 *************** function _time_difference *****************
 Defined at:
		line 182 in file "main.c"
 Parameters:    Size  Location     Type
  time1           2   25[BANK0 ] PTR unsigned char 
		 -> main@end_time(7), main@time(7), 
  time2           2   27[BANK0 ] PTR unsigned char 
		 -> main@start_time(7), 
 Auto vars:     Size  Location     Type
  s2              2   39[BANK0 ] int 
  s1              2   37[BANK0 ] int 
  min2            2   35[BANK0 ] int 
  min1            2   33[BANK0 ] int 
  hr2             2   31[BANK0 ] int 
  hr1             2   29[BANK0 ] int 
  d3              1   43[BANK0 ] unsigned char 
  d2              1   42[BANK0 ] unsigned char 
  d1              1   41[BANK0 ] unsigned char 
 Return value:  Size  Location     Type
                  2   25[BANK0 ] int 
 Registers used:
		wreg, fsr2l, fsr2h, status,2, status,0, tblptrl, tblptrh, tblptru, prodl, prodh, cstack
 Tracked objects:
		On entry : 
		On exit  : 
		Unchanged: 
 Data sizes:     COMRAM   BANK0   BANK1   BANK2   BANK3   BANK4   BANK5   BANK6   BANK7   BANK8   BANK9  BANK10  BANK11  BANK12  BANK13  BANK14  BANK15
      Params:         0       4       0       0       0       0       0       0       0       0       0       0       0       0       0       0       0
      Locals:         0      15       0       0       0       0       0       0       0       0       0       0       0       0       0       0       0
      Temps:          1       0       0       0       0       0       0       0       0       0       0       0       0       0       0       0       0
      Totals:         1      19       0       0       0       0       0       0       0       0       0       0       0       0       0       0       0
Total ram usage:       20 bytes
 Hardware stack levels used:    1
 Hardware stack levels required when called:    7
 This function calls:
		___wmul
		_dec_to_hex
 This function is called by:
		_init_operation
		_runtime
 This function uses a non-reentrant model


 *************** function _dec_to_hex *****************
 Defined at:
		line 168 in file "main.c"
 Parameters:    Size  Location     Type
  num             2  103[COMRAM] int 
 Auto vars:     Size  Location     Type
  quotient        2   23[BANK0 ] int 
  hexnum          2   21[BANK0 ] int 
  i               2   19[BANK0 ] int 
  temp            2   17[BANK0 ] int 
 Return value:  Size  Location     Type
                  2  103[COMRAM] int 
 Registers used:
		wreg, fsr2l, fsr2h, status,2, status,0, tblptrl, tblptrh, tblptru, prodl, prodh, cstack
 Tracked objects:
		On entry : 
		On exit  : 
		Unchanged: 
 Data sizes:     COMRAM   BANK0   BANK1   BANK2   BANK3   BANK4   BANK5   BANK6   BANK7   BANK8   BANK9  BANK10  BANK11  BANK12  BANK13  BANK14  BANK15
      Params:         2       0       0       0       0       0       0       0       0       0       0       0       0       0       0       0       0
      Locals:         0      14       0       0       0       0       0       0       0       0       0       0       0       0       0       0       0
      Temps:          0       0       0       0       0       0       0       0       0       0       0       0       0       0       0       0       0
      Totals:         2      14       0       0       0       0       0       0       0       0       0       0       0       0       0       0       0
Total ram usage:       16 bytes
 Hardware stack levels used:    1
 Hardware stack levels required when called:    6
 This function calls:
		___awdiv
		___awtoft
		___ftadd
		___ftmul
		___fttol
		_pow
 This function is called by:
		_time_difference
 This function uses a non-reentrant model


 *************** function _pow *****************
 Defined at:
		line 5 in file "C:\Program Files (x86)\Microchip\xc8\v1.40\sources\common\pow.c"
 Parameters:    Size  Location     Type
  x               3   97[COMRAM] int 
  y               3  100[COMRAM] int 
 Auto vars:     Size  Location     Type
  yi              4    7[BANK0 ] unsigned long 
  sign            1    6[BANK0 ] unsigned char 
 Return value:  Size  Location     Type
                  3   97[COMRAM] unsigned char 
 Registers used:
		wreg, fsr2l, fsr2h, status,2, status,0, tblptrl, tblptrh, tblptru, prodl, prodh, cstack
 Tracked objects:
		On entry : 
		On exit  : 
		Unchanged: 
 Data sizes:     COMRAM   BANK0   BANK1   BANK2   BANK3   BANK4   BANK5   BANK6   BANK7   BANK8   BANK9  BANK10  BANK11  BANK12  BANK13  BANK14  BANK15
      Params:         6       0       0       0       0       0       0       0       0       0       0       0       0       0       0       0       0
      Locals:         0      11       0       0       0       0       0       0       0       0       0       0       0       0       0       0       0
      Temps:          0       0       0       0       0       0       0       0       0       0       0       0       0       0       0       0       0
      Totals:         6      11       0       0       0       0       0       0       0       0       0       0       0       0       0       0       0
Total ram usage:       17 bytes
 Hardware stack levels used:    1
 Hardware stack levels required when called:    5
 This function calls:
		___ftge
		___ftmul
		___ftneg
		___fttol
		___lltoft
		_exp
		_log
 This function is called by:
		_dec_to_hex
 This function uses a non-reentrant model


 *************** function _log *****************
 Defined at:
		line 5 in file "C:\Program Files (x86)\Microchip\xc8\v1.40\sources\common\log.c"
 Parameters:    Size  Location     Type
  x               3   67[COMRAM] unsigned char 
 Auto vars:     Size  Location     Type
  exponent        2   70[COMRAM] int 
 Return value:  Size  Location     Type
                  3   67[COMRAM] int 
 Registers used:
		wreg, fsr2l, fsr2h, status,2, status,0, tblptrl, tblptrh, tblptru, prodl, prodh, cstack
 Tracked objects:
		On entry : 
		On exit  : 
		Unchanged: 
 Data sizes:     COMRAM   BANK0   BANK1   BANK2   BANK3   BANK4   BANK5   BANK6   BANK7   BANK8   BANK9  BANK10  BANK11  BANK12  BANK13  BANK14  BANK15
      Params:         3       0       0       0       0       0       0       0       0       0       0       0       0       0       0       0       0
      Locals:         2       0       0       0       0       0       0       0       0       0       0       0       0       0       0       0       0
      Temps:          0       0       0       0       0       0       0       0       0       0       0       0       0       0       0       0       0
      Totals:         5       0       0       0       0       0       0       0       0       0       0       0       0       0       0       0       0
Total ram usage:        5 bytes
 Hardware stack levels used:    1
 Hardware stack levels required when called:    4
 This function calls:
		___awtoft
		___ftadd
		___ftmul
		_eval_poly
		_frexp
 This function is called by:
		_pow
 This function uses a non-reentrant model


 *************** function _exp *****************
 Defined at:
		line 12 in file "C:\Program Files (x86)\Microchip\xc8\v1.40\sources\common\exp.c"
 Parameters:    Size  Location     Type
  x               3   88[COMRAM] int 
 Auto vars:     Size  Location     Type
  exponent        2   94[COMRAM] int 
  sign            1   96[COMRAM] unsigned char 
 Return value:  Size  Location     Type
                  3   88[COMRAM] unsigned char 
 Registers used:
		wreg, fsr2l, fsr2h, status,2, status,0, tblptrl, tblptrh, tblptru, prodl, prodh, cstack
 Tracked objects:
		On entry : 
		On exit  : 
		Unchanged: 
 Data sizes:     COMRAM   BANK0   BANK1   BANK2   BANK3   BANK4   BANK5   BANK6   BANK7   BANK8   BANK9  BANK10  BANK11  BANK12  BANK13  BANK14  BANK15
      Params:         3       0       0       0       0       0       0       0       0       0       0       0       0       0       0       0       0
      Locals:         6       0       0       0       0       0       0       0       0       0       0       0       0       0       0       0       0
      Temps:          0       0       0       0       0       0       0       0       0       0       0       0       0       0       0       0       0
      Totals:         9       0       0       0       0       0       0       0       0       0       0       0       0       0       0       0       0
Total ram usage:        9 bytes
 Hardware stack levels used:    1
 Hardware stack levels required when called:    4
 This function calls:
		___awtoft
		___ftdiv
		___ftge
		___ftmul
		___ftneg
		___ftsub
		___fttol
		_eval_poly
		_floor
		_ldexp
 This function is called by:
		_pow
 This function uses a non-reentrant model


 *************** function _ldexp *****************
 Defined at:
		line 277 in file "C:\Program Files (x86)\Microchip\xc8\v1.40\sources\common\frexp.c"
 Parameters:    Size  Location     Type
  value           3   67[COMRAM] unsigned char 
  newexp          2   70[COMRAM] int 
 Auto vars:     Size  Location     Type
		None
 Return value:  Size  Location     Type
                  3   67[COMRAM] int 
 Registers used:
		wreg, status,2, status,0
 Tracked objects:
		On entry : 
		On exit  : 
		Unchanged: 
 Data sizes:     COMRAM   BANK0   BANK1   BANK2   BANK3   BANK4   BANK5   BANK6   BANK7   BANK8   BANK9  BANK10  BANK11  BANK12  BANK13  BANK14  BANK15
      Params:         5       0       0       0       0       0       0       0       0       0       0       0       0       0       0       0       0
      Locals:         0       0       0       0       0       0       0       0       0       0       0       0       0       0       0       0       0
      Temps:          2       0       0       0       0       0       0       0       0       0       0       0       0       0       0       0       0
      Totals:         7       0       0       0       0       0       0       0       0       0       0       0       0       0       0       0       0
Total ram usage:        7 bytes
 Hardware stack levels used:    1
 Hardware stack levels required when called:    1
 This function calls:
		Nothing
 This function is called by:
		_exp
 This function uses a non-reentrant model


 *************** function _floor *****************
 Defined at:
		line 13 in file "C:\Program Files (x86)\Microchip\xc8\v1.40\sources\common\floor.c"
 Parameters:    Size  Location     Type
  x               3   80[COMRAM] int 
 Auto vars:     Size  Location     Type
  i               3   83[COMRAM] int 
  expon           2   86[COMRAM] int 
 Return value:  Size  Location     Type
                  3   80[COMRAM] int 
 Registers used:
		wreg, fsr2l, fsr2h, status,2, status,0, cstack
 Tracked objects:
		On entry : 
		On exit  : 
		Unchanged: 
 Data sizes:     COMRAM   BANK0   BANK1   BANK2   BANK3   BANK4   BANK5   BANK6   BANK7   BANK8   BANK9  BANK10  BANK11  BANK12  BANK13  BANK14  BANK15
      Params:         3       0       0       0       0       0       0       0       0       0       0       0       0       0       0       0       0
      Locals:         5       0       0       0       0       0       0       0       0       0       0       0       0       0       0       0       0
      Temps:          0       0       0       0       0       0       0       0       0       0       0       0       0       0       0       0       0
      Totals:         8       0       0       0       0       0       0       0       0       0       0       0       0       0       0       0       0
Total ram usage:        8 bytes
 Hardware stack levels used:    1
 Hardware stack levels required when called:    3
 This function calls:
		___altoft
		___ftadd
		___ftge
		___fttol
		_frexp
 This function is called by:
		_exp
 This function uses a non-reentrant model


 *************** function _frexp *****************
 Defined at:
		line 254 in file "C:\Program Files (x86)\Microchip\xc8\v1.40\sources\common\frexp.c"
 Parameters:    Size  Location     Type
  value           3   16[COMRAM] int 
  eptr            2   19[COMRAM] PTR int 
		 -> log@exponent(2), floor@expon(2), 
 Auto vars:     Size  Location     Type
		None
 Return value:  Size  Location     Type
                  3   16[COMRAM] PTR int 
 Registers used:
		wreg, fsr2l, fsr2h, status,2, status,0
 Tracked objects:
		On entry : 
		On exit  : 
		Unchanged: 
 Data sizes:     COMRAM   BANK0   BANK1   BANK2   BANK3   BANK4   BANK5   BANK6   BANK7   BANK8   BANK9  BANK10  BANK11  BANK12  BANK13  BANK14  BANK15
      Params:         5       0       0       0       0       0       0       0       0       0       0       0       0       0       0       0       0
      Locals:         0       0       0       0       0       0       0       0       0       0       0       0       0       0       0       0       0
      Temps:          2       0       0       0       0       0       0       0       0       0       0       0       0       0       0       0       0
      Totals:         7       0       0       0       0       0       0       0       0       0       0       0       0       0       0       0       0
Total ram usage:        7 bytes
 Hardware stack levels used:    1
 Hardware stack levels required when called:    1
 This function calls:
		Nothing
 This function is called by:
		_floor
		_log
 This function uses a non-reentrant model


 *************** function ___fttol *****************
 Defined at:
		line 44 in file "C:\Program Files (x86)\Microchip\xc8\v1.40\sources\common\fttol.c"
 Parameters:    Size  Location     Type
  f1              3   55[COMRAM] float 
 Auto vars:     Size  Location     Type
  lval            4   65[COMRAM] unsigned long 
  exp1            1   69[COMRAM] unsigned char 
  sign1           1   64[COMRAM] unsigned char 
 Return value:  Size  Location     Type
                  4   55[COMRAM] long 
 Registers used:
		wreg, status,2, status,0
 Tracked objects:
		On entry : 
		On exit  : 
		Unchanged: 
 Data sizes:     COMRAM   BANK0   BANK1   BANK2   BANK3   BANK4   BANK5   BANK6   BANK7   BANK8   BANK9  BANK10  BANK11  BANK12  BANK13  BANK14  BANK15
      Params:         4       0       0       0       0       0       0       0       0       0       0       0       0       0       0       0       0
      Locals:         6       0       0       0       0       0       0       0       0       0       0       0       0       0       0       0       0
      Temps:          5       0       0       0       0       0       0       0       0       0       0       0       0       0       0       0       0
      Totals:        15       0       0       0       0       0       0       0       0       0       0       0       0       0       0       0       0
Total ram usage:       15 bytes
 Hardware stack levels used:    1
 Hardware stack levels required when called:    1
 This function calls:
		Nothing
 This function is called by:
		_dec_to_hex
		_pow
		_exp
		_floor
 This function uses a non-reentrant model


 *************** function ___ftge *****************
 Defined at:
		line 4 in file "C:\Program Files (x86)\Microchip\xc8\v1.40\sources\common\ftge.c"
 Parameters:    Size  Location     Type
  ff1             3   16[COMRAM] float 
  ff2             3   19[COMRAM] float 
 Auto vars:     Size  Location     Type
		None
 Return value:  Size  Location     Type
		None               void
 Registers used:
		wreg, status,2, status,0
 Tracked objects:
		On entry : 
		On exit  : 
		Unchanged: 
 Data sizes:     COMRAM   BANK0   BANK1   BANK2   BANK3   BANK4   BANK5   BANK6   BANK7   BANK8   BANK9  BANK10  BANK11  BANK12  BANK13  BANK14  BANK15
      Params:         6       0       0       0       0       0       0       0       0       0       0       0       0       0       0       0       0
      Locals:         0       0       0       0       0       0       0       0       0       0       0       0       0       0       0       0       0
      Temps:          3       0       0       0       0       0       0       0       0       0       0       0       0       0       0       0       0
      Totals:         9       0       0       0       0       0       0       0       0       0       0       0       0       0       0       0       0
Total ram usage:        9 bytes
 Hardware stack levels used:    1
 Hardware stack levels required when called:    1
 This function calls:
		Nothing
 This function is called by:
		_pow
		_exp
		_floor
 This function uses a non-reentrant model


 *************** function ___altoft *****************
 Defined at:
		line 42 in file "C:\Program Files (x86)\Microchip\xc8\v1.40\sources\common\altoft.c"
 Parameters:    Size  Location     Type
  c               4   70[COMRAM] long 
 Auto vars:     Size  Location     Type
  sign            1   79[COMRAM] unsigned char 
  exp             1   78[COMRAM] unsigned char 
 Return value:  Size  Location     Type
                  3   70[COMRAM] float 
 Registers used:
		wreg, status,2, status,0, cstack
 Tracked objects:
		On entry : 
		On exit  : 
		Unchanged: 
 Data sizes:     COMRAM   BANK0   BANK1   BANK2   BANK3   BANK4   BANK5   BANK6   BANK7   BANK8   BANK9  BANK10  BANK11  BANK12  BANK13  BANK14  BANK15
      Params:         4       0       0       0       0       0       0       0       0       0       0       0       0       0       0       0       0
      Locals:         2       0       0       0       0       0       0       0       0       0       0       0       0       0       0       0       0
      Temps:          4       0       0       0       0       0       0       0       0       0       0       0       0       0       0       0       0
      Totals:        10       0       0       0       0       0       0       0       0       0       0       0       0       0       0       0       0
Total ram usage:       10 bytes
 Hardware stack levels used:    1
 Hardware stack levels required when called:    2
 This function calls:
		___ftpack
 This function is called by:
		_floor
 This function uses a non-reentrant model


 *************** function _eval_poly *****************
 Defined at:
		line 4 in file "C:\Program Files (x86)\Microchip\xc8\v1.40\sources\common\evalpoly.c"
 Parameters:    Size  Location     Type
  x               3   55[COMRAM] float 
  d               2   58[COMRAM] PTR const 
		 -> log@coeff(27), exp@coeff(30), 
  n               2   60[COMRAM] int 
 Auto vars:     Size  Location     Type
  res             3   64[COMRAM] int 
 Return value:  Size  Location     Type
                  3   55[COMRAM] int 
 Registers used:
		wreg, status,2, status,0, tblptrl, tblptrh, tblptru, prodl, prodh, cstack
 Tracked objects:
		On entry : 
		On exit  : 
		Unchanged: 
 Data sizes:     COMRAM   BANK0   BANK1   BANK2   BANK3   BANK4   BANK5   BANK6   BANK7   BANK8   BANK9  BANK10  BANK11  BANK12  BANK13  BANK14  BANK15
      Params:         7       0       0       0       0       0       0       0       0       0       0       0       0       0       0       0       0
      Locals:         3       0       0       0       0       0       0       0       0       0       0       0       0       0       0       0       0
      Temps:          2       0       0       0       0       0       0       0       0       0       0       0       0       0       0       0       0
      Totals:        12       0       0       0       0       0       0       0       0       0       0       0       0       0       0       0       0
Total ram usage:       12 bytes
 Hardware stack levels used:    1
 Hardware stack levels required when called:    3
 This function calls:
		___ftadd
		___ftmul
		___wmul
 This function is called by:
		_exp
		_log
 This function uses a non-reentrant model


 *************** function ___wmul *****************
 Defined at:
		line 15 in file "C:\Program Files (x86)\Microchip\xc8\v1.40\sources\common\Umul16.c"
 Parameters:    Size  Location     Type
  multiplier      2   16[COMRAM] unsigned int 
  multiplicand    2   18[COMRAM] unsigned int 
 Auto vars:     Size  Location     Type
  product         2   20[COMRAM] unsigned int 
 Return value:  Size  Location     Type
                  2   16[COMRAM] unsigned int 
 Registers used:
		wreg, status,2, status,0, prodl, prodh
 Tracked objects:
		On entry : 
		On exit  : 
		Unchanged: 
 Data sizes:     COMRAM   BANK0   BANK1   BANK2   BANK3   BANK4   BANK5   BANK6   BANK7   BANK8   BANK9  BANK10  BANK11  BANK12  BANK13  BANK14  BANK15
      Params:         4       0       0       0       0       0       0       0       0       0       0       0       0       0       0       0       0
[...]
		 -> STR_15(11), STR_14(17), STR_13(11), STR_12(14), 
		 -> STR_11(11), STR_10(16), STR_9(11), STR_8(13), 
		 -> STR_7(11), STR_6(13), STR_5(10), STR_4(16), 
		 -> STR_3(13), STR_2(17), STR_1(27), 
 Auto vars:     Size  Location     Type
  tmpval          4    0        struct .
  cp              3    0        PTR const unsigned char 
  val             2   52[BANK0 ] unsigned int 
  ap              2   48[BANK0 ] PTR void [1]
		 -> ?_printf(2), 
  len             2    0        unsigned int 
  c               1   54[BANK0 ] char 
  prec            1   51[BANK0 ] char 
  flag            1   50[BANK0 ] unsigned char 
 Return value:  Size  Location     Type
                  2   44[BANK0 ] int 
 Registers used:
		wreg, fsr2l, fsr2h, status,2, status,0, tblptrl, tblptrh, tblptru, prodl, prodh, cstack
 Tracked objects:
		On entry : 
		On exit  : 
		Unchanged: 
 Data sizes:     COMRAM   BANK0   BANK1   BANK2   BANK3   BANK4   BANK5   BANK6   BANK7   BANK8   BANK9  BANK10  BANK11  BANK12  BANK13  BANK14  BANK15
      Params:         0       4       0       0       0       0       0       0       0       0       0       0       0       0       0       0       0
      Locals:         0       7       0       0       0       0       0       0       0       0       0       0       0       0       0       0       0
      Temps:          1       0       0       0       0       0       0       0       0       0       0       0       0       0       0       0       0
      Totals:         1      11       0       0       0       0       0       0       0       0       0       0       0       0       0       0       0
Total ram usage:       12 bytes
 Hardware stack levels used:    1
 Hardware stack levels required when called:    3
 This function calls:
		___lwdiv
		___lwmod
		_putch
 This function is called by:
		_main
		_init_operation
		_runtime
		_bottle_count
 This function uses a non-reentrant model


 *************** function _putch *****************
 Defined at:
		line 30 in file "lcd.c"
 Parameters:    Size  Location     Type
  data            1    wreg     unsigned char 
 Auto vars:     Size  Location     Type
  data            1   18[COMRAM] unsigned char 
 Return value:  Size  Location     Type
                  1    wreg      void 
 Registers used:
		wreg, status,2, status,0, cstack
 Tracked objects:
		On entry : 
		On exit  : 
		Unchanged: 
 Data sizes:     COMRAM   BANK0   BANK1   BANK2   BANK3   BANK4   BANK5   BANK6   BANK7   BANK8   BANK9  BANK10  BANK11  BANK12  BANK13  BANK14  BANK15
      Params:         0       0       0       0       0       0       0       0       0       0       0       0       0       0       0       0       0
      Locals:         1       0       0       0       0       0       0       0       0       0       0       0       0       0       0       0       0
      Temps:          0       0       0       0       0       0       0       0       0       0       0       0       0       0       0       0       0
      Totals:         1       0       0       0       0       0       0       0       0       0       0       0       0       0       0       0       0
Total ram usage:        1 bytes
 Hardware stack levels used:    1
 Hardware stack levels required when called:    2
 This function calls:
		_lcdNibble
 This function is called by:
		_printf
 This function uses a non-reentrant model


 *************** function ___lwmod *****************
 Defined at:
		line 8 in file "C:\Program Files (x86)\Microchip\xc8\v1.40\sources\common\lwmod.c"
 Parameters:    Size  Location     Type
  dividend        2   23[COMRAM] unsigned int 
  divisor         2   25[COMRAM] unsigned int 
 Auto vars:     Size  Location     Type
  counter         1   27[COMRAM] unsigned char 
 Return value:  Size  Location     Type
                  2   23[COMRAM] unsigned int 
 Registers used:
		wreg, status,2, status,0
 Tracked objects:
		On entry : 
		On exit  : 
		Unchanged: 
 Data sizes:     COMRAM   BANK0   BANK1   BANK2   BANK3   BANK4   BANK5   BANK6   BANK7   BANK8   BANK9  BANK10  BANK11  BANK12  BANK13  BANK14  BANK15
      Params:         4       0       0       0       0       0       0       0       0       0       0       0       0       0       0       0       0
      Locals:         1       0       0       0       0       0       0       0       0       0       0       0       0       0       0       0       0
      Temps:          0       0       0       0       0       0       0       0       0       0       0       0       0       0       0       0       0
      Totals:         5       0       0       0       0       0       0       0       0       0       0       0       0       0       0       0       0
Total ram usage:        5 bytes
 Hardware stack levels used:    1
 Hardware stack levels required when called:    1
 This function calls:
		Nothing
 This function is called by:
		_printf
 This function uses a non-reentrant model


 *************** function ___lwdiv *****************
 Defined at:
		line 8 in file "C:\Program Files (x86)\Microchip\xc8\v1.40\sources\common\lwdiv.c"
 Parameters:    Size  Location     Type
  dividend        2   16[COMRAM] unsigned int 
  divisor         2   18[COMRAM] unsigned int 
 Auto vars:     Size  Location     Type
  quotient        2   20[COMRAM] unsigned int 
  counter         1   22[COMRAM] unsigned char 
 Return value:  Size  Location     Type
                  2   16[COMRAM] unsigned int 
 Registers used:
		wreg, status,2, status,0
 Tracked objects:
		On entry : 
		On exit  : 
		Unchanged: 
 Data sizes:     COMRAM   BANK0   BANK1   BANK2   BANK3   BANK4   BANK5   BANK6   BANK7   BANK8   BANK9  BANK10  BANK11  BANK12  BANK13  BANK14  BANK15
      Params:         4       0       0       0       0       0       0       0       0       0       0       0       0       0       0       0       0
      Locals:         3       0       0       0       0       0       0       0       0       0       0       0       0       0       0       0       0
      Temps:          0       0       0       0       0       0       0       0       0       0       0       0       0       0       0       0       0
      Totals:         7       0       0       0       0       0       0       0       0       0       0       0       0       0       0       0       0
Total ram usage:        7 bytes
 Hardware stack levels used:    1
 Hardware stack levels required when called:    1
 This function calls:
		Nothing
 This function is called by:
		_printf
 This function uses a non-reentrant model


 *************** function _lcdInst *****************
 Defined at:
		line 25 in file "lcd.c"
 Parameters:    Size  Location     Type
  data            1    wreg     unsigned char 
 Auto vars:     Size  Location     Type
  data            1   18[COMRAM] unsigned char 
 Return value:  Size  Location     Type
                  1    wreg      void 
 Registers used:
		wreg, status,2, status,0, cstack
 Tracked objects:
		On entry : 
		On exit  : 
		Unchanged: 
 Data sizes:     COMRAM   BANK0   BANK1   BANK2   BANK3   BANK4   BANK5   BANK6   BANK7   BANK8   BANK9  BANK10  BANK11  BANK12  BANK13  BANK14  BANK15
      Params:         0       0       0       0       0       0       0       0       0       0       0       0       0       0       0       0       0
      Locals:         1       0       0       0       0       0       0       0       0       0       0       0       0       0       0       0       0
      Temps:          0       0       0       0       0       0       0       0       0       0       0       0       0       0       0       0       0
      Totals:         1       0       0       0       0       0       0       0       0       0       0       0       0       0       0       0       0
Total ram usage:        1 bytes
 Hardware stack levels used:    1
 Hardware stack levels required when called:    2
 This function calls:
		_lcdNibble
 This function is called by:
		_main
		_init_operation
		_runtime
		_bottle_count
		_initLCD
 This function uses a non-reentrant model


 *************** function _lcdNibble *****************
 Defined at:
		line 35 in file "lcd.c"
 Parameters:    Size  Location     Type
  data            1    wreg     unsigned char 
 Auto vars:     Size  Location     Type
  data            1   17[COMRAM] unsigned char 
  temp            1   16[COMRAM] unsigned char 
 Return value:  Size  Location     Type
                  1    wreg      void 
 Registers used:
		wreg, status,2, status,0
 Tracked objects:
		On entry : 
		On exit  : 
		Unchanged: 
 Data sizes:     COMRAM   BANK0   BANK1   BANK2   BANK3   BANK4   BANK5   BANK6   BANK7   BANK8   BANK9  BANK10  BANK11  BANK12  BANK13  BANK14  BANK15
      Params:         0       0       0       0       0       0       0       0       0       0       0       0       0       0       0       0       0
      Locals:         2       0       0       0       0       0       0       0       0       0       0       0       0       0       0       0       0
      Temps:          0       0       0       0       0       0       0       0       0       0       0       0       0       0       0       0       0
      Totals:         2       0       0       0       0       0       0       0       0       0       0       0       0       0       0       0       0
Total ram usage:        2 bytes
 Hardware stack levels used:    1
 Hardware stack levels required when called:    1
 This function calls:
		Nothing
 This function is called by:
		_lcdInst
		_putch
 This function uses a non-reentrant model


 *************** function _I2C_Master_Init *****************
 Defined at:
		line 13 in file "I2C.c"
 Parameters:    Size  Location     Type
  c               4   29[COMRAM] const unsigned long 
 Auto vars:     Size  Location     Type
		None
 Return value:  Size  Location     Type
                  1    wreg      void 
 Registers used:
		wreg, status,2, status,0, cstack
 Tracked objects:
		On entry : 
		On exit  : 
		Unchanged: 
 Data sizes:     COMRAM   BANK0   BANK1   BANK2   BANK3   BANK4   BANK5   BANK6   BANK7   BANK8   BANK9  BANK10  BANK11  BANK12  BANK13  BANK14  BANK15
      Params:         4       0       0       0       0       0       0       0       0       0       0       0       0       0       0       0       0
      Locals:         0       0       0       0       0       0       0       0       0       0       0       0       0       0       0       0       0
      Temps:          4       0       0       0       0       0       0       0       0       0       0       0       0       0       0       0       0
      Totals:         8       0       0       0       0       0       0       0       0       0       0       0       0       0       0       0       0
Total ram usage:        8 bytes
 Hardware stack levels used:    1
 Hardware stack levels required when called:    2
 This function calls:
		___lldiv
 This function is called by:
		_main
 This function uses a non-reentrant model


 *************** function ___lldiv *****************
 Defined at:
		line 8 in file "C:\Program Files (x86)\Microchip\xc8\v1.40\sources\common\lldiv.c"
 Parameters:    Size  Location     Type
  dividend        4   16[COMRAM] unsigned long 
  divisor         4   20[COMRAM] unsigned long 
 Auto vars:     Size  Location     Type
  quotient        4   24[COMRAM] unsigned long 
  counter         1   28[COMRAM] unsigned char 
 Return value:  Size  Location     Type
                  4   16[COMRAM] unsigned long 
 Registers used:
		wreg, status,2, status,0
 Tracked objects:
		On entry : 
		On exit  : 
		Unchanged: 
 Data sizes:     COMRAM   BANK0   BANK1   BANK2   BANK3   BANK4   BANK5   BANK6   BANK7   BANK8   BANK9  BANK10  BANK11  BANK12  BANK13  BANK14  BANK15
      Params:         8       0       0       0       0       0       0       0       0       0       0       0       0       0       0       0       0
      Locals:         5       0       0       0       0       0       0       0       0       0       0       0       0       0       0       0       0
      Temps:          0       0       0       0       0       0       0       0       0       0       0       0       0       0       0       0       0
      Totals:        13       0       0       0       0       0       0       0       0       0       0       0       0       0       0       0       0
Total ram usage:       13 bytes
 Hardware stack levels used:    1
 Hardware stack levels required when called:    1
 This function calls:
		Nothing
 This function is called by:
		_I2C_Master_Init
 This function uses a non-reentrant model


 *************** function _keypressed *****************
 Defined at:
		line 112 in file "main.c"
 Parameters:    Size  Location     Type
		None
 Auto vars:     Size  Location     Type
		None
 Return value:  Size  Location     Type
                  1    wreg      void 
 Registers used:
		wreg, status,2, status,0
 Tracked objects:
		On entry : 
		On exit  : 
		Unchanged: 
 Data sizes:     COMRAM   BANK0   BANK1   BANK2   BANK3   BANK4   BANK5   BANK6   BANK7   BANK8   BANK9  BANK10  BANK11  BANK12  BANK13  BANK14  BANK15
      Params:         0       0       0       0       0       0       0       0       0       0       0       0       0       0       0       0       0
      Locals:         0       0       0       0       0       0       0       0       0       0       0       0       0       0       0       0       0
      Temps:         16       0       0       0       0       0       0       0       0       0       0       0       0       0       0       0       0
      Totals:        16       0       0       0       0       0       0       0       0       0       0       0       0       0       0       0       0
Total ram usage:       16 bytes
 Hardware stack levels used:    1
 This function calls:
		Nothing
 This function is called by:
		Interrupt level 2
 This function uses a non-reentrant model



MODULE INFORMATION

Module		Function		Class		Link	Load	Size
C:\Program Files (x86)\Microchip\xc8\v1.40\sources\common\awtoft.c
		___awtoft      		CODE           	18C8	0000	57

C:\Program Files (x86)\Microchip\xc8\v1.40\sources\common\awtoft.c estimated size: 57

C:\Program Files (x86)\Microchip\xc8\v1.40\sources\common\altoft.c
		___altoft      		CODE           	1576	0000	121

C:\Program Files (x86)\Microchip\xc8\v1.40\sources\common\altoft.c estimated size: 121

C:\Program Files (x86)\Microchip\xc8\v1.40\sources\common\evalpoly.c
		_eval_poly     		CODE           	0F94	0000	211

C:\Program Files (x86)\Microchip\xc8\v1.40\sources\common\evalpoly.c estimated size: 211

C:\Program Files (x86)\Microchip\xc8\v1.40\sources\common\ftneg.c
		___ftneg       		CODE           	194C	0000	37

C:\Program Files (x86)\Microchip\xc8\v1.40\sources\common\ftneg.c estimated size: 37

C:\Program Files (x86)\Microchip\xc8\v1.40\sources\common\doprnt.c
		_printf        		CODE           	051E	0000	335

C:\Program Files (x86)\Microchip\xc8\v1.40\sources\common\doprnt.c estimated size: 335

C:\Program Files (x86)\Microchip\xc8\v1.40\sources\common\exp.c
		_exp           		CODE           	0012	0000	485

C:\Program Files (x86)\Microchip\xc8\v1.40\sources\common\exp.c estimated size: 485

C:\Program Files (x86)\Microchip\xc8\v1.40\sources\common\lltoft.c
		___lltoft      		CODE           	1660	0000	93

C:\Program Files (x86)\Microchip\xc8\v1.40\sources\common\lltoft.c estimated size: 93

C:\Program Files (x86)\Microchip\xc8\v1.40\sources\common\ftsub.c
		___ftsub       		CODE           	1888	0000	65

C:\Program Files (x86)\Microchip\xc8\v1.40\sources\common\ftsub.c estimated size: 65

C:\Program Files (x86)\Microchip\xc8\v1.40\sources\common\float.c
		___ftpack      		CODE           	12A2	0000	175

C:\Program Files (x86)\Microchip\xc8\v1.40\sources\common\float.c estimated size: 175

I2C.c
		_I2C_Master_Read		CODE           	1900	0000	39
		_I2C_Master_Wait		CODE           	1986	0000	19
		_I2C_Master_Init		CODE           	16BC	0000	91
		_I2C_Master_Stop		CODE           	19BA	0000	9
		_I2C_Master_Write		CODE           	19B0	0000	11
		_I2C_Master_Start		CODE           	19C2	0000	9

I2C.c estimated size: 178

C:\Program Files (x86)\Microchip\xc8\v1.40\sources\common\frexp.c
		_ldexp         		CODE           	112E	0000	195
		_frexp         		CODE           	1350	0000	145

C:\Program Files (x86)\Microchip\xc8\v1.40\sources\common\frexp.c estimated size: 340

C:\Program Files (x86)\Microchip\xc8\v1.40\sources\common\log.c
		_log           		CODE           	08C6	0000	283

C:\Program Files (x86)\Microchip\xc8\v1.40\sources\common\log.c estimated size: 283

C:\Program Files (x86)\Microchip\xc8\v1.40\sources\common\ftge.c
		___ftge        		CODE           	13E0	0000	145

C:\Program Files (x86)\Microchip\xc8\v1.40\sources\common\ftge.c estimated size: 145

C:\Program Files (x86)\Microchip\xc8\v1.40\sources\common\floor.c
		_floor         		CODE           	0EB6	0000	223

C:\Program Files (x86)\Microchip\xc8\v1.40\sources\common\floor.c estimated size: 223

C:\Program Files (x86)\Microchip\xc8\v1.40\sources\common\Umul16.c
		___wmul        		CODE           	1926	0000	39

C:\Program Files (x86)\Microchip\xc8\v1.40\sources\common\Umul16.c estimated size: 39

C:\Program Files (x86)\Microchip\xc8\v1.40\sources\common\lwmod.c
		___lwmod       		CODE           	1846	0000	67

C:\Program Files (x86)\Microchip\xc8\v1.40\sources\common\lwmod.c estimated size: 67

C:\Program Files (x86)\Microchip\xc8\v1.40\sources\common\ftmul.c
		___ftmul       		CODE           	0CDC	0000	245

C:\Program Files (x86)\Microchip\xc8\v1.40\sources\common\ftmul.c estimated size: 245

C:\Program Files (x86)\Microchip\xc8\v1.40\sources\common\ftdiv.c
		___ftdiv       		CODE           	0DD0	0000	231

C:\Program Files (x86)\Microchip\xc8\v1.40\sources\common\ftdiv.c estimated size: 231

C:\Program Files (x86)\Microchip\xc8\v1.40\sources\common\pow.c
		_pow           		CODE           	03A2	0000	381

C:\Program Files (x86)\Microchip\xc8\v1.40\sources\common\pow.c estimated size: 381

shared
		exp@coeff      		MEDIUMCONST    	FC1F	0000	31
		_dpowers       		MEDIUMCONST    	FC0E	0000	11
		_keys          		MEDIUMCONST    	FBFD	0000	18
		__initialization		CODE           	1970	0000	9
		log@coeff      		MEDIUMCONST    	FC3D	0000	28
		_happynewyear  		MEDIUMCONST    	FC18	0000	8

shared estimated size: 105

lcd.c
		_putch         		CODE           	1998	0000	13
		_lcdInst       		CODE           	19A4	0000	13
		_lcdNibble     		CODE           	1768	0000	79
		_initLCD       		CODE           	1800	0000	71

lcd.c estimated size: 176

C:\Program Files (x86)\Microchip\xc8\v1.40\sources\common\fttol.c
		___fttol       		CODE           	0BE8	0000	245

C:\Program Files (x86)\Microchip\xc8\v1.40\sources\common\fttol.c estimated size: 245

C:\Program Files (x86)\Microchip\xc8\v1.40\sources\common\lwdiv.c
		___lwdiv       		CODE           	1716	0000	83

C:\Program Files (x86)\Microchip\xc8\v1.40\sources\common\lwdiv.c estimated size: 83

C:\Program Files (x86)\Microchip\xc8\v1.40\sources\common\awdiv.c
		___awdiv       		CODE           	1470	0000	133

C:\Program Files (x86)\Microchip\xc8\v1.40\sources\common\awdiv.c estimated size: 133

main.c
		_bottle_count  		CODE           	07A4	0000	291
		_dec_to_hex    		CODE           	09E0	0000	269
		_main          		CODE           	0AEC	0000	253
		_update_time   		CODE           	15EE	0000	115
		_time_difference		CODE           	066C	0000	313
		_runtime       		CODE           	17B6	0000	75
		_keypressed    		CODE           	0008	0000	207
		_init_operation		CODE           	11F0	0000	179

main.c estimated size: 1702

C:\Program Files (x86)\Microchip\xc8\v1.40\sources\common\ftadd.c
		___ftadd       		CODE           	01F6	0000	429

C:\Program Files (x86)\Microchip\xc8\v1.40\sources\common\ftadd.c estimated size: 429

C:\Program Files (x86)\Microchip\xc8\v1.40\sources\common\lldiv.c
		___lldiv       		CODE           	14F4	0000	131

C:\Program Files (x86)\Microchip\xc8\v1.40\sources\common\lldiv.c estimated size: 131

