Microchip MPLAB XC8 Compiler V1.40 ()

Linker command line:

-W-3 --edf=C:\Program Files (x86)\Microchip\xc8\v1.40\dat\en_msgs.txt -cs \
  -h+dist/default/production\Test.X.production.sym \
  --cmf=dist/default/production\Test.X.production.cmf -z -Q18F4620 \
  -oC:\Users\tonyk\AppData\Local\Temp\s4jg.2 \
  -Mdist/default/production/Test.X.production.map -E1 -ver=XC8 \
  -ASTACK=0156h-0f7fh -pstack=STACK -ACODE=00h-0FFFFh -ACONST=00h-0FFFFh \
  -ASMALLCONST=01000h-010FFhx240 -AMEDIUMCONST=01000h-0FFFFh \
  -ACOMRAM=01h-07Fh -AABS1=00h-0F7Fh -ABIGRAM=01h-0F7Fh \
  -ARAM=080h-0FFh,0100h-01FFhx14,0F00h-0F7Fh -ABANK0=080h-0FFh \
  -ABANK1=0100h-01FFh -ABANK2=0200h-02FFh -ABANK3=0300h-03FFh \
  -ABANK4=0400h-04FFh -ABANK5=0500h-05FFh -ABANK6=0600h-06FFh \
  -ABANK7=0700h-07FFh -ABANK8=0800h-08FFh -ABANK9=0900h-09FFh \
  -ABANK10=0A00h-0AFFh -ABANK11=0B00h-0BFFh -ABANK12=0C00h-0CFFh \
  -ABANK13=0D00h-0DFFh -ABANK14=0E00h-0EFFh -ABANK15=0F00h-0F7Fh \
  -ASFR=0F80h-0FFFh -preset_vec=00h,intcode=08h,intcodelo,powerup,init \
  -pramtop=01000h -psmallconst=SMALLCONST -pmediumconst=MEDIUMCONST \
  -pconst=CONST -AFARRAM=00h-00h -ACONFIG=0300000h-030000Dh -pconfig=CONFIG \
  -AIDLOC=0200000h-0200007h -pidloc=IDLOC -AEEDATA=0F00000h-0F003FFh \
  -peeprom_data=EEDATA \
  -prdata=COMRAM,nvrram=COMRAM,nvbit=COMRAM,rbss=COMRAM,rbit=COMRAM \
  -pfarbss=FARRAM,fardata=FARRAM,nvFARRAM=FARRAM \
  -pintsave_regs=BIGRAM,bigbss=BIGRAM,bigdata=BIGRAM -pbss=RAM \
  -pidata=CODE,irdata=CODE,ibigdata=CODE,ifardata=CODE -prparam=COMRAM \
  C:\Users\tonyk\AppData\Local\Temp\s4jg.obj \
  dist/default/production\Test.X.production.obj 

Object code version is 3.11

Machine type is 18F4620

Call graph: (short form)




                Name                               Link     Load   Length Selector   Space Scale
C:\Users\tonyk\AppData\Local\Temp\s4jg.obj
                init                                  E        E        4        4       0
                reset_vec                             0        0        4        0       0
                idloc                            200000   200000        8   200000       0
                config                           300000   300000        E   300000       0
dist/default/production\Test.X.production.obj
                intcode                               8        8        6        4       0
                temp                                 67       67        1        1       1
                mediumconst                        FE3C     FE3C      1C4     7F1E       0
                text53                             330E     330E       16        4       0
                text52                             3290     3290       26        4       0
                intcode_body                       17FE     17FE      1D2        4       0
                text50                             2DDE     2DDE       82        4       0
                text49                             2FA0     2FA0       5A        4       0
                text48                             304C     304C       4E        4       0
                text47                             3352     3352        C        4       0
                text46                             2FFA     2FFA       52        4       0
                text45                             312A     312A       42        4       0
                text44                             326A     326A       26        4       0
                text43                             32DA     32DA       1E        4       0
                text42                             3346     3346        C        4       0
                text41                              E2A      E2A      3CE        4       0
                text40                             11F8     11F8      220        4       0
                text39                             3324     3324       12        4       0
                text38                             3244     3244       26        4       0
                text37                             3370     3370        8        4       0
                text36                             3368     3368        8        4       0
                text35                             335E     335E        A        4       0
                text34                             1EEE     1EEE      15A        4       0
                text33                             32F8     32F8       16        4       0
                text32                             321E     321E       26        4       0
                text31                             30E4     30E4       46        4       0
                text30                             227C     227C      11A        4       0
                text29                             2162     2162      11A        4       0
                text28                             2D5A     2D5A       84        4       0
                text27                             2CD6     2CD6       84        4       0
                text26                             162C     162C      1D2        4       0
                text25                             2C52     2C52       84        4       0
                text24                             29FC     29FC       AE        4       0
                text23                             2F44     2F44       5C        4       0
                text22                             31E6     31E6       38        4       0
                text21                             2782     2782       E6        4       0
                text20                             32B6     32B6       24        4       0
                text19                             1BA0     1BA0      1AC        4       0
                text18                             316C     316C       40        4       0
                text17                             259C     259C       F4        4       0
                text16                             2868     2868       D2        4       0
                text15                             2BCA     2BCA       88        4       0
                text14                             2B3A     2B3A       90        4       0
                text13                             24A8     24A8       F4        4       0
                text12                             2AAA     2AAA       90        4       0
                text11                             2690     2690       F2        4       0
                text10                             293A     293A       C2        4       0
                text9                              1418     1418      214        4       0
                text8                              2048     2048      11A        4       0
                text7                              1D4C     1D4C      1A2        4       0
                text6                              2396     2396      112        4       0
                text5                              19D0     19D0      1D0        4       0
                text4                              2ED2     2ED2       72        4       0
                text3                                12       12      9A0        4       0
                text2                              2E60     2E60       72        4       0
                text1                              309A     309A       4A        4       0
                text0                               9B2      9B2      478        4       0
                cstackCOMRAM                          1        1       54        1       1
                cstackBANK0                          80       80       7B       80       1
                cstackBANK1                         100      100       55      100       1
                bssBANK1                            155      155        1      100       1
                bssBANK0                             FB       FB        1       80       1
                dataCOMRAM                           55       55       10        1       1
                bssCOMRAM                            65       65        2        1       1
                cinit                              31AC     31AC       3A        4       0
                idataCOMRAM                        3336     3336       10        4       0

TOTAL           Name                               Link     Load   Length     Space
        CLASS   STACK          

        CLASS   CODE           
                intcode                               8        8        6         0
                init                                  E        E        4         0
                reset_vec                             0        0        4         0
                text53                             330E     330E       16         0
                text52                             3290     3290       26         0
                intcode_body                       17FE     17FE      1D2         0
                text50                             2DDE     2DDE       82         0
                text49                             2FA0     2FA0       5A         0
                text48                             304C     304C       4E         0
                text47                             3352     3352        C         0
                text46                             2FFA     2FFA       52         0
                text45                             312A     312A       42         0
                text44                             326A     326A       26         0
                text43                             32DA     32DA       1E         0
                text42                             3346     3346        C         0
                text41                              E2A      E2A      3CE         0
                text40                             11F8     11F8      220         0
                text39                             3324     3324       12         0
                text38                             3244     3244       26         0
                text37                             3370     3370        8         0
                text36                             3368     3368        8         0
                text35                             335E     335E        A         0
                text34                             1EEE     1EEE      15A         0
                text33                             32F8     32F8       16         0
                text32                             321E     321E       26         0
                text31                             30E4     30E4       46         0
                text30                             227C     227C      11A         0
                text29                             2162     2162      11A         0
                text28                             2D5A     2D5A       84         0
                text27                             2CD6     2CD6       84         0
                text26                             162C     162C      1D2         0
                text25                             2C52     2C52       84         0
                text24                             29FC     29FC       AE         0
                text23                             2F44     2F44       5C         0
                text22                             31E6     31E6       38         0
                text21                             2782     2782       E6         0
                text20                             32B6     32B6       24         0
                text19                             1BA0     1BA0      1AC         0
                text18                             316C     316C       40         0
                text17                             259C     259C       F4         0
                text16                             2868     2868       D2         0
                text15                             2BCA     2BCA       88         0
                text14                             2B3A     2B3A       90         0
                text13                             24A8     24A8       F4         0
                text12                             2AAA     2AAA       90         0
                text11                             2690     2690       F2         0
                text10                             293A     293A       C2         0
                text9                              1418     1418      214         0
                text8                              2048     2048      11A         0
                text7                              1D4C     1D4C      1A2         0
                text6                              2396     2396      112         0
                text5                              19D0     19D0      1D0         0
                text4                              2ED2     2ED2       72         0
                text3                                12       12      9A0         0
                text2                              2E60     2E60       72         0
                text1                              309A     309A       4A         0
                text0                               9B2      9B2      478         0
                cinit                              31AC     31AC       3A         0
                idataCOMRAM                        3336     3336       10         0

        CLASS   CONST          

        CLASS   SMALLCONST     

        CLASS   MEDIUMCONST    
                mediumconst                        FE3C     FE3C      1C4         0

        CLASS   COMRAM         
                temp                                 67       67        1         1
                cstackCOMRAM                          1        1       54         1
                dataCOMRAM                           55       55       10         1
                bssCOMRAM                            65       65        2         1

        CLASS   ABS1           

        CLASS   BIGRAM         

        CLASS   RAM            

        CLASS   BANK0          
                cstackBANK0                          80       80       7B         1
                bssBANK0                             FB       FB        1         1

        CLASS   BANK1          
                cstackBANK1                         100      100       55         1
                bssBANK1                            155      155        1         1

        CLASS   BANK2          

        CLASS   BANK3          

        CLASS   BANK4          

        CLASS   BANK5          

        CLASS   BANK6          

        CLASS   BANK7          

        CLASS   BANK8          

        CLASS   BANK9          

        CLASS   BANK10         

        CLASS   BANK11         

        CLASS   BANK12         

        CLASS   BANK13         

        CLASS   BANK14         

        CLASS   BANK15         

        CLASS   SFR            

        CLASS   FARRAM         

        CLASS   CONFIG         
                config                           300000   300000        E         0

        CLASS   IDLOC          
                idloc                            200000   200000        8         0

        CLASS   EEDATA         



SEGMENTS        Name                           Load    Length   Top    Selector   Space  Class

                reset_vec                      000000  000004  000004         0       0  CODE    
                cstackCOMRAM                   000001  000067  000068         1       1  COMRAM  
                intcode                        000008  003370  003378         4       0  CODE    
                cstackBANK0                    000080  00007C  0000FC        80       1  BANK0   
                cstackBANK1                    000100  000056  000156       100       1  BANK1   
                mediumconst                    00FE3C  0001C4  010000      7F1E       0  MEDIUMCO
                idloc                          200000  000008  200008    200000       0  IDLOC   
                config                         300000  00000E  30000E    300000       0  CONFIG  


UNUSED ADDRESS RANGES

        Name                Unused          Largest block    Delta
        BANK0            0000FC-0000FF                4
        BANK1            000156-0001FF               AA
        BANK10           000A00-000AFF              100
        BANK11           000B00-000BFF              100
        BANK12           000C00-000CFF              100
        BANK13           000D00-000DFF              100
        BANK14           000E00-000EFF              100
        BANK15           000F00-000F7F               80
        BANK2            000200-0002FF              100
        BANK3            000300-0003FF              100
        BANK4            000400-0004FF              100
        BANK5            000500-0005FF              100
        BANK6            000600-0006FF              100
        BANK7            000700-0007FF              100
        BANK8            000800-0008FF              100
        BANK9            000900-0009FF              100
        BIGRAM           000068-00007F               18
                         0000FC-0000FF                4
                         000156-000F7F              E2A
        CODE             000004-000007                4
                         003378-00FE3B             CAC4
        COMRAM           000068-00007F               18
        CONST            000004-000007                4
                         003378-00FE3B             CAC4
        EEDATA           F00000-F003FF              400
        MEDIUMCONST      003378-00FE3B             CAC4
        RAM              0000FC-0000FF                4
                         000156-000F7F              100
        SFR              000F80-000FFF               80
        SMALLCONST       003378-00FE3B              100
        STACK            000156-000F7F              E2A

                                  Symbol Table

?___altoft                    cstackCOMRAM 00004F
?___awdiv                     cstackCOMRAM 000019
?___awtoft                    cstackCOMRAM 000021
?___ftadd                     cstackCOMRAM 000034
?___ftdiv                     cstackCOMRAM 000025
?___ftmul                     cstackCOMRAM 000025
?___ftneg                     cstackCOMRAM 000019
?___ftpack                    cstackCOMRAM 000019
?___ftsub                     cstackCOMRAM 000040
?___fttol                     cstackCOMRAM 000040
?___lldiv                     cstackCOMRAM 000019
?___lltoft                    cstackCOMRAM 000021
?___lwdiv                     cstackCOMRAM 000019
?___lwmod                     cstackCOMRAM 000020
?___wmul                      cstackCOMRAM 000019
?_dec_to_hex                  cstackBANK0  0000A6
?_eval_poly                   cstackCOMRAM 000040
?_exp                         cstackBANK0  00008C
?_floor                       cstackBANK0  000084
?_frexp                       cstackCOMRAM 000019
?_ldexp                       cstackCOMRAM 00004C
?_log                         cstackCOMRAM 00004C
?_pow                         cstackBANK0  000095
?_printf                      cstackBANK0  0000CE
?_time_difference             cstackBANK0  0000B6
I2C_Master_Init@c             cstackCOMRAM 000026
I2C_Master_Read@a             cstackCOMRAM 00001A
I2C_Master_Read@temp          cstackCOMRAM 00001B
I2C_Master_Write@d            cstackCOMRAM 00001A
_ACKDT                        (abs)        007E2D
_ACKEN                        (abs)        007E2C
_ADCON0                       (abs)        000FC2
_ADCON1                       (abs)        000FC1
_EEADR                        (abs)        000FA9
_EEADRH                       (abs)        000FAA
_EECON1bits                   (abs)        000FA6
_EECON2                       (abs)        000FA7
_EEDATA                       (abs)        000FA8
_I2C_Master_Init              text49       002FA0
_I2C_Master_Read              text38       003244
_I2C_Master_Start             text37       003370
_I2C_Master_Stop              text36       003368
_I2C_Master_Wait              text39       003324
_I2C_Master_Write             text35       00335E
_INT1IE                       (abs)        007F83
_INT1IF                       (abs)        007F80
_INTCONbits                   (abs)        000FF2
_LATA                         (abs)        000F89
_LATB                         (abs)        000F8A
_LATC                         (abs)        000F8B
_LATD                         (abs)        000F8C
_LATDbits                     (abs)        000F8C
_LATE                         (abs)        000F8D
_PEN                          (abs)        007E2A
_PIR2bits                     (abs)        000FA1
_PORTB                        (abs)        000F81
_PORTBbits                    (abs)        000F81
_PORTCbits                    (abs)        000F82
_PORTEbits                    (abs)        000F84
_RCEN                         (abs)        007E2B
_RSEN                         (abs)        007E29
_SEN                          (abs)        007E28
_SSPADD                       (abs)        000FC8
_SSPBUF                       (abs)        000FC9
_SSPCON1                      (abs)        000FC6
_SSPCON2                      (abs)        000FC5
_SSPSTAT                      (abs)        000FC7
_TRISA                        (abs)        000F92
_TRISB                        (abs)        000F93
_TRISC                        (abs)        000F94
_TRISC3                       (abs)        007CA3
_TRISC4                       (abs)        007CA4
_TRISD                        (abs)        000F95
_TRISE                        (abs)        000F96
__CFG_BOREN$SBORDIS           (abs)        000000
__CFG_BORV$3                  (abs)        000000
__CFG_CCP2MX$PORTC            (abs)        000000
__CFG_CP0$OFF                 (abs)        000000
__CFG_CP1$OFF                 (abs)        000000
__CFG_CP2$OFF                 (abs)        000000
__CFG_CP3$OFF                 (abs)        000000
__CFG_CPB$OFF                 (abs)        000000
__CFG_CPD$OFF                 (abs)        000000
__CFG_EBTR0$OFF               (abs)        000000
__CFG_EBTR1$OFF               (abs)        000000
__CFG_EBTR2$OFF               (abs)        000000
__CFG_EBTR3$OFF               (abs)        000000
__CFG_EBTRB$OFF               (abs)        000000
__CFG_FCMEN$OFF               (abs)        000000
__CFG_IESO$OFF                (abs)        000000
__CFG_LPT1OSC$OFF             (abs)        000000
__CFG_LVP$OFF                 (abs)        000000
__CFG_MCLRE$ON                (abs)        000000
__CFG_OSC$HS                  (abs)        000000
__CFG_PBADEN$ON               (abs)        000000
__CFG_PWRT$OFF                (abs)        000000
__CFG_STVREN$ON               (abs)        000000
__CFG_WDT$OFF                 (abs)        000000
__CFG_WDTPS$32768             (abs)        000000
__CFG_WRT0$OFF                (abs)        000000
__CFG_WRT1$OFF                (abs)        000000
__CFG_WRT2$OFF                (abs)        000000
__CFG_WRT3$OFF                (abs)        000000
__CFG_WRTB$OFF                (abs)        000000
__CFG_WRTC$OFF                (abs)        000000
__CFG_WRTD$OFF                (abs)        000000
__CFG_XINST$OFF               (abs)        000000
__HRAM                        (abs)        000000
__Habs1                       abs1         000000
__Hbank0                      bank0        000000
__Hbank1                      bank1        000000
__Hbank10                     bank10       000000
__Hbank11                     bank11       000000
__Hbank12                     bank12       000000
__Hbank13                     bank13       000000
__Hbank14                     bank14       000000
__Hbank15                     bank15       000000
__Hbank2                      bank2        000000
__Hbank3                      bank3        000000
__Hbank4                      bank4        000000
__Hbank5                      bank5        000000
__Hbank6                      bank6        000000
__Hbank7                      bank7        000000
__Hbank8                      bank8        000000
__Hbank9                      bank9        000000
__Hbigbss                     bigbss       000000
__Hbigdata                    bigdata      000000
__Hbigram                     bigram       000000
__Hbss                        bss          000000
__HbssBANK0                   bssBANK0     000000
__HbssBANK1                   bssBANK1     000000
__HbssCOMRAM                  bssCOMRAM    000000
__Hcinit                      cinit        000000
__Hclrtext                    clrtext      000000
__Hcomram                     comram       000000
__Hconfig                     config       30000E
__Hconst                      const        000000
__HcstackBANK0                cstackBANK0  000000
__HcstackBANK1                cstackBANK1  000000
__HcstackCOMRAM               cstackCOMRAM 000000
__Hdata                       data         000000
__HdataCOMRAM                 dataCOMRAM   000000
__Heeprom_data                eeprom_data  000000
__Hfarbss                     farbss       000000
__Hfardata                    fardata      000000
__Hibigdata                   ibigdata     000000
__Hidata                      idata        000000
__HidataCOMRAM                idataCOMRAM  000000
__Hidloc                      idloc        200008
__Hifardata                   ifardata     000000
__Hinit                       init         000012
__Hintcode                    intcode      00000E
__Hintcode_body               intcode_body 000000
__Hintcodelo                  intcodelo    00000E
__Hintentry                   intentry     000000
__Hintret                     intret       000000
__Hintsave_regs               intsave_regs 000000
__Hirdata                     irdata       000000
__Hmediumconst                mediumconst  010000
__HnvFARRAM                   nvFARRAM     000000
__Hnvbit                      nvbit        000000
__Hnvrram                     nvrram       000000
__Hparam                      rparam       000000
__Hpowerup                    powerup      00000E
__Hram                        ram          000000
__Hramtop                     ramtop       001000
__Hrbit                       rbit         000000
__Hrbss                       rbss         000000
__Hrdata                      rdata        000000
__Hreset_vec                  reset_vec    000004
__Hrparam                     rparam       000000
__Hsfr                        sfr          000000
__Hsmallconst                 smallconst   000000
__Hspace_0                    (abs)        30000E
__Hspace_1                    (abs)        000156
__Hspace_2                    (abs)        000000
__Hstack                      stack        000000
__Hstruct                     struct       000000
__Htemp                       temp         000068
__Htext                       text         000000
__Htext0                      text0        000000
__Htext1                      text1        000000
__Htext10                     text10       000000
__Htext11                     text11       000000
__Htext12                     text12       000000
__Htext13                     text13       000000
__Htext14                     text14       000000
__Htext15                     text15       000000
__Htext16                     text16       000000
__Htext17                     text17       000000
__Htext18                     text18       000000
__Htext19                     text19       000000
__Htext2                      text2        000000
__Htext20                     text20       000000
__Htext21                     text21       000000
__Htext22                     text22       000000
__Htext23                     text23       000000
__Htext24                     text24       000000
__Htext25                     text25       000000
__Htext26                     text26       000000
__Htext27                     text27       000000
__Htext28                     text28       000000
__Htext29                     text29       000000
__Htext3                      text3        000000
__Htext30                     text30       000000
__Htext31                     text31       000000
__Htext32                     text32       000000
__Htext33                     text33       000000
__Htext34                     text34       000000
__Htext35                     text35       000000
__Htext36                     text36       000000
__Htext37                     text37       000000
__Htext38                     text38       000000
__Htext39                     text39       000000
__Htext4                      text4        000000
__Htext40                     text40       000000
__Htext41                     text41       000000
__Htext42                     text42       000000
__Htext43                     text43       000000
__Htext44                     text44       000000
__Htext45                     text45       000000
__Htext46                     text46       000000
__Htext47                     text47       000000
__Htext48                     text48       000000
__Htext49                     text49       000000
__Htext5                      text5        000000
__Htext50                     text50       000000
__Htext52                     text52       000000
__Htext53                     text53       000000
__Htext6                      text6        000000
__Htext7                      text7        000000
__Htext8                      text8        000000
__Htext9                      text9        000000
__LRAM                        (abs)        000001
__Labs1                       abs1         000000
__Lbank0                      bank0        000000
__Lbank1                      bank1        000000
__Lbank10                     bank10       000000
__Lbank11                     bank11       000000
__Lbank12                     bank12       000000
__Lbank13                     bank13       000000
__Lbank14                     bank14       000000
__Lbank15                     bank15       000000
__Lbank2                      bank2        000000
__Lbank3                      bank3        000000
__Lbank4                      bank4        000000
__Lbank5                      bank5        000000
__Lbank6                      bank6        000000
__Lbank7                      bank7        000000
__Lbank8                      bank8        000000
__Lbank9                      bank9        000000
__Lbigbss                     bigbss       000000
__Lbigdata                    bigdata      000000
__Lbigram                     bigram       000000
__Lbss                        bss          000000
__LbssBANK0                   bssBANK0     000000
__LbssBANK1                   bssBANK1     000000
__LbssCOMRAM                  bssCOMRAM    000000
__Lcinit                      cinit        000000
__Lclrtext                    clrtext      000000
__Lcomram                     comram       000000
__Lconfig                     config       300000
__Lconst                      const        000000
__LcstackBANK0                cstackBANK0  000000
__LcstackBANK1                cstackBANK1  000000
__LcstackCOMRAM               cstackCOMRAM 000000
__Ldata                       data         000000
__LdataCOMRAM                 dataCOMRAM   000000
__Leeprom_data                eeprom_data  000000
__Lfarbss                     farbss       000000
__Lfardata                    fardata      000000
__Libigdata                   ibigdata     000000
__Lidata                      idata        000000
__LidataCOMRAM                idataCOMRAM  000000
__Lidloc                      idloc        200000
__Lifardata                   ifardata     000000
__Linit                       init         00000E
__Lintcode                    intcode      000008
__Lintcode_body               intcode_body 000000
__Lintcodelo                  intcodelo    00000E
__Lintentry                   intentry     000000
__Lintret                     intret       000000
__Lintsave_regs               intsave_regs 000000
__Lirdata                     irdata       000000
__Lmediumconst                mediumconst  00FE3C
__LnvFARRAM                   nvFARRAM     000000
__Lnvbit                      nvbit        000000
__Lnvrram                     nvrram       000000
__Lparam                      rparam       000000
__Lpowerup                    powerup      00000E
__Lram                        ram          000000
__Lramtop                     ramtop       001000
__Lrbit                       rbit         000000
__Lrbss                       rbss         000000
__Lrdata                      rdata        000000
__Lreset_vec                  reset_vec    000000
__Lrparam                     rparam       000000
__Lsfr                        sfr          000000
__Lsmallconst                 smallconst   000000
__Lspace_0                    (abs)        000000
__Lspace_1                    (abs)        000000
__Lspace_2                    (abs)        000000
__Lstack                      stack        000000
__Lstruct                     struct       000000
__Ltemp                       temp         000067
__Ltext                       text         000000
__Ltext0                      text0        000000
__Ltext1                      text1        000000
__Ltext10                     text10       000000
__Ltext11                     text11       000000
__Ltext12                     text12       000000
__Ltext13                     text13       000000
__Ltext14                     text14       000000
__Ltext15                     text15       000000
__Ltext16                     text16       000000
__Ltext17                     text17       000000
__Ltext18                     text18       000000
__Ltext19                     text19       000000
__Ltext2                      text2        000000
__Ltext20                     text20       000000
__Ltext21                     text21       000000
__Ltext22                     text22       000000
__Ltext23                     text23       000000
__Ltext24                     text24       000000
__Ltext25                     text25       000000
__Ltext26                     text26       000000
__Ltext27                     text27       000000
__Ltext28                     text28       000000
__Ltext29                     text29       000000
__Ltext3                      text3        000000
__Ltext30                     text30       000000
__Ltext31                     text31       000000
__Ltext32                     text32       000000
__Ltext33                     text33       000000
__Ltext34                     text34       000000
__Ltext35                     text35       000000
__Ltext36                     text36       000000
__Ltext37                     text37       000000
__Ltext38                     text38       000000
__Ltext39                     text39       000000
__Ltext4                      text4        000000
__Ltext40                     text40       000000
__Ltext41                     text41       000000
__Ltext42                     text42       000000
__Ltext43                     text43       000000
__Ltext44                     text44       000000
__Ltext45                     text45       000000
__Ltext46                     text46       000000
__Ltext47                     text47       000000
__Ltext48                     text48       000000
__Ltext49                     text49       000000
__Ltext5                      text5        000000
__Ltext50                     text50       000000
__Ltext52                     text52       000000
__Ltext53                     text53       000000
__Ltext6                      text6        000000
__Ltext7                      text7        000000
__Ltext8                      text8        000000
__Ltext9                      text9        000000
__S0                          (abs)        30000E
__S1                          (abs)        000156
__S2                          (abs)        000000
___altoft                     text15       002BCA
___altoft@c                   cstackCOMRAM 00004F
___altoft@exp                 cstackCOMRAM 000053
___altoft@sign                cstackCOMRAM 000054
___awdiv                      text25       002C52
___awdiv@counter              cstackCOMRAM 00001D
___awdiv@dividend             cstackCOMRAM 000019
___awdiv@divisor              cstackCOMRAM 00001B
___awdiv@quotient             cstackCOMRAM 00001F
___awdiv@sign                 cstackCOMRAM 00001E
___awtoft                     text22       0031E6
___awtoft@c                   cstackCOMRAM 000021
___awtoft@sign                cstackCOMRAM 000024
___ftadd                      text19       001BA0
___ftadd@exp1                 cstackCOMRAM 00003F
___ftadd@exp2                 cstackCOMRAM 00003E
___ftadd@f1                   cstackCOMRAM 000034
___ftadd@f2                   cstackCOMRAM 000037
___ftadd@sign                 cstackCOMRAM 00003D
___ftdiv                      text21       002782
___ftdiv@cntr                 cstackCOMRAM 00002E
___ftdiv@exp                  cstackCOMRAM 000032
___ftdiv@f1                   cstackCOMRAM 000025
___ftdiv@f2                   cstackCOMRAM 000028
___ftdiv@f3                   cstackCOMRAM 00002F
___ftdiv@sign                 cstackCOMRAM 000033
___ftge                       text14       002B3A
___ftge@ff1                   cstackCOMRAM 000034
___ftge@ff2                   cstackCOMRAM 000037
___ftmul                      text17       00259C
___ftmul@cntr                 cstackCOMRAM 000032
___ftmul@exp                  cstackCOMRAM 00002E
___ftmul@f1                   cstackCOMRAM 000025
___ftmul@f2                   cstackCOMRAM 000028
___ftmul@f3_as_product        cstackCOMRAM 00002F
___ftmul@sign                 cstackCOMRAM 000033
___ftneg                      text20       0032B6
___ftneg@f1                   cstackCOMRAM 000019
___ftpack                     text24       0029FC
___ftpack@arg                 cstackCOMRAM 000019
___ftpack@exp                 cstackCOMRAM 00001C
___ftpack@sign                cstackCOMRAM 00001D
___ftsub                      text18       00316C
___ftsub@f1                   cstackCOMRAM 000040
___ftsub@f2                   cstackCOMRAM 000043
___fttol                      text13       0024A8
___fttol@exp1                 cstackCOMRAM 00004E
___fttol@f1                   cstackCOMRAM 000040
___fttol@lval                 cstackCOMRAM 00004A
___fttol@sign1                cstackCOMRAM 000049
___inthi_sp                   stack        000000
___intlo_sp                   stack        000000
___lldiv                      text50       002DDE
___lldiv@counter              cstackCOMRAM 000025
___lldiv@dividend             cstackCOMRAM 000019
___lldiv@divisor              cstackCOMRAM 00001D
___lldiv@quotient             cstackCOMRAM 000021
___lltoft                     text23       002F44
___lltoft@c                   cstackCOMRAM 000021
___lltoft@exp                 cstackCOMRAM 000029
___lwdiv                      text46       002FFA
___lwdiv@counter              cstackCOMRAM 00001D
___lwdiv@dividend             cstackCOMRAM 000019
___lwdiv@divisor              cstackCOMRAM 00001B
___lwdiv@quotient             cstackCOMRAM 00001E
___lwmod                      text45       00312A
___lwmod@counter              cstackCOMRAM 000024
___lwmod@dividend             cstackCOMRAM 000020
___lwmod@divisor              cstackCOMRAM 000022
___param_bank                 (abs)        000000
___rparam_used                (abs)        000001
___sp                         stack        000000
___wmul                       text44       00326A
___wmul@multiplicand          cstackCOMRAM 00001B
___wmul@multiplier            cstackCOMRAM 000019
___wmul@product               cstackCOMRAM 00001D
__accesstop                   (abs)        000080
__activetblptr                (abs)        000002
__end_of_I2C_Master_Init      text49       002FFA
__end_of_I2C_Master_Read      text38       00326A
__end_of_I2C_Master_Start     text37       003378
__end_of_I2C_Master_Stop      text36       003370
__end_of_I2C_Master_Wait      text39       003336
__end_of_I2C_Master_Write     text35       003368
__end_of___altoft             text15       002C52
__end_of___awdiv              text25       002CD6
__end_of___awtoft             text22       00321E
__end_of___ftadd              text19       001D4C
__end_of___ftdiv              text21       002868
__end_of___ftge               text14       002BCA
__end_of___ftmul              text17       002690
__end_of___ftneg              text20       0032DA
__end_of___ftpack             text24       002AAA
__end_of___ftsub              text18       0031AC
__end_of___fttol              text13       00259C
__end_of___lldiv              text50       002E60
__end_of___lltoft             text23       002FA0
__end_of___lwdiv              text46       00304C
__end_of___lwmod              text45       00316C
__end_of___wmul               text44       003290
__end_of__initialization      cinit        0031D8
__end_of_bottle_count         text40       001418
__end_of_date_time            text34       002048
__end_of_dec_to_hex           text6        0024A8
__end_of_dpowers              mediumconst  00FE58
__end_of_eeprom_readbyte      text33       00330E
__end_of_eeprom_writebyte     text32       003244
__end_of_eval_poly            text16       00293A
__end_of_exp                  text9        00162C
__end_of_floor                text11       002782
__end_of_frexp                text12       002B3A
__end_of_happynewyear         mediumconst  00FE67
__end_of_hexpowers            mediumconst  00FE60
__end_of_initLCD              text31       00312A
__end_of_init_operation       text3        0009B2
__end_of_isdigit              text43       0032F8
__end_of_keypressed           intcode_body 0019D0
__end_of_keys                 mediumconst  00FE4E
__end_of_lcdInst              text47       00335E
__end_of_lcdNibble            text48       00309A
__end_of_ldexp                text10       0029FC
__end_of_log                  text8        002162
__end_of_main                 text0        000E2A
__end_of_operation_end        text2        002ED2
__end_of_pow                  text7        001EEE
__end_of_printf               text41       0011F8
__end_of_putch                text42       003352
__end_of_read_colorsensor1    text30       002396
__end_of_read_colorsensor2    text29       00227C
__end_of_runtime              text1        0030E4
__end_of_stepper              text28       002DDE
__end_of_stepper_rev          text27       002D5A
__end_of_stepper_state        text26       0017FE
__end_of_time_difference      text5        001BA0
__end_of_update_time          text4        002F44
__end_ofexp@coeff             mediumconst  00FE85
__end_ofi2_eeprom_readbyte    text53       003324
__end_ofi2_eeprom_writebyte   text52       0032B6
__end_oflog@coeff             mediumconst  00FEA0
__initialization              cinit        0031AC
__mediumconst                 mediumconst  00FE3C
__pbssBANK0                   bssBANK0     0000FB
__pbssBANK1                   bssBANK1     000155
__pbssCOMRAM                  bssCOMRAM    000065
__pcinit                      cinit        0031AC
__pcstackBANK0                cstackBANK0  000080
__pcstackBANK1                cstackBANK1  000100
__pcstackCOMRAM               cstackCOMRAM 000001
__pdataCOMRAM                 dataCOMRAM   000055
__pidataCOMRAM                idataCOMRAM  003336
__pintcode                    intcode      000008
__pintcode_body               intcode_body 0017FE
__pmediumconst                mediumconst  00FE3C
__ptext0                      text0        0009B2
__ptext1                      text1        00309A
__ptext10                     text10       00293A
__ptext11                     text11       002690
__ptext12                     text12       002AAA
__ptext13                     text13       0024A8
__ptext14                     text14       002B3A
__ptext15                     text15       002BCA
__ptext16                     text16       002868
__ptext17                     text17       00259C
__ptext18                     text18       00316C
__ptext19                     text19       001BA0
__ptext2                      text2        002E60
__ptext20                     text20       0032B6
__ptext21                     text21       002782
__ptext22                     text22       0031E6
__ptext23                     text23       002F44
__ptext24                     text24       0029FC
__ptext25                     text25       002C52
__ptext26                     text26       00162C
__ptext27                     text27       002CD6
__ptext28                     text28       002D5A
__ptext29                     text29       002162
__ptext3                      text3        000012
__ptext30                     text30       00227C
__ptext31                     text31       0030E4
__ptext32                     text32       00321E
__ptext33                     text33       0032F8
__ptext34                     text34       001EEE
__ptext35                     text35       00335E
__ptext36                     text36       003368
__ptext37                     text37       003370
__ptext38                     text38       003244
__ptext39                     text39       003324
__ptext4                      text4        002ED2
__ptext40                     text40       0011F8
__ptext41                     text41       000E2A
__ptext42                     text42       003346
__ptext43                     text43       0032DA
__ptext44                     text44       00326A
__ptext45                     text45       00312A
__ptext46                     text46       002FFA
__ptext47                     text47       003352
__ptext48                     text48       00304C
__ptext49                     text49       002FA0
__ptext5                      text5        0019D0
__ptext50                     text50       002DDE
__ptext52                     text52       003290
__ptext53                     text53       00330E
__ptext6                      text6        002396
__ptext7                      text7        001D4C
__ptext8                      text8        002048
__ptext9                      text9        001418
__ramtop                      ramtop       001000
__size_of_I2C_Master_Init     (abs)        000000
__size_of_I2C_Master_Read     (abs)        000000
__size_of_I2C_Master_Start    (abs)        000000
__size_of_I2C_Master_Stop     (abs)        000000
__size_of_I2C_Master_Wait     (abs)        000000
__size_of_I2C_Master_Write    (abs)        000000
__size_of___altoft            (abs)        000000
__size_of___awdiv             (abs)        000000
__size_of___awtoft            (abs)        000000
__size_of___ftadd             (abs)        000000
__size_of___ftdiv             (abs)        000000
__size_of___ftge              (abs)        000000
__size_of___ftmul             (abs)        000000
__size_of___ftneg             (abs)        000000
__size_of___ftpack            (abs)        000000
__size_of___ftsub             (abs)        000000
__size_of___fttol             (abs)        000000
__size_of___lldiv             (abs)        000000
__size_of___lltoft            (abs)        000000
__size_of___lwdiv             (abs)        000000
__size_of___lwmod             (abs)        000000
__size_of___wmul              (abs)        000000
__size_of_bottle_count        (abs)        000000
__size_of_date_time           (abs)        000000
__size_of_dec_to_hex          (abs)        000000
__size_of_eeprom_readbyte     (abs)        000000
__size_of_eeprom_writebyte    (abs)        000000
__size_of_eval_poly           (abs)        000000
__size_of_exp                 (abs)        000000
__size_of_floor               (abs)        000000
__size_of_frexp               (abs)        000000
__size_of_initLCD             (abs)        000000
__size_of_init_operation      (abs)        000000
__size_of_isdigit             (abs)        000000
__size_of_keypressed          (abs)        000000
__size_of_lcdInst             (abs)        000000
__size_of_lcdNibble           (abs)        000000
__size_of_ldexp               (abs)        000000
__size_of_log                 (abs)        000000
__size_of_main                (abs)        000000
__size_of_operation_end       (abs)        000000
__size_of_pow                 (abs)        000000
__size_of_printf              (abs)        000000
__size_of_putch               (abs)        000000
__size_of_read_colorsensor1   (abs)        000000
__size_of_read_colorsensor2   (abs)        000000
__size_of_runtime             (abs)        000000
__size_of_stepper             (abs)        000000
__size_of_stepper_rev         (abs)        000000
__size_of_stepper_state       (abs)        000000
__size_of_time_difference     (abs)        000000
__size_of_update_time         (abs)        000000
__size_ofi2_eeprom_readbyte   (abs)        000000
__size_ofi2_eeprom_writebyte  (abs)        000000
__smallconst                  smallconst   000000
_bot_type                     bssBANK0     0000FB
_bottle_count                 text40       0011F8
_curr_state                   bssBANK1     000155
_date_time                    text34       001EEE
_dec_to_hex                   text6        002396
_dec_to_hex$1500              cstackBANK0  0000A8
_dec_to_hex$1501              cstackBANK0  0000AB
_dpowers                      mediumconst  00FE4E
_eeprom_readbyte              text33       0032F8
_eeprom_writebyte             text32       00321E
_errno                        bssCOMRAM    000065
_eval_poly                    text16       002868
_exp                          text9        001418
_exp$1507                     cstackBANK0  00008F
_floor                        text11       002690
_frexp                        text12       002AAA
_happynewyear                 mediumconst  00FE60
_hexpowers                    mediumconst  00FE58
_initLCD                      text31       0030E4
_init_operation               text3        000012
_init_operation$1504          cstackBANK1  000109
_isdigit                      text43       0032DA
_isdigit$1053                 cstackCOMRAM 00001A
_keypressed                   intcode      000008
_keys                         mediumconst  00FE3D
_lcdInst                      text47       003352
_lcdNibble                    text48       00304C
_ldexp                        text10       00293A
_log                          text8        002048
_main                         text0        0009B2
_nRBPU                        (abs)        007F8F
_operation_end                text2        002E60
_pow                          text7        001D4C
_pow$1505                     cstackBANK0  00009B
_pow$1506                     cstackBANK0  00009E
_printf                       text41       000E2A
_putch                        text42       003346
_read_colorsensor1            text30       00227C
_read_colorsensor2            text29       002162
_runtime                      text1        00309A
_stepper                      text28       002D5A
_stepper_rev                  text27       002CD6
_stepper_state                text26       00162C
_time_difference              text5        0019D0
_update_time                  text4        002ED2
bottle_count@bot_count        cstackBANK0  0000EA
btemp                         temp         000067
date_time@i                   cstackBANK0  0000EF
date_time@time                cstackBANK0  0000EA
dec_to_hex@hexnum             cstackBANK0  0000B2
dec_to_hex@i                  cstackBANK0  0000B0
dec_to_hex@num                cstackBANK0  0000A6
dec_to_hex@quotient           cstackBANK0  0000B4
dec_to_hex@temp               cstackBANK0  0000AE
eeprom_readbyte@address       cstackCOMRAM 000019
eeprom_writebyte@address      cstackCOMRAM 00001B
eeprom_writebyte@data         cstackCOMRAM 00001D
end_of_initialization         cinit        0031D8
eval_poly@d                   cstackCOMRAM 000043
eval_poly@n                   cstackCOMRAM 000045
eval_poly@res                 cstackCOMRAM 000049
eval_poly@x                   cstackCOMRAM 000040
exp@coeff                     mediumconst  00FE67
exp@exponent                  cstackBANK0  000092
exp@sign                      cstackBANK0  000094
exp@x                         cstackBANK0  00008C
floor@expon                   cstackBANK0  00008A
floor@i                       cstackBANK0  000087
floor@x                       cstackBANK0  000084
frexp@eptr                    cstackCOMRAM 00001C
frexp@value                   cstackCOMRAM 000019
hex_to_dec@F3232              dataCOMRAM   000055
i2_eeprom_readbyte            text53       00330E
i2_eeprom_writebyte           text52       003290
i2eeprom_readbyte@address     cstackCOMRAM 000001
i2eeprom_writebyte@address    cstackCOMRAM 000003
i2eeprom_writebyte@data       cstackCOMRAM 000005
init_operation@b1             cstackBANK1  00011E
init_operation@b1_615         cstackBANK1  000128
init_operation@b2             cstackBANK1  000124
init_operation@b2_619         cstackBANK1  00012C
init_operation@blue           cstackBANK1  000132
init_operation@bot_count      cstackBANK0  0000EE
init_operation@c1             cstackBANK1  00010E
init_operation@c1_616         cstackBANK1  000112
init_operation@c2             cstackBANK1  000110
init_operation@c2_620         cstackBANK1  000114
init_operation@clear          cstackBANK1  000134
init_operation@detection_time cstackBANK1  000102
init_operation@g1             cstackBANK1  00010C
init_operation@g1_614         cstackBANK1  000118
init_operation@g2             cstackBANK1  000116
init_operation@g2_618         cstackBANK1  00011A
init_operation@green          cstackBANK1  000130
init_operation@i              cstackBANK1  000120
init_operation@luminosity1    cstackBANK1  000100
init_operation@r1             cstackBANK1  00011C
init_operation@r1_613         cstackBANK1  000126
init_operation@r2             cstackBANK1  000122
init_operation@r2_617         cstackBANK1  00012A
init_operation@red            cstackBANK1  00012E
init_operation@start_time     cstackBANK0  0000EA
init_operation@step_state     cstackBANK0  0000F0
init_operation@time           cstackBANK0  0000EC
int$flags                     temp         000067
int_func                      intcode_body 0017FE
intlevel0                     text         000000
intlevel1                     text         000000
intlevel2                     text         000000
intlevel3                     text         000000
isdigit@c                     cstackCOMRAM 00001B
lcdInst@data                  cstackCOMRAM 00001B
lcdNibble@data                cstackCOMRAM 00001A
lcdNibble@temp                cstackCOMRAM 000019
ldexp@newexp                  cstackCOMRAM 00004F
ldexp@value                   cstackCOMRAM 00004C
log@coeff                     mediumconst  00FE85
log@exponent                  cstackCOMRAM 00004F
log@x                         cstackCOMRAM 00004C
main@bot_count                cstackBANK1  00014E
main@end_time                 cstackBANK1  00013D
main@mem                      cstackBANK1  000154
main@pressed                  cstackBANK1  00014D
main@start_time               cstackBANK1  000136
main@step_state               cstackBANK1  000152
main@temp                     cstackBANK1  00014B
main@time                     cstackBANK1  000144
operation_end@step_state      cstackBANK0  0000EA
pow@sign                      cstackBANK0  0000A1
pow@x                         cstackBANK0  000095
pow@y                         cstackBANK0  000098
pow@yi                        cstackBANK0  0000A2
printf@ap                     cstackBANK0  0000E1
printf@c                      cstackBANK0  0000E9
printf@f                      cstackBANK0  0000CE
printf@flag                   cstackBANK0  0000E6
printf@idx                    cstackBANK0  0000E0
printf@prec                   cstackBANK0  0000E3
printf@val                    cstackBANK0  0000E4
printf@width                  cstackBANK0  0000E7
putch@data                    cstackCOMRAM 00001B
read_colorsensor1@blue        cstackCOMRAM 000020
read_colorsensor1@clear       cstackCOMRAM 000022
read_colorsensor1@green       cstackCOMRAM 00001E
read_colorsensor1@red         cstackCOMRAM 00001C
read_colorsensor2@blue        cstackCOMRAM 000020
read_colorsensor2@clear       cstackCOMRAM 000022
read_colorsensor2@green       cstackCOMRAM 00001E
read_colorsensor2@red         cstackCOMRAM 00001C
runtime@end_time              cstackBANK0  0000EC
runtime@start_time            cstackBANK0  0000EA
stackhi                       (abs)        000F7F
stacklo                       (abs)        000156
start                         init         00000E
start_initialization          cinit        0031AC
stepper@i                     cstackCOMRAM 00001C
stepper@r                     cstackCOMRAM 000019
stepper_rev@i                 cstackCOMRAM 00001C
stepper_rev@r                 cstackCOMRAM 000019
stepper_state@next_state      cstackCOMRAM 000022
stepper_state@step_state      cstackCOMRAM 00001E
time_difference@d1            cstackBANK0  0000C8
time_difference@d2            cstackBANK0  0000CA
time_difference@d3            cstackBANK0  0000CC
time_difference@hr1           cstackBANK0  0000BC
time_difference@hr2           cstackBANK0  0000BE
time_difference@min1          cstackBANK0  0000C0
time_difference@min2          cstackBANK0  0000C2
time_difference@s1            cstackBANK0  0000C4
time_difference@s2            cstackBANK0  0000C6
time_difference@time1         cstackBANK0  0000B6
time_difference@time2         cstackBANK0  0000B8
update_time@i                 cstackCOMRAM 00001E
update_time@time              cstackCOMRAM 00001C


FUNCTION INFORMATION:

 *************** function _main *****************
 Defined at:
		line 73 in file "main.c"
 Parameters:    Size  Location     Type
		None
 Auto vars:     Size  Location     Type
  time            7   68[BANK1 ] unsigned char [7]
  end_time        7   61[BANK1 ] unsigned char [7]
  start_time      7   54[BANK1 ] unsigned char [7]
  bot_count       4   78[BANK1 ] unsigned char [4]
  step_state      2   82[BANK1 ] unsigned char [2]
  temp            2   75[BANK1 ] int 
  mem             1   84[BANK1 ] unsigned char [1]
  pressed         1   77[BANK1 ] unsigned char 
 Return value:  Size  Location     Type
                  1    wreg      void 
 Registers used:
		wreg, fsr2l, fsr2h, status,2, status,0, tblptrl, tblptrh, tblptru, prodl, prodh, cstack
 Tracked objects:
		On entry : 
		On exit  : 
		Unchanged: 
 Data sizes:     COMRAM   BANK0   BANK1   BANK2   BANK3   BANK4   BANK5   BANK6   BANK7   BANK8   BANK9  BANK10  BANK11  BANK12  BANK13  BANK14  BANK15
      Params:         0       0       0       0       0       0       0       0       0       0       0       0       0       0       0       0       0
      Locals:         0       0      31       0       0       0       0       0       0       0       0       0       0       0       0       0       0
      Temps:          0       7       0       0       0       0       0       0       0       0       0       0       0       0       0       0       0
      Totals:         0       7      31       0       0       0       0       0       0       0       0       0       0       0       0       0       0
Total ram usage:       38 bytes
 Hardware stack levels required when called:   10
 This function calls:
		_I2C_Master_Init
		_bottle_count
		_date_time
		_eeprom_readbyte
		_eeprom_writebyte
		_initLCD
		_init_operation
		_lcdInst
		_operation_end
		_printf
		_runtime
		_update_time
 This function is called by:
		Startup code after reset
 This function uses a non-reentrant model


 *************** function _runtime *****************
 Defined at:
		line 438 in file "main.c"
 Parameters:    Size  Location     Type
  start_time      2  106[BANK0 ] PTR unsigned char 
		 -> main@start_time(7), 
  end_time        2  108[BANK0 ] PTR unsigned char 
		 -> main@end_time(7), 
 Auto vars:     Size  Location     Type
		None
 Return value:  Size  Location     Type
                  1    wreg      void 
 Registers used:
		wreg, fsr2l, fsr2h, status,2, status,0, tblptrl, tblptrh, tblptru, prodl, prodh, cstack
 Tracked objects:
		On entry : 
		On exit  : 
		Unchanged: 
 Data sizes:     COMRAM   BANK0   BANK1   BANK2   BANK3   BANK4   BANK5   BANK6   BANK7   BANK8   BANK9  BANK10  BANK11  BANK12  BANK13  BANK14  BANK15
      Params:         0       4       0       0       0       0       0       0       0       0       0       0       0       0       0       0       0
      Locals:         0       0       0       0       0       0       0       0       0       0       0       0       0       0       0       0       0
      Temps:          0       0       0       0       0       0       0       0       0       0       0       0       0       0       0       0       0
      Totals:         0       4       0       0       0       0       0       0       0       0       0       0       0       0       0       0       0
Total ram usage:        4 bytes
 Hardware stack levels used:    1
 Hardware stack levels required when called:    9
 This function calls:
		_lcdInst
		_printf
		_time_difference
 This function is called by:
		_main
 This function uses a non-reentrant model


 *************** function _operation_end *****************
 Defined at:
		line 484 in file "main.c"
 Parameters:    Size  Location     Type
  step_state      2  106[BANK0 ] PTR unsigned char 
		 -> main@step_state(2), 
 Auto vars:     Size  Location     Type
		None
 Return value:  Size  Location     Type
                  1    wreg      void 
 Registers used:
		wreg, fsr2l, fsr2h, status,2, status,0, tblptrl, tblptrh, tblptru, prodl, prodh, cstack
 Tracked objects:
		On entry : 
		On exit  : 
		Unchanged: 
 Data sizes:     COMRAM   BANK0   BANK1   BANK2   BANK3   BANK4   BANK5   BANK6   BANK7   BANK8   BANK9  BANK10  BANK11  BANK12  BANK13  BANK14  BANK15
      Params:         0       2       0       0       0       0       0       0       0       0       0       0       0       0       0       0       0
      Locals:         0       0       0       0       0       0       0       0       0       0       0       0       0       0       0       0       0
      Temps:          0       2       0       0       0       0       0       0       0       0       0       0       0       0       0       0       0
      Totals:         0       4       0       0       0       0       0       0       0       0       0       0       0       0       0       0       0
Total ram usage:        4 bytes
 Hardware stack levels used:    1
 Hardware stack levels required when called:    5
 This function calls:
		_lcdInst
		_printf
		_stepper_state
 This function is called by:
		_main
 This function uses a non-reentrant model


 *************** function _init_operation *****************
 Defined at:
		line 330 in file "main.c"
 Parameters:    Size  Location     Type
  start_time      2  106[BANK0 ] PTR unsigned char 
		 -> main@start_time(7), 
  time            2  108[BANK0 ] PTR unsigned char 
		 -> main@time(7), 
  bot_count       2  110[BANK0 ] PTR unsigned char 
		 -> main@bot_count(4), 
  step_state      2  112[BANK0 ] PTR unsigned char 
		 -> main@step_state(2), 
 Auto vars:     Size  Location     Type
  b2              2   44[BANK1 ] int 
  r2              2   42[BANK1 ] int 
  b1              2   40[BANK1 ] int 
  r1              2   38[BANK1 ] int 
  g2              2   26[BANK1 ] int 
  g1              2   24[BANK1 ] int 
  c2              2   20[BANK1 ] int 
  c1              2   18[BANK1 ] int 
  b2              2   36[BANK1 ] int 
  r2              2   34[BANK1 ] int 
  b1              2   30[BANK1 ] int 
  r1              2   28[BANK1 ] int 
  g2              2   22[BANK1 ] int 
  c2              2   16[BANK1 ] int 
  c1              2   14[BANK1 ] int 
  g1              2   12[BANK1 ] int 
  luminosity1     2    0[BANK1 ] int 
  i               2   32[BANK1 ] int 
  detection_ti    7    2[BANK1 ] unsigned char [7]
  clear           2   52[BANK1 ] unsigned char [2]
  blue            2   50[BANK1 ] unsigned char [2]
  green           2   48[BANK1 ] unsigned char [2]
  red             2   46[BANK1 ] unsigned char [2]
 Return value:  Size  Location     Type
                  1    wreg      void 
 Registers used:
		wreg, fsr2l, fsr2h, status,2, status,0, tblptrl, tblptrh, tblptru, prodl, prodh, cstack
 Tracked objects:
		On entry : 
		On exit  : 
		Unchanged: 
 Data sizes:     COMRAM   BANK0   BANK1   BANK2   BANK3   BANK4   BANK5   BANK6   BANK7   BANK8   BANK9  BANK10  BANK11  BANK12  BANK13  BANK14  BANK15
      Params:         0       8       0       0       0       0       0       0       0       0       0       0       0       0       0       0       0
      Locals:         0       0      54       0       0       0       0       0       0       0       0       0       0       0       0       0       0
      Temps:          0       2       0       0       0       0       0       0       0       0       0       0       0       0       0       0       0
      Totals:         0      10      54       0       0       0       0       0       0       0       0       0       0       0       0       0       0
Total ram usage:       64 bytes
 Hardware stack levels used:    1
 Hardware stack levels required when called:    9
 This function calls:
		___awtoft
		___ftadd
		___ftdiv
		___ftge
		___ftmul
		___fttol
		_initLCD
		_lcdInst
		_printf
		_read_colorsensor1
		_read_colorsensor2
		_stepper_state
		_time_difference
		_update_time
 This function is called by:
		_main
 This function uses a non-reentrant model


 *************** function _update_time *****************
 Defined at:
		line 263 in file "main.c"
 Parameters:    Size  Location     Type
  time            2   27[COMRAM] PTR unsigned char 
		 -> init_operation@detection_time(7), main@end_time(7), main@time(7), main@start_time(7), 
 Auto vars:     Size  Location     Type
  i               1   29[COMRAM] unsigned char 
 Return value:  Size  Location     Type
                  1    wreg      void 
 Registers used:
		wreg, fsr2l, fsr2h, status,2, status,0, prodl, prodh, cstack
 Tracked objects:
		On entry : 
		On exit  : 
		Unchanged: 
 Data sizes:     COMRAM   BANK0   BANK1   BANK2   BANK3   BANK4   BANK5   BANK6   BANK7   BANK8   BANK9  BANK10  BANK11  BANK12  BANK13  BANK14  BANK15
      Params:         2       0       0       0       0       0       0       0       0       0       0       0       0       0       0       0       0
      Locals:         1       0       0       0       0       0       0       0       0       0       0       0       0       0       0       0       0
      Temps:          0       0       0       0       0       0       0       0       0       0       0       0       0       0       0       0       0
      Totals:         3       0       0       0       0       0       0       0       0       0       0       0       0       0       0       0       0
Total ram usage:        3 bytes
 Hardware stack levels used:    1
 Hardware stack levels required when called:    4
 This function calls:
		_I2C_Master_Read
		_I2C_Master_Start
		_I2C_Master_Stop
		_I2C_Master_Write
 This function is called by:
		_main
		_init_operation
 This function uses a non-reentrant model


 *************** function _time_difference *****************
 Defined at:
		line 318 in file "main.c"
 Parameters:    Size  Location     Type
  time1           2   54[BANK0 ] PTR unsigned char 
		 -> main@end_time(7), main@time(7), 
  time2           2   56[BANK0 ] PTR unsigned char 
		 -> init_operation@detection_time(7), main@start_time(7), 
 Auto vars:     Size  Location     Type
  d3              2   76[BANK0 ] int 
  d2              2   74[BANK0 ] int 
  d1              2   72[BANK0 ] int 
  s2              2   70[BANK0 ] int 
  s1              2   68[BANK0 ] int 
  min2            2   66[BANK0 ] int 
  min1            2   64[BANK0 ] int 
  hr2             2   62[BANK0 ] int 
  hr1             2   60[BANK0 ] int 
 Return value:  Size  Location     Type
                  2   54[BANK0 ] int 
 Registers used:
		wreg, fsr2l, fsr2h, status,2, status,0, tblptrl, tblptrh, tblptru, prodl, prodh, cstack
 Tracked objects:
		On entry : 
		On exit  : 
		Unchanged: 
 Data sizes:     COMRAM   BANK0   BANK1   BANK2   BANK3   BANK4   BANK5   BANK6   BANK7   BANK8   BANK9  BANK10  BANK11  BANK12  BANK13  BANK14  BANK15
      Params:         0       4       0       0       0       0       0       0       0       0       0       0       0       0       0       0       0
      Locals:         0      18       0       0       0       0       0       0       0       0       0       0       0       0       0       0       0
      Temps:          0       2       0       0       0       0       0       0       0       0       0       0       0       0       0       0       0
      Totals:         0      24       0       0       0       0       0       0       0       0       0       0       0       0       0       0       0
Total ram usage:       24 bytes
 Hardware stack levels used:    1
 Hardware stack levels required when called:    8
 This function calls:
		___wmul
		_dec_to_hex
 This function is called by:
		_init_operation
		_runtime
 This function uses a non-reentrant model


 *************** function _dec_to_hex *****************
 Defined at:
		line 285 in file "main.c"
 Parameters:    Size  Location     Type
  num             2   38[BANK0 ] int 
 Auto vars:     Size  Location     Type
  quotient        2   52[BANK0 ] int 
  hexnum          2   50[BANK0 ] int 
  i               2   48[BANK0 ] int 
  temp            2   46[BANK0 ] int 
 Return value:  Size  Location     Type
                  2   38[BANK0 ] int 
 Registers used:
		wreg, fsr2l, fsr2h, status,2, status,0, tblptrl, tblptrh, tblptru, prodl, prodh, cstack
 Tracked objects:
		On entry : 
		On exit  : 
		Unchanged: 
 Data sizes:     COMRAM   BANK0   BANK1   BANK2   BANK3   BANK4   BANK5   BANK6   BANK7   BANK8   BANK9  BANK10  BANK11  BANK12  BANK13  BANK14  BANK15
      Params:         0       2       0       0       0       0       0       0       0       0       0       0       0       0       0       0       0
      Locals:         0      14       0       0       0       0       0       0       0       0       0       0       0       0       0       0       0
      Temps:          0       0       0       0       0       0       0       0       0       0       0       0       0       0       0       0       0
      Totals:         0      16       0       0       0       0       0       0       0       0       0       0       0       0       0       0       0
Total ram usage:       16 bytes
 Hardware stack levels used:    1
 Hardware stack levels required when called:    7
 This function calls:
		___awdiv
		___awtoft
		___ftadd
		___ftmul
		___fttol
		_pow
 This function is called by:
		_time_difference
 This function uses a non-reentrant model


 *************** function _pow *****************
 Defined at:
		line 5 in file "C:\Program Files (x86)\Microchip\xc8\v1.40\sources\common\pow.c"
 Parameters:    Size  Location     Type
  x               3   21[BANK0 ] int 
  y               3   24[BANK0 ] int 
 Auto vars:     Size  Location     Type
  yi              4   34[BANK0 ] unsigned long 
  sign            1   33[BANK0 ] unsigned char 
 Return value:  Size  Location     Type
                  3   21[BANK0 ] unsigned char 
 Registers used:
		wreg, fsr2l, fsr2h, status,2, status,0, tblptrl, tblptrh, tblptru, prodl, prodh, cstack
 Tracked objects:
		On entry : 
		On exit  : 
		Unchanged: 
 Data sizes:     COMRAM   BANK0   BANK1   BANK2   BANK3   BANK4   BANK5   BANK6   BANK7   BANK8   BANK9  BANK10  BANK11  BANK12  BANK13  BANK14  BANK15
      Params:         0       6       0       0       0       0       0       0       0       0       0       0       0       0       0       0       0
      Locals:         0      11       0       0       0       0       0       0       0       0       0       0       0       0       0       0       0
      Temps:          0       0       0       0       0       0       0       0       0       0       0       0       0       0       0       0       0
      Totals:         0      17       0       0       0       0       0       0       0       0       0       0       0       0       0       0       0
Total ram usage:       17 bytes
 Hardware stack levels used:    1
 Hardware stack levels required when called:    6
 This function calls:
		___ftge
		___ftmul
		___ftneg
		___fttol
		___lltoft
		_exp
		_log
 This function is called by:
		_dec_to_hex
		_hex_to_dec
 This function uses a non-reentrant model


 *************** function _log *****************
 Defined at:
		line 5 in file "C:\Program Files (x86)\Microchip\xc8\v1.40\sources\common\log.c"
 Parameters:    Size  Location     Type
  x               3   75[COMRAM] unsigned char 
 Auto vars:     Size  Location     Type
  exponent        2   78[COMRAM] int 
 Return value:  Size  Location     Type
                  3   75[COMRAM] int 
 Registers used:
		wreg, fsr2l, fsr2h, status,2, status,0, tblptrl, tblptrh, tblptru, prodl, prodh, cstack
 Tracked objects:
		On entry : 
		On exit  : 
		Unchanged: 
 Data sizes:     COMRAM   BANK0   BANK1   BANK2   BANK3   BANK4   BANK5   BANK6   BANK7   BANK8   BANK9  BANK10  BANK11  BANK12  BANK13  BANK14  BANK15
      Params:         3       0       0       0       0       0       0       0       0       0       0       0       0       0       0       0       0
      Locals:         2       0       0       0       0       0       0       0       0       0       0       0       0       0       0       0       0
      Temps:          0       0       0       0       0       0       0       0       0       0       0       0       0       0       0       0       0
      Totals:         5       0       0       0       0       0       0       0       0       0       0       0       0       0       0       0       0
Total ram usage:        5 bytes
 Hardware stack levels used:    1
 Hardware stack levels required when called:    5
 This function calls:
		___awtoft
		___ftadd
		___ftmul
		_eval_poly
		_frexp
 This function is called by:
		_pow
 This function uses a non-reentrant model


 *************** function _exp *****************
 Defined at:
		line 12 in file "C:\Program Files (x86)\Microchip\xc8\v1.40\sources\common\exp.c"
 Parameters:    Size  Location     Type
  x               3   12[BANK0 ] int 
 Auto vars:     Size  Location     Type
  exponent        2   18[BANK0 ] int 
  sign            1   20[BANK0 ] unsigned char 
 Return value:  Size  Location     Type
                  3   12[BANK0 ] unsigned char 
 Registers used:
		wreg, fsr2l, fsr2h, status,2, status,0, tblptrl, tblptrh, tblptru, prodl, prodh, cstack
 Tracked objects:
		On entry : 
		On exit  : 
		Unchanged: 
 Data sizes:     COMRAM   BANK0   BANK1   BANK2   BANK3   BANK4   BANK5   BANK6   BANK7   BANK8   BANK9  BANK10  BANK11  BANK12  BANK13  BANK14  BANK15
      Params:         0       3       0       0       0       0       0       0       0       0       0       0       0       0       0       0       0
      Locals:         0       6       0       0       0       0       0       0       0       0       0       0       0       0       0       0       0
      Temps:          0       0       0       0       0       0       0       0       0       0       0       0       0       0       0       0       0
      Totals:         0       9       0       0       0       0       0       0       0       0       0       0       0       0       0       0       0
Total ram usage:        9 bytes
 Hardware stack levels used:    1
 Hardware stack levels required when called:    5
 This function calls:
		___awtoft
		___ftdiv
		___ftge
		___ftmul
		___ftneg
		___ftsub
		___fttol
		_eval_poly
		_floor
		_ldexp
 This function is called by:
		_pow
 This function uses a non-reentrant model


 *************** function _ldexp *****************
 Defined at:
		line 277 in file "C:\Program Files (x86)\Microchip\xc8\v1.40\sources\common\frexp.c"
 Parameters:    Size  Location     Type
  value           3   75[COMRAM] unsigned char 
  newexp          2   78[COMRAM] int 
 Auto vars:     Size  Location     Type
		None
 Return value:  Size  Location     Type
                  3   75[COMRAM] int 
 Registers used:
		wreg, status,2, status,0
 Tracked objects:
		On entry : 
		On exit  : 
		Unchanged: 
 Data sizes:     COMRAM   BANK0   BANK1   BANK2   BANK3   BANK4   BANK5   BANK6   BANK7   BANK8   BANK9  BANK10  BANK11  BANK12  BANK13  BANK14  BANK15
      Params:         5       0       0       0       0       0       0       0       0       0       0       0       0       0       0       0       0
      Locals:         0       0       0       0       0       0       0       0       0       0       0       0       0       0       0       0       0
      Temps:          2       0       0       0       0       0       0       0       0       0       0       0       0       0       0       0       0
      Totals:         7       0       0       0       0       0       0       0       0       0       0       0       0       0       0       0       0
Total ram usage:        7 bytes
 Hardware stack levels used:    1
 Hardware stack levels required when called:    2
 This function calls:
		Nothing
 This function is called by:
		_exp
 This function uses a non-reentrant model


 *************** function _floor *****************
 Defined at:
		line 13 in file "C:\Program Files (x86)\Microchip\xc8\v1.40\sources\common\floor.c"
 Parameters:    Size  Location     Type
  x               3    4[BANK0 ] int 
 Auto vars:     Size  Location     Type
  i               3    7[BANK0 ] int 
  expon           2   10[BANK0 ] int 
 Return value:  Size  Location     Type
                  3    4[BANK0 ] int 
 Registers used:
		wreg, fsr2l, fsr2h, status,2, status,0, cstack
 Tracked objects:
		On entry : 
		On exit  : 
		Unchanged: 
 Data sizes:     COMRAM   BANK0   BANK1   BANK2   BANK3   BANK4   BANK5   BANK6   BANK7   BANK8   BANK9  BANK10  BANK11  BANK12  BANK13  BANK14  BANK15
[...]
      Locals:         1       0       0       0       0       0       0       0       0       0       0       0       0       0       0       0       0
      Temps:          0       0       0       0       0       0       0       0       0       0       0       0       0       0       0       0       0
      Totals:         5       0       0       0       0       0       0       0       0       0       0       0       0       0       0       0       0
Total ram usage:        5 bytes
 Hardware stack levels used:    1
 Hardware stack levels required when called:    2
 This function calls:
		Nothing
 This function is called by:
		_printf
 This function uses a non-reentrant model


 *************** function ___lwdiv *****************
 Defined at:
		line 8 in file "C:\Program Files (x86)\Microchip\xc8\v1.40\sources\common\lwdiv.c"
 Parameters:    Size  Location     Type
  dividend        2   24[COMRAM] unsigned int 
  divisor         2   26[COMRAM] unsigned int 
 Auto vars:     Size  Location     Type
  quotient        2   29[COMRAM] unsigned int 
  counter         1   28[COMRAM] unsigned char 
 Return value:  Size  Location     Type
                  2   24[COMRAM] unsigned int 
 Registers used:
		wreg, status,2, status,0
 Tracked objects:
		On entry : 
		On exit  : 
		Unchanged: 
 Data sizes:     COMRAM   BANK0   BANK1   BANK2   BANK3   BANK4   BANK5   BANK6   BANK7   BANK8   BANK9  BANK10  BANK11  BANK12  BANK13  BANK14  BANK15
      Params:         4       0       0       0       0       0       0       0       0       0       0       0       0       0       0       0       0
      Locals:         3       0       0       0       0       0       0       0       0       0       0       0       0       0       0       0       0
      Temps:          0       0       0       0       0       0       0       0       0       0       0       0       0       0       0       0       0
      Totals:         7       0       0       0       0       0       0       0       0       0       0       0       0       0       0       0       0
Total ram usage:        7 bytes
 Hardware stack levels used:    1
 Hardware stack levels required when called:    2
 This function calls:
		Nothing
 This function is called by:
		_printf
 This function uses a non-reentrant model


 *************** function _lcdInst *****************
 Defined at:
		line 25 in file "lcd.c"
 Parameters:    Size  Location     Type
  data            1    wreg     unsigned char 
 Auto vars:     Size  Location     Type
  data            1   26[COMRAM] unsigned char 
 Return value:  Size  Location     Type
                  1    wreg      void 
 Registers used:
		wreg, status,2, status,0, cstack
 Tracked objects:
		On entry : 
		On exit  : 
		Unchanged: 
 Data sizes:     COMRAM   BANK0   BANK1   BANK2   BANK3   BANK4   BANK5   BANK6   BANK7   BANK8   BANK9  BANK10  BANK11  BANK12  BANK13  BANK14  BANK15
      Params:         0       0       0       0       0       0       0       0       0       0       0       0       0       0       0       0       0
      Locals:         1       0       0       0       0       0       0       0       0       0       0       0       0       0       0       0       0
      Temps:          0       0       0       0       0       0       0       0       0       0       0       0       0       0       0       0       0
      Totals:         1       0       0       0       0       0       0       0       0       0       0       0       0       0       0       0       0
Total ram usage:        1 bytes
 Hardware stack levels used:    1
 Hardware stack levels required when called:    3
 This function calls:
		_lcdNibble
 This function is called by:
		_main
		_init_operation
		_runtime
		_bottle_count
		_operation_end
		_date_time
		_initLCD
 This function uses a non-reentrant model


 *************** function _lcdNibble *****************
 Defined at:
		line 35 in file "lcd.c"
 Parameters:    Size  Location     Type
  data            1    wreg     unsigned char 
 Auto vars:     Size  Location     Type
  data            1   25[COMRAM] unsigned char 
  temp            1   24[COMRAM] unsigned char 
 Return value:  Size  Location     Type
                  1    wreg      void 
 Registers used:
		wreg, status,2, status,0
 Tracked objects:
		On entry : 
		On exit  : 
		Unchanged: 
 Data sizes:     COMRAM   BANK0   BANK1   BANK2   BANK3   BANK4   BANK5   BANK6   BANK7   BANK8   BANK9  BANK10  BANK11  BANK12  BANK13  BANK14  BANK15
      Params:         0       0       0       0       0       0       0       0       0       0       0       0       0       0       0       0       0
      Locals:         2       0       0       0       0       0       0       0       0       0       0       0       0       0       0       0       0
      Temps:          0       0       0       0       0       0       0       0       0       0       0       0       0       0       0       0       0
      Totals:         2       0       0       0       0       0       0       0       0       0       0       0       0       0       0       0       0
Total ram usage:        2 bytes
 Hardware stack levels used:    1
 Hardware stack levels required when called:    2
 This function calls:
		Nothing
 This function is called by:
		_lcdInst
		_putch
 This function uses a non-reentrant model


 *************** function _I2C_Master_Init *****************
 Defined at:
		line 13 in file "I2C.c"
 Parameters:    Size  Location     Type
  c               4   37[COMRAM] const unsigned long 
 Auto vars:     Size  Location     Type
		None
 Return value:  Size  Location     Type
                  1    wreg      void 
 Registers used:
		wreg, status,2, status,0, cstack
 Tracked objects:
		On entry : 
		On exit  : 
		Unchanged: 
 Data sizes:     COMRAM   BANK0   BANK1   BANK2   BANK3   BANK4   BANK5   BANK6   BANK7   BANK8   BANK9  BANK10  BANK11  BANK12  BANK13  BANK14  BANK15
      Params:         4       0       0       0       0       0       0       0       0       0       0       0       0       0       0       0       0
      Locals:         0       0       0       0       0       0       0       0       0       0       0       0       0       0       0       0       0
      Temps:          4       0       0       0       0       0       0       0       0       0       0       0       0       0       0       0       0
      Totals:         8       0       0       0       0       0       0       0       0       0       0       0       0       0       0       0       0
Total ram usage:        8 bytes
 Hardware stack levels used:    1
 Hardware stack levels required when called:    3
 This function calls:
		___lldiv
 This function is called by:
		_main
 This function uses a non-reentrant model


 *************** function ___lldiv *****************
 Defined at:
		line 8 in file "C:\Program Files (x86)\Microchip\xc8\v1.40\sources\common\lldiv.c"
 Parameters:    Size  Location     Type
  dividend        4   24[COMRAM] unsigned long 
  divisor         4   28[COMRAM] unsigned long 
 Auto vars:     Size  Location     Type
  quotient        4   32[COMRAM] unsigned long 
  counter         1   36[COMRAM] unsigned char 
 Return value:  Size  Location     Type
                  4   24[COMRAM] unsigned long 
 Registers used:
		wreg, status,2, status,0
 Tracked objects:
		On entry : 
		On exit  : 
		Unchanged: 
 Data sizes:     COMRAM   BANK0   BANK1   BANK2   BANK3   BANK4   BANK5   BANK6   BANK7   BANK8   BANK9  BANK10  BANK11  BANK12  BANK13  BANK14  BANK15
      Params:         8       0       0       0       0       0       0       0       0       0       0       0       0       0       0       0       0
      Locals:         5       0       0       0       0       0       0       0       0       0       0       0       0       0       0       0       0
      Temps:          0       0       0       0       0       0       0       0       0       0       0       0       0       0       0       0       0
      Totals:        13       0       0       0       0       0       0       0       0       0       0       0       0       0       0       0       0
Total ram usage:       13 bytes
 Hardware stack levels used:    1
 Hardware stack levels required when called:    2
 This function calls:
		Nothing
 This function is called by:
		_I2C_Master_Init
 This function uses a non-reentrant model


 *************** function _keypressed *****************
 Defined at:
		line 191 in file "main.c"
 Parameters:    Size  Location     Type
  mem             3    5[COMRAM] PTR unsigned char 
 Auto vars:     Size  Location     Type
		None
 Return value:  Size  Location     Type
                  1    wreg      void 
 Registers used:
		wreg, status,2, status,0, cstack
 Tracked objects:
		On entry : 
		On exit  : 
		Unchanged: 
 Data sizes:     COMRAM   BANK0   BANK1   BANK2   BANK3   BANK4   BANK5   BANK6   BANK7   BANK8   BANK9  BANK10  BANK11  BANK12  BANK13  BANK14  BANK15
      Params:         3       0       0       0       0       0       0       0       0       0       0       0       0       0       0       0       0
      Locals:         0       0       0       0       0       0       0       0       0       0       0       0       0       0       0       0       0
      Temps:         16       0       0       0       0       0       0       0       0       0       0       0       0       0       0       0       0
      Totals:        19       0       0       0       0       0       0       0       0       0       0       0       0       0       0       0       0
Total ram usage:       19 bytes
 Hardware stack levels used:    1
 Hardware stack levels required when called:    1
 This function calls:
		i2_eeprom_readbyte
		i2_eeprom_writebyte
 This function is called by:
		Interrupt level 2
 This function uses a non-reentrant model


 *************** function i2_eeprom_writebyte *****************
 Defined at:
		line 713 in file "main.c"
 Parameters:    Size  Location     Type
  address         2    2[COMRAM] unsigned int 
  data            1    4[COMRAM] unsigned char 
 Auto vars:     Size  Location     Type
		None
 Return value:  Size  Location     Type
                  1    wreg      void 
 Registers used:
		wreg, status,2
 Tracked objects:
		On entry : 
		On exit  : 
		Unchanged: 
 Data sizes:     COMRAM   BANK0   BANK1   BANK2   BANK3   BANK4   BANK5   BANK6   BANK7   BANK8   BANK9  BANK10  BANK11  BANK12  BANK13  BANK14  BANK15
      Params:         3       0       0       0       0       0       0       0       0       0       0       0       0       0       0       0       0
      Locals:         0       0       0       0       0       0       0       0       0       0       0       0       0       0       0       0       0
      Temps:          0       0       0       0       0       0       0       0       0       0       0       0       0       0       0       0       0
      Totals:         3       0       0       0       0       0       0       0       0       0       0       0       0       0       0       0       0
Total ram usage:        3 bytes
 Hardware stack levels used:    1
 This function calls:
		Nothing
 This function is called by:
		_keypressed
 This function uses a non-reentrant model


 *************** function i2_eeprom_readbyte *****************
 Defined at:
		line 696 in file "main.c"
 Parameters:    Size  Location     Type
  address         2    0[COMRAM] unsigned int 
 Auto vars:     Size  Location     Type
		None
 Return value:  Size  Location     Type
                  1    wreg      unsigned char 
 Registers used:
		wreg, status,2
 Tracked objects:
		On entry : 
		On exit  : 
		Unchanged: 
 Data sizes:     COMRAM   BANK0   BANK1   BANK2   BANK3   BANK4   BANK5   BANK6   BANK7   BANK8   BANK9  BANK10  BANK11  BANK12  BANK13  BANK14  BANK15
      Params:         2       0       0       0       0       0       0       0       0       0       0       0       0       0       0       0       0
      Locals:         0       0       0       0       0       0       0       0       0       0       0       0       0       0       0       0       0
      Temps:          0       0       0       0       0       0       0       0       0       0       0       0       0       0       0       0       0
      Totals:         2       0       0       0       0       0       0       0       0       0       0       0       0       0       0       0       0
Total ram usage:        2 bytes
 Hardware stack levels used:    1
 This function calls:
		Nothing
 This function is called by:
		_keypressed
 This function uses a non-reentrant model



MODULE INFORMATION

Module		Function		Class		Link	Load	Size
C:\Program Files (x86)\Microchip\xc8\v1.40\sources\common\awtoft.c
		___awtoft      		CODE           	31E6	0000	57

C:\Program Files (x86)\Microchip\xc8\v1.40\sources\common\awtoft.c estimated size: 57

C:\Program Files (x86)\Microchip\xc8\v1.40\sources\common\altoft.c
		___altoft      		CODE           	2BCA	0000	137

C:\Program Files (x86)\Microchip\xc8\v1.40\sources\common\altoft.c estimated size: 137

C:\Program Files (x86)\Microchip\xc8\v1.40\sources\common\evalpoly.c
		_eval_poly     		CODE           	2868	0000	211

C:\Program Files (x86)\Microchip\xc8\v1.40\sources\common\evalpoly.c estimated size: 211

C:\Program Files (x86)\Microchip\xc8\v1.40\sources\common\ftneg.c
		___ftneg       		CODE           	32B6	0000	37

C:\Program Files (x86)\Microchip\xc8\v1.40\sources\common\ftneg.c estimated size: 37

C:\Program Files (x86)\Microchip\xc8\v1.40\sources\common\doprnt.c
		_printf        		CODE           	0E2A	0000	975

C:\Program Files (x86)\Microchip\xc8\v1.40\sources\common\doprnt.c estimated size: 975

C:\Program Files (x86)\Microchip\xc8\v1.40\sources\common\exp.c
		_exp           		CODE           	1418	0000	533

C:\Program Files (x86)\Microchip\xc8\v1.40\sources\common\exp.c estimated size: 533

C:\Program Files (x86)\Microchip\xc8\v1.40\sources\common\lltoft.c
		___lltoft      		CODE           	2F44	0000	93

C:\Program Files (x86)\Microchip\xc8\v1.40\sources\common\lltoft.c estimated size: 93

C:\Program Files (x86)\Microchip\xc8\v1.40\sources\common\ftsub.c
		___ftsub       		CODE           	316C	0000	65

C:\Program Files (x86)\Microchip\xc8\v1.40\sources\common\ftsub.c estimated size: 65

C:\Program Files (x86)\Microchip\xc8\v1.40\sources\common\float.c
		___ftpack      		CODE           	29FC	0000	175

C:\Program Files (x86)\Microchip\xc8\v1.40\sources\common\float.c estimated size: 175

I2C.c
		_I2C_Master_Read		CODE           	3244	0000	39
		_I2C_Master_Wait		CODE           	3324	0000	19
		_I2C_Master_Init		CODE           	2FA0	0000	91
		_I2C_Master_Stop		CODE           	3368	0000	9
		_I2C_Master_Write		CODE           	335E	0000	11
		_I2C_Master_Start		CODE           	3370	0000	9

I2C.c estimated size: 178

C:\Program Files (x86)\Microchip\xc8\v1.40\sources\common\frexp.c
		_ldexp         		CODE           	293A	0000	195
		_frexp         		CODE           	2AAA	0000	145

C:\Program Files (x86)\Microchip\xc8\v1.40\sources\common\frexp.c estimated size: 340

C:\Program Files (x86)\Microchip\xc8\v1.40\sources\common\log.c
		_log           		CODE           	2048	0000	283

C:\Program Files (x86)\Microchip\xc8\v1.40\sources\common\log.c estimated size: 283

C:\Program Files (x86)\Microchip\xc8\v1.40\sources\common\ftge.c
		___ftge        		CODE           	2B3A	0000	145

C:\Program Files (x86)\Microchip\xc8\v1.40\sources\common\ftge.c estimated size: 145

C:\Program Files (x86)\Microchip\xc8\v1.40\sources\common\floor.c
		_floor         		CODE           	2690	0000	243

C:\Program Files (x86)\Microchip\xc8\v1.40\sources\common\floor.c estimated size: 243

C:\Program Files (x86)\Microchip\xc8\v1.40\sources\common\Umul16.c
		___wmul        		CODE           	326A	0000	39

C:\Program Files (x86)\Microchip\xc8\v1.40\sources\common\Umul16.c estimated size: 39

C:\Program Files (x86)\Microchip\xc8\v1.40\sources\common\lwmod.c
		___lwmod       		CODE           	312A	0000	67

C:\Program Files (x86)\Microchip\xc8\v1.40\sources\common\lwmod.c estimated size: 67

C:\Program Files (x86)\Microchip\xc8\v1.40\sources\common\ftmul.c
		___ftmul       		CODE           	259C	0000	245

C:\Program Files (x86)\Microchip\xc8\v1.40\sources\common\ftmul.c estimated size: 245

C:\Program Files (x86)\Microchip\xc8\v1.40\sources\common\ftdiv.c
		___ftdiv       		CODE           	2782	0000	231

C:\Program Files (x86)\Microchip\xc8\v1.40\sources\common\ftdiv.c estimated size: 231

C:\Program Files (x86)\Microchip\xc8\v1.40\sources\common\pow.c
		_pow           		CODE           	1D4C	0000	419

C:\Program Files (x86)\Microchip\xc8\v1.40\sources\common\pow.c estimated size: 419

C:\Program Files (x86)\Microchip\xc8\v1.40\sources\common\isdigit.c
		_isdigit       		CODE           	32DA	0000	31

C:\Program Files (x86)\Microchip\xc8\v1.40\sources\common\isdigit.c estimated size: 31

shared
		exp@coeff      		MEDIUMCONST    	FE67	0000	31
		i2_eeprom_writebyte		CODE           	3290	0000	39
		_dpowers       		MEDIUMCONST    	FE4E	0000	11
		_keys          		MEDIUMCONST    	FE3D	0000	18
		__initialization		CODE           	31AC	0000	45
		_hexpowers     		MEDIUMCONST    	FE58	0000	9
		log@coeff      		MEDIUMCONST    	FE85	0000	28
		i2_eeprom_readbyte		CODE           	330E	0000	23
		_happynewyear  		MEDIUMCONST    	FE60	0000	8

shared estimated size: 212

lcd.c
		_putch         		CODE           	3346	0000	13
		_lcdInst       		CODE           	3352	0000	13
		_lcdNibble     		CODE           	304C	0000	79
		_initLCD       		CODE           	30E4	0000	71

lcd.c estimated size: 176

C:\Program Files (x86)\Microchip\xc8\v1.40\sources\common\fttol.c
		___fttol       		CODE           	24A8	0000	245

C:\Program Files (x86)\Microchip\xc8\v1.40\sources\common\fttol.c estimated size: 245

C:\Program Files (x86)\Microchip\xc8\v1.40\sources\common\lwdiv.c
		___lwdiv       		CODE           	2FFA	0000	83

C:\Program Files (x86)\Microchip\xc8\v1.40\sources\common\lwdiv.c estimated size: 83

C:\Program Files (x86)\Microchip\xc8\v1.40\sources\common\awdiv.c
		___awdiv       		CODE           	2C52	0000	133

C:\Program Files (x86)\Microchip\xc8\v1.40\sources\common\awdiv.c estimated size: 133

main.c
		_eeprom_writebyte		CODE           	321E	0000	39
		_stepper       		CODE           	2D5A	0000	133
		_bottle_count  		CODE           	11F8	0000	545
		_stepper_rev   		CODE           	2CD6	0000	133
		_dec_to_hex    		CODE           	2396	0000	275
		_main          		CODE           	09B2	0000	1145
		_stepper_state 		CODE           	162C	0000	467
		_date_time     		CODE           	1EEE	0000	347
		_update_time   		CODE           	2ED2	0000	115
		_eeprom_readbyte		CODE           	32F8	0000	23
		_time_difference		CODE           	19D0	0000	465
		_runtime       		CODE           	309A	0000	75
		_keypressed    		CODE           	0008	0000	473
		_read_colorsensor1		CODE           	227C	0000	283
		_read_colorsensor2		CODE           	2162	0000	283
		_operation_end 		CODE           	2E60	0000	115
		_init_operation		CODE           	0012	0000	2465

main.c estimated size: 7381

C:\Program Files (x86)\Microchip\xc8\v1.40\sources\common\ftadd.c
		___ftadd       		CODE           	1BA0	0000	429

C:\Program Files (x86)\Microchip\xc8\v1.40\sources\common\ftadd.c estimated size: 429

C:\Program Files (x86)\Microchip\xc8\v1.40\sources\common\lldiv.c
		___lldiv       		CODE           	2DDE	0000	131

C:\Program Files (x86)\Microchip\xc8\v1.40\sources\common\lldiv.c estimated size: 131

