Microchip MPLAB XC8 Compiler V1.40 ()

Linker command line:

-W-3 --edf=C:\Program Files (x86)\Microchip\xc8\v1.40\dat\en_msgs.txt -cs \
  -h+dist/default/production\Test.X.production.sym \
  --cmf=dist/default/production\Test.X.production.cmf -z -Q18F4620 \
  -oC:\Users\tonyk\AppData\Local\Temp\sk0.2 \
  -Mdist/default/production/Test.X.production.map -E1 -ver=XC8 \
  -ASTACK=012Ch-0f7fh -pstack=STACK -ACODE=00h-0FFFFh -ACONST=00h-0FFFFh \
  -ASMALLCONST=01000h-010FFhx240 -AMEDIUMCONST=01000h-0FFFFh \
  -ACOMRAM=01h-07Fh -AABS1=00h-0F7Fh -ABIGRAM=01h-0F7Fh \
  -ARAM=080h-0FFh,0100h-01FFhx14,0F00h-0F7Fh -ABANK0=080h-0FFh \
  -ABANK1=0100h-01FFh -ABANK2=0200h-02FFh -ABANK3=0300h-03FFh \
  -ABANK4=0400h-04FFh -ABANK5=0500h-05FFh -ABANK6=0600h-06FFh \
  -ABANK7=0700h-07FFh -ABANK8=0800h-08FFh -ABANK9=0900h-09FFh \
  -ABANK10=0A00h-0AFFh -ABANK11=0B00h-0BFFh -ABANK12=0C00h-0CFFh \
  -ABANK13=0D00h-0DFFh -ABANK14=0E00h-0EFFh -ABANK15=0F00h-0F7Fh \
  -ASFR=0F80h-0FFFh -preset_vec=00h,intcode=08h,intcodelo,powerup,init \
  -pramtop=01000h -psmallconst=SMALLCONST -pmediumconst=MEDIUMCONST \
  -pconst=CONST -AFARRAM=00h-00h -ACONFIG=0300000h-030000Dh -pconfig=CONFIG \
  -AIDLOC=0200000h-0200007h -pidloc=IDLOC -AEEDATA=0F00000h-0F003FFh \
  -peeprom_data=EEDATA \
  -prdata=COMRAM,nvrram=COMRAM,nvbit=COMRAM,rbss=COMRAM,rbit=COMRAM \
  -pfarbss=FARRAM,fardata=FARRAM,nvFARRAM=FARRAM \
  -pintsave_regs=BIGRAM,bigbss=BIGRAM,bigdata=BIGRAM -pbss=RAM \
  -pidata=CODE,irdata=CODE,ibigdata=CODE,ifardata=CODE -prparam=COMRAM \
  C:\Users\tonyk\AppData\Local\Temp\sk0.obj \
  dist/default/production\Test.X.production.obj 

Object code version is 3.11

Machine type is 18F4620

Call graph: (short form)




                Name                               Link     Load   Length Selector   Space Scale
C:\Users\tonyk\AppData\Local\Temp\sk0.obj
                init                                  E        E        4        4       0
                reset_vec                             0        0        4        0       0
                idloc                            200000   200000        8   200000       0
                config                           300000   300000        E   300000       0
dist/default/production\Test.X.production.obj
                intcode                               8        8        6        4       0
                temp                                 6F       6F        1        1       1
                mediumconst                        FE84     FE84      17C     7F42       0
                intcode_body                       1CC2     1CC2       FC        4       0
                text48                             2658     2658       82        4       0
                text47                             2890     2890       5A        4       0
                text46                             293C     293C       4E        4       0
                text45                             2BCA     2BCA        C        4       0
                text44                             28EA     28EA       52        4       0
                text43                             2A1A     2A1A       42        4       0
                text42                             2B34     2B34       26        4       0
                text41                             2B7E     2B7E       1E        4       0
                text40                             2BBE     2BBE        C        4       0
                text39                              78C      78C      3CE        4       0
                text38                              B5A      B5A      202        4       0
                text37                             2B9C     2B9C       12        4       0
                text36                             2B0E     2B0E       26        4       0
                text35                             2BE8     2BE8        8        4       0
                text34                             2BE0     2BE0        8        4       0
                text33                             2BD6     2BD6        A        4       0
                text32                             1716     1716      152        4       0
                text31                             29D4     29D4       46        4       0
                text30                             1A9C     1A9C      11A        4       0
                text29                             1982     1982      11A        4       0
                text28                             25D4     25D4       84        4       0
                text27                             2550     2550       84        4       0
                text26                              F40      F40      1D6        4       0
                text25                             24CC     24CC       84        4       0
                text24                             22FE     22FE       AE        4       0
                text23                             2834     2834       5C        4       0
                text22                             2AD6     2AD6       38        4       0
                text21                             1FA6     1FA6       E6        4       0
                text20                             2B5A     2B5A       24        4       0
                text19                             1116     1116      1AC        4       0
                text18                             2A5C     2A5C       40        4       0
                text17                             1EB2     1EB2       F4        4       0
                text16                             216A     216A       D2        4       0
                text15                             26DA     26DA       78        4       0
                text14                             243C     243C       90        4       0
                text13                             1DBE     1DBE       F4        4       0
                text12                             23AC     23AC       90        4       0
                text11                             208C     208C       DE        4       0
                text10                             223C     223C       C2        4       0
                text9                               D5C      D5C      1E4        4       0
                text8                              1868     1868      11A        4       0
                text7                              1448     1448      17C        4       0
                text6                              1BB6     1BB6      10C        4       0
                text5                              12C2     12C2      186        4       0
                text4                              2752     2752       72        4       0
                text3                                12       12      77A        4       0
                text2                              27C4     27C4       70        4       0
                text1                              298A     298A       4A        4       0
                text0                              15C4     15C4      152        4       0
                cstackCOMRAM                          1        1       6C        1       1
                cstackBANK0                          80       80       77       80       1
                cstackBANK1                         100      100       1B      100       1
                dataBANK1                           11B      11B       10      100       1
                bssBANK1                            12B      12B        1      100       1
                bssBANK0                             F7       F7        1       80       1
                bssCOMRAM                            6D       6D        2        1       1
                cinit                              2A9C     2A9C       3A        4       0
                idataBANK1                         2BAE     2BAE       10        4       0

TOTAL           Name                               Link     Load   Length     Space
        CLASS   STACK          

        CLASS   CODE           
                intcode                               8        8        6         0
                init                                  E        E        4         0
                reset_vec                             0        0        4         0
                intcode_body                       1CC2     1CC2       FC         0
                text48                             2658     2658       82         0
                text47                             2890     2890       5A         0
                text46                             293C     293C       4E         0
                text45                             2BCA     2BCA        C         0
                text44                             28EA     28EA       52         0
                text43                             2A1A     2A1A       42         0
                text42                             2B34     2B34       26         0
                text41                             2B7E     2B7E       1E         0
                text40                             2BBE     2BBE        C         0
                text39                              78C      78C      3CE         0
                text38                              B5A      B5A      202         0
                text37                             2B9C     2B9C       12         0
                text36                             2B0E     2B0E       26         0
                text35                             2BE8     2BE8        8         0
                text34                             2BE0     2BE0        8         0
                text33                             2BD6     2BD6        A         0
                text32                             1716     1716      152         0
                text31                             29D4     29D4       46         0
                text30                             1A9C     1A9C      11A         0
                text29                             1982     1982      11A         0
                text28                             25D4     25D4       84         0
                text27                             2550     2550       84         0
                text26                              F40      F40      1D6         0
                text25                             24CC     24CC       84         0
                text24                             22FE     22FE       AE         0
                text23                             2834     2834       5C         0
                text22                             2AD6     2AD6       38         0
                text21                             1FA6     1FA6       E6         0
                text20                             2B5A     2B5A       24         0
                text19                             1116     1116      1AC         0
                text18                             2A5C     2A5C       40         0
                text17                             1EB2     1EB2       F4         0
                text16                             216A     216A       D2         0
                text15                             26DA     26DA       78         0
                text14                             243C     243C       90         0
                text13                             1DBE     1DBE       F4         0
                text12                             23AC     23AC       90         0
                text11                             208C     208C       DE         0
                text10                             223C     223C       C2         0
                text9                               D5C      D5C      1E4         0
                text8                              1868     1868      11A         0
                text7                              1448     1448      17C         0
                text6                              1BB6     1BB6      10C         0
                text5                              12C2     12C2      186         0
                text4                              2752     2752       72         0
                text3                                12       12      77A         0
                text2                              27C4     27C4       70         0
                text1                              298A     298A       4A         0
                text0                              15C4     15C4      152         0
                cinit                              2A9C     2A9C       3A         0
                idataBANK1                         2BAE     2BAE       10         0

        CLASS   CONST          

        CLASS   SMALLCONST     

        CLASS   MEDIUMCONST    
                mediumconst                        FE84     FE84      17C         0

        CLASS   COMRAM         
                temp                                 6F       6F        1         1
                cstackCOMRAM                          1        1       6C         1
                bssCOMRAM                            6D       6D        2         1

        CLASS   ABS1           

        CLASS   BIGRAM         

        CLASS   RAM            

        CLASS   BANK0          
                cstackBANK0                          80       80       77         1
                bssBANK0                             F7       F7        1         1

        CLASS   BANK1          
                cstackBANK1                         100      100       1B         1
                dataBANK1                           11B      11B       10         1
                bssBANK1                            12B      12B        1         1

        CLASS   BANK2          

        CLASS   BANK3          

        CLASS   BANK4          

        CLASS   BANK5          

        CLASS   BANK6          

        CLASS   BANK7          

        CLASS   BANK8          

        CLASS   BANK9          

        CLASS   BANK10         

        CLASS   BANK11         

        CLASS   BANK12         

        CLASS   BANK13         

        CLASS   BANK14         

        CLASS   BANK15         

        CLASS   SFR            

        CLASS   FARRAM         

        CLASS   CONFIG         
                config                           300000   300000        E         0

        CLASS   IDLOC          
                idloc                            200000   200000        8         0

        CLASS   EEDATA         



SEGMENTS        Name                           Load    Length   Top    Selector   Space  Class

                reset_vec                      000000  000004  000004         0       0  CODE    
                cstackCOMRAM                   000001  00006F  000070         1       1  COMRAM  
                intcode                        000008  002BE8  002BF0         4       0  CODE    
                cstackBANK0                    000080  000078  0000F8        80       1  BANK0   
                cstackBANK1                    000100  00002C  00012C       100       1  BANK1   
                mediumconst                    00FE84  00017C  010000      7F42       0  MEDIUMCO
                idloc                          200000  000008  200008    200000       0  IDLOC   
                config                         300000  00000E  30000E    300000       0  CONFIG  


UNUSED ADDRESS RANGES

        Name                Unused          Largest block    Delta
        BANK0            0000F8-0000FF                8
        BANK1            00012C-0001FF               D4
        BANK10           000A00-000AFF              100
        BANK11           000B00-000BFF              100
        BANK12           000C00-000CFF              100
        BANK13           000D00-000DFF              100
        BANK14           000E00-000EFF              100
        BANK15           000F00-000F7F               80
        BANK2            000200-0002FF              100
        BANK3            000300-0003FF              100
        BANK4            000400-0004FF              100
        BANK5            000500-0005FF              100
        BANK6            000600-0006FF              100
        BANK7            000700-0007FF              100
        BANK8            000800-0008FF              100
        BANK9            000900-0009FF              100
        BIGRAM           000070-00007F               10
                         0000F8-0000FF                8
                         00012C-000F7F              E54
        CODE             000004-000007                4
                         002BF0-00FE83             D294
        COMRAM           000070-00007F               10
        CONST            000004-000007                4
                         002BF0-00FE83             D294
        EEDATA           F00000-F003FF              400
        MEDIUMCONST      002BF0-00FE83             D294
        RAM              0000F8-0000FF                8
                         00012C-000F7F              100
        SFR              000F80-000FFF               80
        SMALLCONST       002BF0-00FE83              100
        STACK            00012C-000F7F              E54

                                  Symbol Table

?___altoft                    cstackCOMRAM 000047
?___awdiv                     cstackCOMRAM 000011
?___awtoft                    cstackCOMRAM 000019
?___ftadd                     cstackCOMRAM 00002C
?___ftdiv                     cstackCOMRAM 000019
?___ftmul                     cstackCOMRAM 00001D
?___ftneg                     cstackCOMRAM 000011
?___ftpack                    cstackCOMRAM 000011
?___ftsub                     cstackCOMRAM 000038
?___fttol                     cstackCOMRAM 000038
?___lldiv                     cstackCOMRAM 000011
?___lltoft                    cstackCOMRAM 000019
?___lwdiv                     cstackCOMRAM 000011
?___lwmod                     cstackCOMRAM 000018
?___wmul                      cstackCOMRAM 000011
?_dec_to_hex                  cstackCOMRAM 000068
?_eval_poly                   cstackCOMRAM 000038
?_exp                         cstackCOMRAM 000059
?_floor                       cstackCOMRAM 000051
?_frexp                       cstackCOMRAM 000011
?_ldexp                       cstackCOMRAM 000044
?_log                         cstackCOMRAM 000044
?_pow                         cstackCOMRAM 000062
?_printf                      cstackBANK0  0000AF
?_time_difference             cstackBANK0  000099
I2C_Master_Init@c             cstackCOMRAM 00001E
I2C_Master_Read@a             cstackCOMRAM 000012
I2C_Master_Read@temp          cstackCOMRAM 000013
I2C_Master_Write@d            cstackCOMRAM 000012
_ACKDT                        (abs)        007E2D
_ACKEN                        (abs)        007E2C
_ADCON0                       (abs)        000FC2
_ADCON1                       (abs)        000FC1
_EEADR                        (abs)        000FA9
_EEADRH                       (abs)        000FAA
_EECON1bits                   (abs)        000FA6
_EECON2                       (abs)        000FA7
_EEDATA                       (abs)        000FA8
_I2C_Master_Init              text47       002890
_I2C_Master_Read              text36       002B0E
_I2C_Master_Start             text35       002BE8
_I2C_Master_Stop              text34       002BE0
_I2C_Master_Wait              text37       002B9C
_I2C_Master_Write             text33       002BD6
_INT1IE                       (abs)        007F83
_INT1IF                       (abs)        007F80
_INTCONbits                   (abs)        000FF2
_LATA                         (abs)        000F89
_LATB                         (abs)        000F8A
_LATC                         (abs)        000F8B
_LATD                         (abs)        000F8C
_LATDbits                     (abs)        000F8C
_LATE                         (abs)        000F8D
_PEN                          (abs)        007E2A
_PIR2bits                     (abs)        000FA1
_PORTB                        (abs)        000F81
_PORTCbits                    (abs)        000F82
_PORTEbits                    (abs)        000F84
_RCEN                         (abs)        007E2B
_RSEN                         (abs)        007E29
_SEN                          (abs)        007E28
_SSPADD                       (abs)        000FC8
_SSPBUF                       (abs)        000FC9
_SSPCON1                      (abs)        000FC6
_SSPCON2                      (abs)        000FC5
_SSPSTAT                      (abs)        000FC7
_TRISA                        (abs)        000F92
_TRISB                        (abs)        000F93
_TRISC                        (abs)        000F94
_TRISC3                       (abs)        007CA3
_TRISC4                       (abs)        007CA4
_TRISD                        (abs)        000F95
_TRISE                        (abs)        000F96
__CFG_BOREN$SBORDIS           (abs)        000000
__CFG_BORV$3                  (abs)        000000
__CFG_CCP2MX$PORTC            (abs)        000000
__CFG_CP0$OFF                 (abs)        000000
__CFG_CP1$OFF                 (abs)        000000
__CFG_CP2$OFF                 (abs)        000000
__CFG_CP3$OFF                 (abs)        000000
__CFG_CPB$OFF                 (abs)        000000
__CFG_CPD$OFF                 (abs)        000000
__CFG_EBTR0$OFF               (abs)        000000
__CFG_EBTR1$OFF               (abs)        000000
__CFG_EBTR2$OFF               (abs)        000000
__CFG_EBTR3$OFF               (abs)        000000
__CFG_EBTRB$OFF               (abs)        000000
__CFG_FCMEN$OFF               (abs)        000000
__CFG_IESO$OFF                (abs)        000000
__CFG_LPT1OSC$OFF             (abs)        000000
__CFG_LVP$OFF                 (abs)        000000
__CFG_MCLRE$ON                (abs)        000000
__CFG_OSC$HS                  (abs)        000000
__CFG_PBADEN$ON               (abs)        000000
__CFG_PWRT$OFF                (abs)        000000
__CFG_STVREN$ON               (abs)        000000
__CFG_WDT$OFF                 (abs)        000000
__CFG_WDTPS$32768             (abs)        000000
__CFG_WRT0$OFF                (abs)        000000
__CFG_WRT1$OFF                (abs)        000000
__CFG_WRT2$OFF                (abs)        000000
__CFG_WRT3$OFF                (abs)        000000
__CFG_WRTB$OFF                (abs)        000000
__CFG_WRTC$OFF                (abs)        000000
__CFG_WRTD$OFF                (abs)        000000
__CFG_XINST$OFF               (abs)        000000
__HRAM                        (abs)        000000
__Habs1                       abs1         000000
__Hbank0                      bank0        000000
__Hbank1                      bank1        000000
__Hbank10                     bank10       000000
__Hbank11                     bank11       000000
__Hbank12                     bank12       000000
__Hbank13                     bank13       000000
__Hbank14                     bank14       000000
__Hbank15                     bank15       000000
__Hbank2                      bank2        000000
__Hbank3                      bank3        000000
__Hbank4                      bank4        000000
__Hbank5                      bank5        000000
__Hbank6                      bank6        000000
__Hbank7                      bank7        000000
__Hbank8                      bank8        000000
__Hbank9                      bank9        000000
__Hbigbss                     bigbss       000000
__Hbigdata                    bigdata      000000
__Hbigram                     bigram       000000
__Hbss                        bss          000000
__HbssBANK0                   bssBANK0     000000
__HbssBANK1                   bssBANK1     000000
__HbssCOMRAM                  bssCOMRAM    000000
__Hcinit                      cinit        000000
__Hclrtext                    clrtext      000000
__Hcomram                     comram       000000
__Hconfig                     config       30000E
__Hconst                      const        000000
__HcstackBANK0                cstackBANK0  000000
__HcstackBANK1                cstackBANK1  000000
__HcstackCOMRAM               cstackCOMRAM 000000
__Hdata                       data         000000
__HdataBANK1                  dataBANK1    000000
__Heeprom_data                eeprom_data  000000
__Hfarbss                     farbss       000000
__Hfardata                    fardata      000000
__Hibigdata                   ibigdata     000000
__Hidata                      idata        000000
__HidataBANK1                 idataBANK1   000000
__Hidloc                      idloc        200008
__Hifardata                   ifardata     000000
__Hinit                       init         000012
__Hintcode                    intcode      00000E
__Hintcode_body               intcode_body 000000
__Hintcodelo                  intcodelo    00000E
__Hintentry                   intentry     000000
__Hintret                     intret       000000
__Hintsave_regs               intsave_regs 000000
__Hirdata                     irdata       000000
__Hmediumconst                mediumconst  010000
__HnvFARRAM                   nvFARRAM     000000
__Hnvbit                      nvbit        000000
__Hnvrram                     nvrram       000000
__Hparam                      rparam       000000
__Hpowerup                    powerup      00000E
__Hram                        ram          000000
__Hramtop                     ramtop       001000
__Hrbit                       rbit         000000
__Hrbss                       rbss         000000
__Hrdata                      rdata        000000
__Hreset_vec                  reset_vec    000004
__Hrparam                     rparam       000000
__Hsfr                        sfr          000000
__Hsmallconst                 smallconst   000000
__Hspace_0                    (abs)        30000E
__Hspace_1                    (abs)        00012C
__Hspace_2                    (abs)        000000
__Hstack                      stack        000000
__Hstruct                     struct       000000
__Htemp                       temp         000070
__Htext                       text         000000
__Htext0                      text0        000000
__Htext1                      text1        000000
__Htext10                     text10       000000
__Htext11                     text11       000000
__Htext12                     text12       000000
__Htext13                     text13       000000
__Htext14                     text14       000000
__Htext15                     text15       000000
__Htext16                     text16       000000
__Htext17                     text17       000000
__Htext18                     text18       000000
__Htext19                     text19       000000
__Htext2                      text2        000000
__Htext20                     text20       000000
__Htext21                     text21       000000
__Htext22                     text22       000000
__Htext23                     text23       000000
__Htext24                     text24       000000
__Htext25                     text25       000000
__Htext26                     text26       000000
__Htext27                     text27       000000
__Htext28                     text28       000000
__Htext29                     text29       000000
__Htext3                      text3        000000
__Htext30                     text30       000000
__Htext31                     text31       000000
__Htext32                     text32       000000
__Htext33                     text33       000000
__Htext34                     text34       000000
__Htext35                     text35       000000
__Htext36                     text36       000000
__Htext37                     text37       000000
__Htext38                     text38       000000
__Htext39                     text39       000000
__Htext4                      text4        000000
__Htext40                     text40       000000
__Htext41                     text41       000000
__Htext42                     text42       000000
__Htext43                     text43       000000
__Htext44                     text44       000000
__Htext45                     text45       000000
__Htext46                     text46       000000
__Htext47                     text47       000000
__Htext48                     text48       000000
__Htext5                      text5        000000
__Htext6                      text6        000000
__Htext7                      text7        000000
__Htext8                      text8        000000
__Htext9                      text9        000000
__LRAM                        (abs)        000001
__Labs1                       abs1         000000
__Lbank0                      bank0        000000
__Lbank1                      bank1        000000
__Lbank10                     bank10       000000
__Lbank11                     bank11       000000
__Lbank12                     bank12       000000
__Lbank13                     bank13       000000
__Lbank14                     bank14       000000
__Lbank15                     bank15       000000
__Lbank2                      bank2        000000
__Lbank3                      bank3        000000
__Lbank4                      bank4        000000
__Lbank5                      bank5        000000
__Lbank6                      bank6        000000
__Lbank7                      bank7        000000
__Lbank8                      bank8        000000
__Lbank9                      bank9        000000
__Lbigbss                     bigbss       000000
__Lbigdata                    bigdata      000000
__Lbigram                     bigram       000000
__Lbss                        bss          000000
__LbssBANK0                   bssBANK0     000000
__LbssBANK1                   bssBANK1     000000
__LbssCOMRAM                  bssCOMRAM    000000
__Lcinit                      cinit        000000
__Lclrtext                    clrtext      000000
__Lcomram                     comram       000000
__Lconfig                     config       300000
__Lconst                      const        000000
__LcstackBANK0                cstackBANK0  000000
__LcstackBANK1                cstackBANK1  000000
__LcstackCOMRAM               cstackCOMRAM 000000
__Ldata                       data         000000
__LdataBANK1                  dataBANK1    000000
__Leeprom_data                eeprom_data  000000
__Lfarbss                     farbss       000000
__Lfardata                    fardata      000000
__Libigdata                   ibigdata     000000
__Lidata                      idata        000000
__LidataBANK1                 idataBANK1   000000
__Lidloc                      idloc        200000
__Lifardata                   ifardata     000000
__Linit                       init         00000E
__Lintcode                    intcode      000008
__Lintcode_body               intcode_body 000000
__Lintcodelo                  intcodelo    00000E
__Lintentry                   intentry     000000
__Lintret                     intret       000000
__Lintsave_regs               intsave_regs 000000
__Lirdata                     irdata       000000
__Lmediumconst                mediumconst  00FE84
__LnvFARRAM                   nvFARRAM     000000
__Lnvbit                      nvbit        000000
__Lnvrram                     nvrram       000000
__Lparam                      rparam       000000
__Lpowerup                    powerup      00000E
__Lram                        ram          000000
__Lramtop                     ramtop       001000
__Lrbit                       rbit         000000
__Lrbss                       rbss         000000
__Lrdata                      rdata        000000
__Lreset_vec                  reset_vec    000000
__Lrparam                     rparam       000000
__Lsfr                        sfr          000000
__Lsmallconst                 smallconst   000000
__Lspace_0                    (abs)        000000
__Lspace_1                    (abs)        000000
__Lspace_2                    (abs)        000000
__Lstack                      stack        000000
__Lstruct                     struct       000000
__Ltemp                       temp         00006F
__Ltext                       text         000000
__Ltext0                      text0        000000
__Ltext1                      text1        000000
__Ltext10                     text10       000000
__Ltext11                     text11       000000
__Ltext12                     text12       000000
__Ltext13                     text13       000000
__Ltext14                     text14       000000
__Ltext15                     text15       000000
__Ltext16                     text16       000000
__Ltext17                     text17       000000
__Ltext18                     text18       000000
__Ltext19                     text19       000000
__Ltext2                      text2        000000
__Ltext20                     text20       000000
__Ltext21                     text21       000000
__Ltext22                     text22       000000
__Ltext23                     text23       000000
__Ltext24                     text24       000000
__Ltext25                     text25       000000
__Ltext26                     text26       000000
__Ltext27                     text27       000000
__Ltext28                     text28       000000
__Ltext29                     text29       000000
__Ltext3                      text3        000000
__Ltext30                     text30       000000
__Ltext31                     text31       000000
__Ltext32                     text32       000000
__Ltext33                     text33       000000
__Ltext34                     text34       000000
__Ltext35                     text35       000000
__Ltext36                     text36       000000
__Ltext37                     text37       000000
__Ltext38                     text38       000000
__Ltext39                     text39       000000
__Ltext4                      text4        000000
__Ltext40                     text40       000000
__Ltext41                     text41       000000
__Ltext42                     text42       000000
__Ltext43                     text43       000000
__Ltext44                     text44       000000
__Ltext45                     text45       000000
__Ltext46                     text46       000000
__Ltext47                     text47       000000
__Ltext48                     text48       000000
__Ltext5                      text5        000000
__Ltext6                      text6        000000
__Ltext7                      text7        000000
__Ltext8                      text8        000000
__Ltext9                      text9        000000
__S0                          (abs)        30000E
__S1                          (abs)        00012C
__S2                          (abs)        000000
___altoft                     text15       0026DA
___altoft@c                   cstackCOMRAM 000047
___altoft@exp                 cstackCOMRAM 00004F
___altoft@sign                cstackCOMRAM 000050
___awdiv                      text25       0024CC
___awdiv@counter              cstackCOMRAM 000015
___awdiv@dividend             cstackCOMRAM 000011
___awdiv@divisor              cstackCOMRAM 000013
___awdiv@quotient             cstackCOMRAM 000017
___awdiv@sign                 cstackCOMRAM 000016
___awtoft                     text22       002AD6
___awtoft@c                   cstackCOMRAM 000019
___awtoft@sign                cstackCOMRAM 00001C
___ftadd                      text19       001116
___ftadd@exp1                 cstackCOMRAM 000037
___ftadd@exp2                 cstackCOMRAM 000036
___ftadd@f1                   cstackCOMRAM 00002C
___ftadd@f2                   cstackCOMRAM 00002F
___ftadd@sign                 cstackCOMRAM 000035
___ftdiv                      text21       001FA6
___ftdiv@cntr                 cstackCOMRAM 000022
___ftdiv@exp                  cstackCOMRAM 000026
___ftdiv@f1                   cstackCOMRAM 000019
___ftdiv@f2                   cstackCOMRAM 00001C
___ftdiv@f3                   cstackCOMRAM 000023
___ftdiv@sign                 cstackCOMRAM 000027
___ftge                       text14       00243C
___ftge@ff1                   cstackCOMRAM 00001D
___ftge@ff2                   cstackCOMRAM 000020
___ftmul                      text17       001EB2
___ftmul@cntr                 cstackCOMRAM 00002A
___ftmul@exp                  cstackCOMRAM 000026
___ftmul@f1                   cstackCOMRAM 00001D
___ftmul@f2                   cstackCOMRAM 000020
___ftmul@f3_as_product        cstackCOMRAM 000027
___ftmul@sign                 cstackCOMRAM 00002B
___ftneg                      text20       002B5A
___ftneg@f1                   cstackCOMRAM 000011
___ftpack                     text24       0022FE
___ftpack@arg                 cstackCOMRAM 000011
___ftpack@exp                 cstackCOMRAM 000014
___ftpack@sign                cstackCOMRAM 000015
___ftsub                      text18       002A5C
___ftsub@f1                   cstackCOMRAM 000038
___ftsub@f2                   cstackCOMRAM 00003B
___fttol                      text13       001DBE
___fttol@exp1                 cstackCOMRAM 000046
___fttol@f1                   cstackCOMRAM 000038
___fttol@lval                 cstackCOMRAM 000042
___fttol@sign1                cstackCOMRAM 000041
___inthi_sp                   stack        000000
___intlo_sp                   stack        000000
___lldiv                      text48       002658
___lldiv@counter              cstackCOMRAM 00001D
___lldiv@dividend             cstackCOMRAM 000011
___lldiv@divisor              cstackCOMRAM 000015
___lldiv@quotient             cstackCOMRAM 000019
___lltoft                     text23       002834
___lltoft@c                   cstackCOMRAM 000019
___lltoft@exp                 cstackCOMRAM 000021
___lwdiv                      text44       0028EA
___lwdiv@counter              cstackCOMRAM 000017
___lwdiv@dividend             cstackCOMRAM 000011
___lwdiv@divisor              cstackCOMRAM 000013
___lwdiv@quotient             cstackCOMRAM 000015
___lwmod                      text43       002A1A
___lwmod@counter              cstackCOMRAM 00001C
___lwmod@dividend             cstackCOMRAM 000018
___lwmod@divisor              cstackCOMRAM 00001A
___param_bank                 (abs)        000000
___rparam_used                (abs)        000001
___sp                         stack        000000
___wmul                       text42       002B34
___wmul@multiplicand          cstackCOMRAM 000013
___wmul@multiplier            cstackCOMRAM 000011
___wmul@product               cstackCOMRAM 000015
__accesstop                   (abs)        000080
__activetblptr                (abs)        000002
__end_of_I2C_Master_Init      text47       0028EA
__end_of_I2C_Master_Read      text36       002B34
__end_of_I2C_Master_Start     text35       002BF0
__end_of_I2C_Master_Stop      text34       002BE8
__end_of_I2C_Master_Wait      text37       002BAE
__end_of_I2C_Master_Write     text33       002BE0
__end_of___altoft             text15       002752
__end_of___awdiv              text25       002550
__end_of___awtoft             text22       002B0E
__end_of___ftadd              text19       0012C2
__end_of___ftdiv              text21       00208C
__end_of___ftge               text14       0024CC
__end_of___ftmul              text17       001FA6
__end_of___ftneg              text20       002B7E
__end_of___ftpack             text24       0023AC
__end_of___ftsub              text18       002A9C
__end_of___fttol              text13       001EB2
__end_of___lldiv              text48       0026DA
__end_of___lltoft             text23       002890
__end_of___lwdiv              text44       00293C
__end_of___lwmod              text43       002A5C
__end_of___wmul               text42       002B5A
__end_of__initialization      cinit        002AC8
__end_of_bottle_count         text38       000D5C
__end_of_date_time            text32       001868
__end_of_dec_to_hex           text6        001CC2
__end_of_dpowers              mediumconst  00FEA0
__end_of_eval_poly            text16       00223C
__end_of_exp                  text9        000F40
__end_of_floor                text11       00216A
__end_of_frexp                text12       00243C
__end_of_happynewyear         mediumconst  00FEAF
__end_of_hexpowers            mediumconst  00FEA8
__end_of_initLCD              text31       002A1A
__end_of_init_operation       text3        00078C
__end_of_isdigit              text41       002B9C
__end_of_keypressed           intcode_body 001DBE
__end_of_keys                 mediumconst  00FE96
__end_of_lcdInst              text45       002BD6
__end_of_lcdNibble            text46       00298A
__end_of_ldexp                text10       0022FE
__end_of_log                  text8        001982
__end_of_main                 text0        001716
__end_of_operation_end        text2        002834
__end_of_pow                  text7        0015C4
__end_of_printf               text39       000B5A
__end_of_putch                text40       002BCA
__end_of_read_colorsensor1    text30       001BB6
__end_of_read_colorsensor2    text29       001A9C
__end_of_runtime              text1        0029D4
__end_of_stepper              text28       002658
__end_of_stepper_rev          text27       0025D4
__end_of_stepper_state        text26       001116
__end_of_time_difference      text5        001448
__end_of_update_time          text4        0027C4
__end_ofexp@coeff             mediumconst  00FECD
__end_oflog@coeff             mediumconst  00FEE8
__initialization              cinit        002A9C
__mediumconst                 mediumconst  00FE84
__pbssBANK0                   bssBANK0     0000F7
__pbssBANK1                   bssBANK1     00012B
__pbssCOMRAM                  bssCOMRAM    00006D
__pcinit                      cinit        002A9C
__pcstackBANK0                cstackBANK0  000080
__pcstackBANK1                cstackBANK1  000100
__pcstackCOMRAM               cstackCOMRAM 000001
__pdataBANK1                  dataBANK1    00011B
__pidataBANK1                 idataBANK1   002BAE
__pintcode                    intcode      000008
__pintcode_body               intcode_body 001CC2
__pmediumconst                mediumconst  00FE84
__ptext0                      text0        0015C4
__ptext1                      text1        00298A
__ptext10                     text10       00223C
__ptext11                     text11       00208C
__ptext12                     text12       0023AC
__ptext13                     text13       001DBE
__ptext14                     text14       00243C
__ptext15                     text15       0026DA
__ptext16                     text16       00216A
__ptext17                     text17       001EB2
__ptext18                     text18       002A5C
__ptext19                     text19       001116
__ptext2                      text2        0027C4
__ptext20                     text20       002B5A
__ptext21                     text21       001FA6
__ptext22                     text22       002AD6
__ptext23                     text23       002834
__ptext24                     text24       0022FE
__ptext25                     text25       0024CC
__ptext26                     text26       000F40
__ptext27                     text27       002550
__ptext28                     text28       0025D4
__ptext29                     text29       001982
__ptext3                      text3        000012
__ptext30                     text30       001A9C
__ptext31                     text31       0029D4
__ptext32                     text32       001716
__ptext33                     text33       002BD6
__ptext34                     text34       002BE0
__ptext35                     text35       002BE8
__ptext36                     text36       002B0E
__ptext37                     text37       002B9C
__ptext38                     text38       000B5A
__ptext39                     text39       00078C
__ptext4                      text4        002752
__ptext40                     text40       002BBE
__ptext41                     text41       002B7E
__ptext42                     text42       002B34
__ptext43                     text43       002A1A
__ptext44                     text44       0028EA
__ptext45                     text45       002BCA
__ptext46                     text46       00293C
__ptext47                     text47       002890
__ptext48                     text48       002658
__ptext5                      text5        0012C2
__ptext6                      text6        001BB6
__ptext7                      text7        001448
__ptext8                      text8        001868
__ptext9                      text9        000D5C
__ramtop                      ramtop       001000
__size_of_I2C_Master_Init     (abs)        000000
__size_of_I2C_Master_Read     (abs)        000000
__size_of_I2C_Master_Start    (abs)        000000
__size_of_I2C_Master_Stop     (abs)        000000
__size_of_I2C_Master_Wait     (abs)        000000
__size_of_I2C_Master_Write    (abs)        000000
__size_of___altoft            (abs)        000000
__size_of___awdiv             (abs)        000000
__size_of___awtoft            (abs)        000000
__size_of___ftadd             (abs)        000000
__size_of___ftdiv             (abs)        000000
__size_of___ftge              (abs)        000000
__size_of___ftmul             (abs)        000000
__size_of___ftneg             (abs)        000000
__size_of___ftpack            (abs)        000000
__size_of___ftsub             (abs)        000000
__size_of___fttol             (abs)        000000
__size_of___lldiv             (abs)        000000
__size_of___lltoft            (abs)        000000
__size_of___lwdiv             (abs)        000000
__size_of___lwmod             (abs)        000000
__size_of___wmul              (abs)        000000
__size_of_bottle_count        (abs)        000000
__size_of_date_time           (abs)        000000
__size_of_dec_to_hex          (abs)        000000
__size_of_eval_poly           (abs)        000000
__size_of_exp                 (abs)        000000
__size_of_floor               (abs)        000000
__size_of_frexp               (abs)        000000
__size_of_initLCD             (abs)        000000
__size_of_init_operation      (abs)        000000
__size_of_isdigit             (abs)        000000
__size_of_keypressed          (abs)        000000
__size_of_lcdInst             (abs)        000000
__size_of_lcdNibble           (abs)        000000
__size_of_ldexp               (abs)        000000
__size_of_log                 (abs)        000000
__size_of_main                (abs)        000000
__size_of_operation_end       (abs)        000000
__size_of_pow                 (abs)        000000
__size_of_printf              (abs)        000000
__size_of_putch               (abs)        000000
__size_of_read_colorsensor1   (abs)        000000
__size_of_read_colorsensor2   (abs)        000000
__size_of_runtime             (abs)        000000
__size_of_stepper             (abs)        000000
__size_of_stepper_rev         (abs)        000000
__size_of_stepper_state       (abs)        000000
__size_of_time_difference     (abs)        000000
__size_of_update_time         (abs)        000000
__smallconst                  smallconst   000000
_bot_type                     bssBANK0     0000F7
_bottle_count                 text38       000B5A
_curr_state                   bssBANK1     00012B
_date_time                    text32       001716
_dec_to_hex                   text6        001BB6
_dec_to_hex$1400              cstackBANK0  00008B
_dec_to_hex$1401              cstackBANK0  00008E
_dpowers                      mediumconst  00FE96
_errno                        bssCOMRAM    00006D
_eval_poly                    text16       00216A
_exp                          text9        000D5C
_exp$1407                     cstackCOMRAM 00005C
_floor                        text11       00208C
_frexp                        text12       0023AC
_happynewyear                 mediumconst  00FEA8
_hexpowers                    mediumconst  00FEA0
_initLCD                      text31       0029D4
_init_operation               text3        000012
_init_operation$1404          cstackBANK0  0000DC
_isdigit                      text41       002B7E
_isdigit$947                  cstackCOMRAM 000012
_keypressed                   intcode      000008
_keys                         mediumconst  00FE85
_lcdInst                      text45       002BCA
_lcdNibble                    text46       00293C
_ldexp                        text10       00223C
_log                          text8        001868
_main                         text0        0015C4
_nRBPU                        (abs)        007F8F
_operation_end                text2        0027C4
_pow                          text7        001448
_pow$1405                     cstackBANK0  000080
_pow$1406                     cstackBANK0  000083
_printf                       text39       00078C
_putch                        text40       002BBE
_read_colorsensor1            text30       001A9C
_read_colorsensor2            text29       001982
_runtime                      text1        00298A
_stepper                      text28       0025D4
_stepper_rev                  text27       002550
_stepper_state                text26       000F40
_time_difference              text5        0012C2
_update_time                  text4        002752
bottle_count@bot_count        cstackBANK0  0000C5
btemp                         temp         00006F
date_time@i                   cstackCOMRAM 00006C
date_time@time                cstackBANK0  0000C5
dec_to_hex@hexnum             cstackBANK0  000095
dec_to_hex@i                  cstackBANK0  000093
dec_to_hex@num                cstackCOMRAM 000068
dec_to_hex@quotient           cstackBANK0  000097
dec_to_hex@temp               cstackBANK0  000091
end_of_initialization         cinit        002AC8
eval_poly@d                   cstackCOMRAM 00003B
eval_poly@n                   cstackCOMRAM 00003D
eval_poly@res                 cstackCOMRAM 000041
eval_poly@x                   cstackCOMRAM 000038
exp@coeff                     mediumconst  00FEAF
exp@exponent                  cstackCOMRAM 00005F
exp@sign                      cstackCOMRAM 000061
exp@x                         cstackCOMRAM 000059
floor@expon                   cstackCOMRAM 000057
floor@i                       cstackCOMRAM 000054
floor@x                       cstackCOMRAM 000051
frexp@eptr                    cstackCOMRAM 000014
frexp@value                   cstackCOMRAM 000011
hex_to_dec@F3226              dataBANK1    00011B
init_operation@b1             cstackBANK0  0000EF
init_operation@b2             cstackBANK0  0000F3
init_operation@blue           cstackBANK0  0000E5
init_operation@bot_count      cstackBANK0  0000C9
init_operation@c1             cstackBANK0  0000CF
init_operation@c2             cstackBANK0  0000D1
init_operation@clear          cstackBANK0  0000E7
init_operation@detection_time cstackBANK0  0000D5
init_operation@g1             cstackBANK0  0000E9
init_operation@g2             cstackBANK0  0000EB
init_operation@green          cstackBANK0  0000E3
init_operation@i              cstackBANK0  0000DF
init_operation@luminosity1    cstackBANK0  0000D3
init_operation@r1             cstackBANK0  0000ED
init_operation@r2             cstackBANK0  0000F1
init_operation@red            cstackBANK0  0000E1
init_operation@start_time     cstackBANK0  0000C5
init_operation@step_state     cstackBANK0  0000CB
init_operation@time           cstackBANK0  0000C7
int$flags                     temp         00006F
int_func                      intcode_body 001CC2
intlevel0                     text         000000
intlevel1                     text         000000
intlevel2                     text         000000
intlevel3                     text         000000
isdigit@c                     cstackCOMRAM 000013
lcdInst@data                  cstackCOMRAM 000013
lcdNibble@data                cstackCOMRAM 000012
lcdNibble@temp                cstackCOMRAM 000011
ldexp@newexp                  cstackCOMRAM 000047
ldexp@value                   cstackCOMRAM 000044
log@coeff                     mediumconst  00FECD
log@exponent                  cstackCOMRAM 000047
log@x                         cstackCOMRAM 000044
main@bot_count                cstackBANK1  000115
main@end_time                 cstackBANK1  000107
main@start_time               cstackBANK1  000100
main@step_state               cstackBANK1  000119
main@time                     cstackBANK1  00010E
operation_end@step_state      cstackBANK0  0000C5
pow@sign                      cstackBANK0  000086
pow@x                         cstackCOMRAM 000062
pow@y                         cstackCOMRAM 000065
pow@yi                        cstackBANK0  000087
printf@ap                     cstackBANK0  0000BC
printf@c                      cstackBANK0  0000C4
printf@f                      cstackBANK0  0000AF
printf@flag                   cstackBANK0  0000C1
printf@idx                    cstackBANK0  0000BB
printf@prec                   cstackBANK0  0000BE
printf@val                    cstackBANK0  0000BF
printf@width                  cstackBANK0  0000C2
putch@data                    cstackCOMRAM 000013
read_colorsensor1@blue        cstackCOMRAM 000018
read_colorsensor1@clear       cstackCOMRAM 00001A
read_colorsensor1@green       cstackCOMRAM 000016
read_colorsensor1@red         cstackCOMRAM 000014
read_colorsensor2@blue        cstackCOMRAM 000018
read_colorsensor2@clear       cstackCOMRAM 00001A
read_colorsensor2@green       cstackCOMRAM 000016
read_colorsensor2@red         cstackCOMRAM 000014
runtime@end_time              cstackBANK0  0000C7
runtime@start_time            cstackBANK0  0000C5
stackhi                       (abs)        000F7F
stacklo                       (abs)        00012C
start                         init         00000E
start_initialization          cinit        002A9C
stepper@i                     cstackCOMRAM 000014
stepper@r                     cstackCOMRAM 000011
stepper_rev@i                 cstackCOMRAM 000014
stepper_rev@r                 cstackCOMRAM 000011
stepper_state@next_state      cstackCOMRAM 00001A
stepper_state@step_state      cstackCOMRAM 000016
time_difference@d1            cstackBANK0  0000A9
time_difference@d2            cstackBANK0  0000AB
time_difference@d3            cstackBANK0  0000AD
time_difference@hr1           cstackBANK0  00009D
time_difference@hr2           cstackBANK0  00009F
time_difference@min1          cstackBANK0  0000A1
time_difference@min2          cstackBANK0  0000A3
time_difference@s1            cstackBANK0  0000A5
time_difference@s2            cstackBANK0  0000A7
time_difference@time1         cstackBANK0  000099
time_difference@time2         cstackBANK0  00009B
update_time@i                 cstackCOMRAM 000016
update_time@time              cstackCOMRAM 000014


FUNCTION INFORMATION:

 *************** function _main *****************
 Defined at:
		line 70 in file "main.c"
 Parameters:    Size  Location     Type
		None
 Auto vars:     Size  Location     Type
  time            7   14[BANK1 ] unsigned char [7]
  end_time        7    7[BANK1 ] unsigned char [7]
  start_time      7    0[BANK1 ] unsigned char [7]
  bot_count       4   21[BANK1 ] unsigned char [4]
  step_state      2   25[BANK1 ] unsigned char [2]
 Return value:  Size  Location     Type
                  1    wreg      void 
 Registers used:
		wreg, fsr2l, fsr2h, status,2, status,0, tblptrl, tblptrh, tblptru, prodl, prodh, cstack
 Tracked objects:
		On entry : 
		On exit  : 
		Unchanged: 
 Data sizes:     COMRAM   BANK0   BANK1   BANK2   BANK3   BANK4   BANK5   BANK6   BANK7   BANK8   BANK9  BANK10  BANK11  BANK12  BANK13  BANK14  BANK15
      Params:         0       0       0       0       0       0       0       0       0       0       0       0       0       0       0       0       0
      Locals:         0       0      27       0       0       0       0       0       0       0       0       0       0       0       0       0       0
      Temps:          0       2       0       0       0       0       0       0       0       0       0       0       0       0       0       0       0
      Totals:         0       2      27       0       0       0       0       0       0       0       0       0       0       0       0       0       0
Total ram usage:       29 bytes
 Hardware stack levels required when called:    9
 This function calls:
		_I2C_Master_Init
		_bottle_count
		_date_time
		_initLCD
		_init_operation
		_lcdInst
		_operation_end
		_printf
		_runtime
		_update_time
 This function is called by:
		Startup code after reset
 This function uses a non-reentrant model


 *************** function _runtime *****************
 Defined at:
		line 352 in file "main.c"
 Parameters:    Size  Location     Type
  start_time      2   69[BANK0 ] PTR unsigned char 
		 -> main@start_time(7), 
  end_time        2   71[BANK0 ] PTR unsigned char 
		 -> main@end_time(7), 
 Auto vars:     Size  Location     Type
		None
 Return value:  Size  Location     Type
                  1    wreg      void 
 Registers used:
		wreg, fsr2l, fsr2h, status,2, status,0, tblptrl, tblptrh, tblptru, prodl, prodh, cstack
 Tracked objects:
		On entry : 
		On exit  : 
		Unchanged: 
 Data sizes:     COMRAM   BANK0   BANK1   BANK2   BANK3   BANK4   BANK5   BANK6   BANK7   BANK8   BANK9  BANK10  BANK11  BANK12  BANK13  BANK14  BANK15
      Params:         0       4       0       0       0       0       0       0       0       0       0       0       0       0       0       0       0
      Locals:         0       0       0       0       0       0       0       0       0       0       0       0       0       0       0       0       0
      Temps:          0       0       0       0       0       0       0       0       0       0       0       0       0       0       0       0       0
      Totals:         0       4       0       0       0       0       0       0       0       0       0       0       0       0       0       0       0
Total ram usage:        4 bytes
 Hardware stack levels used:    1
 Hardware stack levels required when called:    8
 This function calls:
		_lcdInst
		_printf
		_time_difference
 This function is called by:
		_main
 This function uses a non-reentrant model


 *************** function _operation_end *****************
 Defined at:
		line 398 in file "main.c"
 Parameters:    Size  Location     Type
  step_state      2   69[BANK0 ] PTR unsigned char 
		 -> main@step_state(2), 
 Auto vars:     Size  Location     Type
		None
 Return value:  Size  Location     Type
                  1    wreg      void 
 Registers used:
		wreg, fsr2l, fsr2h, status,2, status,0, tblptrl, tblptrh, tblptru, prodl, prodh, cstack
 Tracked objects:
		On entry : 
		On exit  : 
		Unchanged: 
 Data sizes:     COMRAM   BANK0   BANK1   BANK2   BANK3   BANK4   BANK5   BANK6   BANK7   BANK8   BANK9  BANK10  BANK11  BANK12  BANK13  BANK14  BANK15
      Params:         0       2       0       0       0       0       0       0       0       0       0       0       0       0       0       0       0
      Locals:         0       0       0       0       0       0       0       0       0       0       0       0       0       0       0       0       0
      Temps:          0       2       0       0       0       0       0       0       0       0       0       0       0       0       0       0       0
      Totals:         0       4       0       0       0       0       0       0       0       0       0       0       0       0       0       0       0
Total ram usage:        4 bytes
 Hardware stack levels used:    1
 Hardware stack levels required when called:    4
 This function calls:
		_lcdInst
		_printf
		_stepper_state
 This function is called by:
		_main
 This function uses a non-reentrant model


 *************** function _init_operation *****************
 Defined at:
		line 259 in file "main.c"
 Parameters:    Size  Location     Type
  start_time      2   69[BANK0 ] PTR unsigned char 
		 -> main@start_time(7), 
  time            2   71[BANK0 ] PTR unsigned char 
		 -> main@time(7), 
  bot_count       2   73[BANK0 ] PTR unsigned char 
		 -> main@bot_count(4), 
  step_state      2   75[BANK0 ] PTR unsigned char 
		 -> main@step_state(2), 
 Auto vars:     Size  Location     Type
  b2              2  115[BANK0 ] int 
  r2              2  113[BANK0 ] int 
  b1              2  111[BANK0 ] int 
  r1              2  109[BANK0 ] int 
  g2              2  107[BANK0 ] int 
  g1              2  105[BANK0 ] int 
  luminosity1     2   83[BANK0 ] int 
  c2              2   81[BANK0 ] int 
  c1              2   79[BANK0 ] int 
  i               2   95[BANK0 ] int 
  detection_ti    7   85[BANK0 ] unsigned char [7]
  clear           2  103[BANK0 ] unsigned char [2]
  blue            2  101[BANK0 ] unsigned char [2]
  green           2   99[BANK0 ] unsigned char [2]
  red             2   97[BANK0 ] unsigned char [2]
 Return value:  Size  Location     Type
                  1    wreg      void 
 Registers used:
		wreg, fsr2l, fsr2h, status,2, status,0, tblptrl, tblptrh, tblptru, prodl, prodh, cstack
 Tracked objects:
		On entry : 
		On exit  : 
		Unchanged: 
 Data sizes:     COMRAM   BANK0   BANK1   BANK2   BANK3   BANK4   BANK5   BANK6   BANK7   BANK8   BANK9  BANK10  BANK11  BANK12  BANK13  BANK14  BANK15
      Params:         0       8       0       0       0       0       0       0       0       0       0       0       0       0       0       0       0
      Locals:         0      38       0       0       0       0       0       0       0       0       0       0       0       0       0       0       0
      Temps:          0       2       0       0       0       0       0       0       0       0       0       0       0       0       0       0       0
      Totals:         0      48       0       0       0       0       0       0       0       0       0       0       0       0       0       0       0
Total ram usage:       48 bytes
 Hardware stack levels used:    1
 Hardware stack levels required when called:    8
 This function calls:
		___awdiv
		___awtoft
		___ftadd
		___ftge
		___ftmul
		___fttol
		_initLCD
		_lcdInst
		_printf
		_read_colorsensor1
		_read_colorsensor2
		_stepper_state
		_time_difference
		_update_time
 This function is called by:
		_main
 This function uses a non-reentrant model


 *************** function _update_time *****************
 Defined at:
		line 192 in file "main.c"
 Parameters:    Size  Location     Type
  time            2   19[COMRAM] PTR unsigned char 
		 -> init_operation@detection_time(7), main@end_time(7), main@time(7), main@start_time(7), 
 Auto vars:     Size  Location     Type
  i               1   21[COMRAM] unsigned char 
 Return value:  Size  Location     Type
                  1    wreg      void 
 Registers used:
		wreg, fsr2l, fsr2h, status,2, status,0, prodl, prodh, cstack
 Tracked objects:
		On entry : 
		On exit  : 
		Unchanged: 
 Data sizes:     COMRAM   BANK0   BANK1   BANK2   BANK3   BANK4   BANK5   BANK6   BANK7   BANK8   BANK9  BANK10  BANK11  BANK12  BANK13  BANK14  BANK15
      Params:         2       0       0       0       0       0       0       0       0       0       0       0       0       0       0       0       0
      Locals:         1       0       0       0       0       0       0       0       0       0       0       0       0       0       0       0       0
      Temps:          0       0       0       0       0       0       0       0       0       0       0       0       0       0       0       0       0
      Totals:         3       0       0       0       0       0       0       0       0       0       0       0       0       0       0       0       0
Total ram usage:        3 bytes
 Hardware stack levels used:    1
 Hardware stack levels required when called:    3
 This function calls:
		_I2C_Master_Read
		_I2C_Master_Start
		_I2C_Master_Stop
		_I2C_Master_Write
 This function is called by:
		_main
		_init_operation
 This function uses a non-reentrant model


 *************** function _time_difference *****************
 Defined at:
		line 247 in file "main.c"
 Parameters:    Size  Location     Type
  time1           2   25[BANK0 ] PTR unsigned char 
		 -> main@end_time(7), main@time(7), 
  time2           2   27[BANK0 ] PTR unsigned char 
		 -> init_operation@detection_time(7), main@start_time(7), 
 Auto vars:     Size  Location     Type
  d3              2   45[BANK0 ] int 
  d2              2   43[BANK0 ] int 
  d1              2   41[BANK0 ] int 
  s2              2   39[BANK0 ] int 
  s1              2   37[BANK0 ] int 
  min2            2   35[BANK0 ] int 
  min1            2   33[BANK0 ] int 
  hr2             2   31[BANK0 ] int 
  hr1             2   29[BANK0 ] int 
 Return value:  Size  Location     Type
                  2   25[BANK0 ] int 
 Registers used:
		wreg, fsr2l, fsr2h, status,2, status,0, tblptrl, tblptrh, tblptru, prodl, prodh, cstack
 Tracked objects:
		On entry : 
		On exit  : 
		Unchanged: 
 Data sizes:     COMRAM   BANK0   BANK1   BANK2   BANK3   BANK4   BANK5   BANK6   BANK7   BANK8   BANK9  BANK10  BANK11  BANK12  BANK13  BANK14  BANK15
      Params:         0       4       0       0       0       0       0       0       0       0       0       0       0       0       0       0       0
      Locals:         0      18       0       0       0       0       0       0       0       0       0       0       0       0       0       0       0
      Temps:          2       0       0       0       0       0       0       0       0       0       0       0       0       0       0       0       0
      Totals:         2      22       0       0       0       0       0       0       0       0       0       0       0       0       0       0       0
Total ram usage:       24 bytes
 Hardware stack levels used:    1
 Hardware stack levels required when called:    7
 This function calls:
		___wmul
		_dec_to_hex
 This function is called by:
		_init_operation
		_runtime
 This function uses a non-reentrant model


 *************** function _dec_to_hex *****************
 Defined at:
		line 214 in file "main.c"
 Parameters:    Size  Location     Type
  num             2  103[COMRAM] int 
 Auto vars:     Size  Location     Type
  quotient        2   23[BANK0 ] int 
  hexnum          2   21[BANK0 ] int 
  i               2   19[BANK0 ] int 
  temp            2   17[BANK0 ] int 
 Return value:  Size  Location     Type
                  2  103[COMRAM] int 
 Registers used:
		wreg, fsr2l, fsr2h, status,2, status,0, tblptrl, tblptrh, tblptru, prodl, prodh, cstack
 Tracked objects:
		On entry : 
		On exit  : 
		Unchanged: 
 Data sizes:     COMRAM   BANK0   BANK1   BANK2   BANK3   BANK4   BANK5   BANK6   BANK7   BANK8   BANK9  BANK10  BANK11  BANK12  BANK13  BANK14  BANK15
      Params:         2       0       0       0       0       0       0       0       0       0       0       0       0       0       0       0       0
      Locals:         0      14       0       0       0       0       0       0       0       0       0       0       0       0       0       0       0
      Temps:          0       0       0       0       0       0       0       0       0       0       0       0       0       0       0       0       0
      Totals:         2      14       0       0       0       0       0       0       0       0       0       0       0       0       0       0       0
Total ram usage:       16 bytes
 Hardware stack levels used:    1
 Hardware stack levels required when called:    6
 This function calls:
		___awdiv
		___awtoft
		___ftadd
		___ftmul
		___fttol
		_pow
 This function is called by:
		_time_difference
 This function uses a non-reentrant model


 *************** function _pow *****************
 Defined at:
		line 5 in file "C:\Program Files (x86)\Microchip\xc8\v1.40\sources\common\pow.c"
 Parameters:    Size  Location     Type
  x               3   97[COMRAM] int 
  y               3  100[COMRAM] int 
 Auto vars:     Size  Location     Type
  yi              4    7[BANK0 ] unsigned long 
  sign            1    6[BANK0 ] unsigned char 
 Return value:  Size  Location     Type
                  3   97[COMRAM] unsigned char 
 Registers used:
		wreg, fsr2l, fsr2h, status,2, status,0, tblptrl, tblptrh, tblptru, prodl, prodh, cstack
 Tracked objects:
		On entry : 
		On exit  : 
		Unchanged: 
 Data sizes:     COMRAM   BANK0   BANK1   BANK2   BANK3   BANK4   BANK5   BANK6   BANK7   BANK8   BANK9  BANK10  BANK11  BANK12  BANK13  BANK14  BANK15
      Params:         6       0       0       0       0       0       0       0       0       0       0       0       0       0       0       0       0
      Locals:         0      11       0       0       0       0       0       0       0       0       0       0       0       0       0       0       0
      Temps:          0       0       0       0       0       0       0       0       0       0       0       0       0       0       0       0       0
      Totals:         6      11       0       0       0       0       0       0       0       0       0       0       0       0       0       0       0
Total ram usage:       17 bytes
 Hardware stack levels used:    1
 Hardware stack levels required when called:    5
 This function calls:
		___ftge
		___ftmul
		___ftneg
		___fttol
		___lltoft
		_exp
		_log
 This function is called by:
		_dec_to_hex
		_hex_to_dec
 This function uses a non-reentrant model


 *************** function _log *****************
 Defined at:
		line 5 in file "C:\Program Files (x86)\Microchip\xc8\v1.40\sources\common\log.c"
 Parameters:    Size  Location     Type
  x               3   67[COMRAM] unsigned char 
 Auto vars:     Size  Location     Type
  exponent        2   70[COMRAM] int 
 Return value:  Size  Location     Type
                  3   67[COMRAM] int 
 Registers used:
		wreg, fsr2l, fsr2h, status,2, status,0, tblptrl, tblptrh, tblptru, prodl, prodh, cstack
 Tracked objects:
		On entry : 
		On exit  : 
		Unchanged: 
 Data sizes:     COMRAM   BANK0   BANK1   BANK2   BANK3   BANK4   BANK5   BANK6   BANK7   BANK8   BANK9  BANK10  BANK11  BANK12  BANK13  BANK14  BANK15
      Params:         3       0       0       0       0       0       0       0       0       0       0       0       0       0       0       0       0
      Locals:         2       0       0       0       0       0       0       0       0       0       0       0       0       0       0       0       0
      Temps:          0       0       0       0       0       0       0       0       0       0       0       0       0       0       0       0       0
      Totals:         5       0       0       0       0       0       0       0       0       0       0       0       0       0       0       0       0
Total ram usage:        5 bytes
 Hardware stack levels used:    1
 Hardware stack levels required when called:    4
 This function calls:
		___awtoft
		___ftadd
		___ftmul
		_eval_poly
		_frexp
 This function is called by:
		_pow
 This function uses a non-reentrant model


 *************** function _exp *****************
 Defined at:
		line 12 in file "C:\Program Files (x86)\Microchip\xc8\v1.40\sources\common\exp.c"
 Parameters:    Size  Location     Type
  x               3   88[COMRAM] int 
 Auto vars:     Size  Location     Type
  exponent        2   94[COMRAM] int 
  sign            1   96[COMRAM] unsigned char 
 Return value:  Size  Location     Type
                  3   88[COMRAM] unsigned char 
 Registers used:
		wreg, fsr2l, fsr2h, status,2, status,0, tblptrl, tblptrh, tblptru, prodl, prodh, cstack
 Tracked objects:
		On entry : 
		On exit  : 
		Unchanged: 
 Data sizes:     COMRAM   BANK0   BANK1   BANK2   BANK3   BANK4   BANK5   BANK6   BANK7   BANK8   BANK9  BANK10  BANK11  BANK12  BANK13  BANK14  BANK15
      Params:         3       0       0       0       0       0       0       0       0       0       0       0       0       0       0       0       0
      Locals:         6       0       0       0       0       0       0       0       0       0       0       0       0       0       0       0       0
      Temps:          0       0       0       0       0       0       0       0       0       0       0       0       0       0       0       0       0
      Totals:         9       0       0       0       0       0       0       0       0       0       0       0       0       0       0       0       0
Total ram usage:        9 bytes
 Hardware stack levels used:    1
 Hardware stack levels required when called:    4
 This function calls:
		___awtoft
		___ftdiv
		___ftge
		___ftmul
		___ftneg
		___ftsub
		___fttol
		_eval_poly
		_floor
		_ldexp
 This function is called by:
		_pow
 This function uses a non-reentrant model


 *************** function _ldexp *****************
 Defined at:
		line 277 in file "C:\Program Files (x86)\Microchip\xc8\v1.40\sources\common\frexp.c"
 Parameters:    Size  Location     Type
  value           3   67[COMRAM] unsigned char 
  newexp          2   70[COMRAM] int 
 Auto vars:     Size  Location     Type
		None
 Return value:  Size  Location     Type
                  3   67[COMRAM] int 
 Registers used:
		wreg, status,2, status,0
 Tracked objects:
		On entry : 
		On exit  : 
		Unchanged: 
 Data sizes:     COMRAM   BANK0   BANK1   BANK2   BANK3   BANK4   BANK5   BANK6   BANK7   BANK8   BANK9  BANK10  BANK11  BANK12  BANK13  BANK14  BANK15
      Params:         5       0       0       0       0       0       0       0       0       0       0       0       0       0       0       0       0
      Locals:         0       0       0       0       0       0       0       0       0       0       0       0       0       0       0       0       0
      Temps:          2       0       0       0       0       0       0       0       0       0       0       0       0       0       0       0       0
      Totals:         7       0       0       0       0       0       0       0       0       0       0       0       0       0       0       0       0
Total ram usage:        7 bytes
 Hardware stack levels used:    1
 Hardware stack levels required when called:    1
 This function calls:
		Nothing
 This function is called by:
		_exp
 This function uses a non-reentrant model


 *************** function _floor *****************
 Defined at:
		line 13 in file "C:\Program Files (x86)\Microchip\xc8\v1.40\sources\common\floor.c"
 Parameters:    Size  Location     Type
  x               3   80[COMRAM] int 
 Auto vars:     Size  Location     Type
  i               3   83[COMRAM] int 
  expon           2   86[COMRAM] int 
 Return value:  Size  Location     Type
                  3   80[COMRAM] int 
 Registers used:
		wreg, fsr2l, fsr2h, status,2, status,0, cstack
 Tracked objects:
		On entry : 
		On exit  : 
		Unchanged: 
 Data sizes:     COMRAM   BANK0   BANK1   BANK2   BANK3   BANK4   BANK5   BANK6   BANK7   BANK8   BANK9  BANK10  BANK11  BANK12  BANK13  BANK14  BANK15
      Params:         3       0       0       0       0       0       0       0       0       0       0       0       0       0       0       0       0
      Locals:         5       0       0       0       0       0       0       0       0       0       0       0       0       0       0       0       0
      Temps:          0       0       0       0       0       0       0       0       0       0       0       0       0       0       0       0       0
      Totals:         8       0       0       0       0       0       0       0       0       0       0       0       0       0       0       0       0
Total ram usage:        8 bytes
 Hardware stack levels used:    1
 Hardware stack levels required when called:    3
 This function calls:
		___altoft
		___ftadd
		___ftge
		___fttol
		_frexp
 This function is called by:
		_exp
 This function uses a non-reentrant model


 *************** function _frexp *****************
 Defined at:
		line 254 in file "C:\Program Files (x86)\Microchip\xc8\v1.40\sources\common\frexp.c"
 Parameters:    Size  Location     Type
  value           3   16[COMRAM] int 
  eptr            2   19[COMRAM] PTR int 
		 -> log@exponent(2), floor@expon(2), 
 Auto vars:     Size  Location     Type
		None
 Return value:  Size  Location     Type
                  3   16[COMRAM] PTR int 
 Registers used:
		wreg, fsr2l, fsr2h, status,2, status,0
 Tracked objects:
		On entry : 
		On exit  : 
		Unchanged: 
 Data sizes:     COMRAM   BANK0   BANK1   BANK2   BANK3   BANK4   BANK5   BANK6   BANK7   BANK8   BANK9  BANK10  BANK11  BANK12  BANK13  BANK14  BANK15
      Params:         5       0       0       0       0       0       0       0       0       0       0       0       0       0       0       0       0
      Locals:         0       0       0       0       0       0       0       0       0       0       0       0       0       0       0       0       0
      Temps:          2       0       0       0       0       0       0       0       0       0       0       0       0       0       0       0       0
      Totals:         7       0       0       0       0       0       0       0       0       0       0       0       0       0       0       0       0
Total ram usage:        7 bytes
 Hardware stack levels used:    1
 Hardware stack levels required when called:    1
 This function calls:
		Nothing
 This function is called by:
		_floor
		_log
 This function uses a non-reentrant model


 *************** function ___fttol *****************
 Defined at:
		line 44 in file "C:\Program Files (x86)\Microchip\xc8\v1.40\sources\common\fttol.c"
 Parameters:    Size  Location     Type
  f1              3   55[COMRAM] float 
 Auto vars:     Size  Location     Type
  lval            4   65[COMRAM] unsigned long 
  exp1            1   69[COMRAM] unsigned char 
  sign1           1   64[COMRAM] unsigned char 
 Return value:  Size  Location     Type
                  4   55[COMRAM] long 
 Registers used:
		wreg, status,2, status,0
 Tracked objects:
		On entry : 
		On exit  : 
		Unchanged: 
 Data sizes:     COMRAM   BANK0   BANK1   BANK2   BANK3   BANK4   BANK5   BANK6   BANK7   BANK8   BANK9  BANK10  BANK11  BANK12  BANK13  BANK14  BANK15
      Params:         4       0       0       0       0       0       0       0       0       0       0       0       0       0       0       0       0
[...]
      Locals:         2       0       0       0       0       0       0       0       0       0       0       0       0       0       0       0       0
      Temps:          1       0       0       0       0       0       0       0       0       0       0       0       0       0       0       0       0
      Totals:         3       0       0       0       0       0       0       0       0       0       0       0       0       0       0       0       0
Total ram usage:        3 bytes
 Hardware stack levels used:    1
 Hardware stack levels required when called:    1
 This function calls:
		Nothing
 This function is called by:
		_printf
 This function uses a non-reentrant model


 *************** function ___wmul *****************
 Defined at:
		line 15 in file "C:\Program Files (x86)\Microchip\xc8\v1.40\sources\common\Umul16.c"
 Parameters:    Size  Location     Type
  multiplier      2   16[COMRAM] unsigned int 
  multiplicand    2   18[COMRAM] unsigned int 
 Auto vars:     Size  Location     Type
  product         2   20[COMRAM] unsigned int 
 Return value:  Size  Location     Type
                  2   16[COMRAM] unsigned int 
 Registers used:
		wreg, status,2, status,0, prodl, prodh
 Tracked objects:
		On entry : 
		On exit  : 
		Unchanged: 
 Data sizes:     COMRAM   BANK0   BANK1   BANK2   BANK3   BANK4   BANK5   BANK6   BANK7   BANK8   BANK9  BANK10  BANK11  BANK12  BANK13  BANK14  BANK15
      Params:         4       0       0       0       0       0       0       0       0       0       0       0       0       0       0       0       0
      Locals:         2       0       0       0       0       0       0       0       0       0       0       0       0       0       0       0       0
      Temps:          0       0       0       0       0       0       0       0       0       0       0       0       0       0       0       0       0
      Totals:         6       0       0       0       0       0       0       0       0       0       0       0       0       0       0       0       0
Total ram usage:        6 bytes
 Hardware stack levels used:    1
 Hardware stack levels required when called:    1
 This function calls:
		Nothing
 This function is called by:
		_time_difference
		_printf
		_eval_poly
		_servo_rotate
 This function uses a non-reentrant model


 *************** function ___lwmod *****************
 Defined at:
		line 8 in file "C:\Program Files (x86)\Microchip\xc8\v1.40\sources\common\lwmod.c"
 Parameters:    Size  Location     Type
  dividend        2   23[COMRAM] unsigned int 
  divisor         2   25[COMRAM] unsigned int 
 Auto vars:     Size  Location     Type
  counter         1   27[COMRAM] unsigned char 
 Return value:  Size  Location     Type
                  2   23[COMRAM] unsigned int 
 Registers used:
		wreg, status,2, status,0
 Tracked objects:
		On entry : 
		On exit  : 
		Unchanged: 
 Data sizes:     COMRAM   BANK0   BANK1   BANK2   BANK3   BANK4   BANK5   BANK6   BANK7   BANK8   BANK9  BANK10  BANK11  BANK12  BANK13  BANK14  BANK15
      Params:         4       0       0       0       0       0       0       0       0       0       0       0       0       0       0       0       0
      Locals:         1       0       0       0       0       0       0       0       0       0       0       0       0       0       0       0       0
      Temps:          0       0       0       0       0       0       0       0       0       0       0       0       0       0       0       0       0
      Totals:         5       0       0       0       0       0       0       0       0       0       0       0       0       0       0       0       0
Total ram usage:        5 bytes
 Hardware stack levels used:    1
 Hardware stack levels required when called:    1
 This function calls:
		Nothing
 This function is called by:
		_printf
 This function uses a non-reentrant model


 *************** function ___lwdiv *****************
 Defined at:
		line 8 in file "C:\Program Files (x86)\Microchip\xc8\v1.40\sources\common\lwdiv.c"
 Parameters:    Size  Location     Type
  dividend        2   16[COMRAM] unsigned int 
  divisor         2   18[COMRAM] unsigned int 
 Auto vars:     Size  Location     Type
  quotient        2   20[COMRAM] unsigned int 
  counter         1   22[COMRAM] unsigned char 
 Return value:  Size  Location     Type
                  2   16[COMRAM] unsigned int 
 Registers used:
		wreg, status,2, status,0
 Tracked objects:
		On entry : 
		On exit  : 
		Unchanged: 
 Data sizes:     COMRAM   BANK0   BANK1   BANK2   BANK3   BANK4   BANK5   BANK6   BANK7   BANK8   BANK9  BANK10  BANK11  BANK12  BANK13  BANK14  BANK15
      Params:         4       0       0       0       0       0       0       0       0       0       0       0       0       0       0       0       0
      Locals:         3       0       0       0       0       0       0       0       0       0       0       0       0       0       0       0       0
      Temps:          0       0       0       0       0       0       0       0       0       0       0       0       0       0       0       0       0
      Totals:         7       0       0       0       0       0       0       0       0       0       0       0       0       0       0       0       0
Total ram usage:        7 bytes
 Hardware stack levels used:    1
 Hardware stack levels required when called:    1
 This function calls:
		Nothing
 This function is called by:
		_printf
 This function uses a non-reentrant model


 *************** function _lcdInst *****************
 Defined at:
		line 25 in file "lcd.c"
 Parameters:    Size  Location     Type
  data            1    wreg     unsigned char 
 Auto vars:     Size  Location     Type
  data            1   18[COMRAM] unsigned char 
 Return value:  Size  Location     Type
                  1    wreg      void 
 Registers used:
		wreg, status,2, status,0, cstack
 Tracked objects:
		On entry : 
		On exit  : 
		Unchanged: 
 Data sizes:     COMRAM   BANK0   BANK1   BANK2   BANK3   BANK4   BANK5   BANK6   BANK7   BANK8   BANK9  BANK10  BANK11  BANK12  BANK13  BANK14  BANK15
      Params:         0       0       0       0       0       0       0       0       0       0       0       0       0       0       0       0       0
      Locals:         1       0       0       0       0       0       0       0       0       0       0       0       0       0       0       0       0
      Temps:          0       0       0       0       0       0       0       0       0       0       0       0       0       0       0       0       0
      Totals:         1       0       0       0       0       0       0       0       0       0       0       0       0       0       0       0       0
Total ram usage:        1 bytes
 Hardware stack levels used:    1
 Hardware stack levels required when called:    2
 This function calls:
		_lcdNibble
 This function is called by:
		_main
		_init_operation
		_runtime
		_bottle_count
		_operation_end
		_date_time
		_initLCD
 This function uses a non-reentrant model


 *************** function _lcdNibble *****************
 Defined at:
		line 35 in file "lcd.c"
 Parameters:    Size  Location     Type
  data            1    wreg     unsigned char 
 Auto vars:     Size  Location     Type
  data            1   17[COMRAM] unsigned char 
  temp            1   16[COMRAM] unsigned char 
 Return value:  Size  Location     Type
                  1    wreg      void 
 Registers used:
		wreg, status,2, status,0
 Tracked objects:
		On entry : 
		On exit  : 
		Unchanged: 
 Data sizes:     COMRAM   BANK0   BANK1   BANK2   BANK3   BANK4   BANK5   BANK6   BANK7   BANK8   BANK9  BANK10  BANK11  BANK12  BANK13  BANK14  BANK15
      Params:         0       0       0       0       0       0       0       0       0       0       0       0       0       0       0       0       0
      Locals:         2       0       0       0       0       0       0       0       0       0       0       0       0       0       0       0       0
      Temps:          0       0       0       0       0       0       0       0       0       0       0       0       0       0       0       0       0
      Totals:         2       0       0       0       0       0       0       0       0       0       0       0       0       0       0       0       0
Total ram usage:        2 bytes
 Hardware stack levels used:    1
 Hardware stack levels required when called:    1
 This function calls:
		Nothing
 This function is called by:
		_lcdInst
		_putch
 This function uses a non-reentrant model


 *************** function _I2C_Master_Init *****************
 Defined at:
		line 13 in file "I2C.c"
 Parameters:    Size  Location     Type
  c               4   29[COMRAM] const unsigned long 
 Auto vars:     Size  Location     Type
		None
 Return value:  Size  Location     Type
                  1    wreg      void 
 Registers used:
		wreg, status,2, status,0, cstack
 Tracked objects:
		On entry : 
		On exit  : 
		Unchanged: 
 Data sizes:     COMRAM   BANK0   BANK1   BANK2   BANK3   BANK4   BANK5   BANK6   BANK7   BANK8   BANK9  BANK10  BANK11  BANK12  BANK13  BANK14  BANK15
      Params:         4       0       0       0       0       0       0       0       0       0       0       0       0       0       0       0       0
      Locals:         0       0       0       0       0       0       0       0       0       0       0       0       0       0       0       0       0
      Temps:          4       0       0       0       0       0       0       0       0       0       0       0       0       0       0       0       0
      Totals:         8       0       0       0       0       0       0       0       0       0       0       0       0       0       0       0       0
Total ram usage:        8 bytes
 Hardware stack levels used:    1
 Hardware stack levels required when called:    2
 This function calls:
		___lldiv
 This function is called by:
		_main
 This function uses a non-reentrant model


 *************** function ___lldiv *****************
 Defined at:
		line 8 in file "C:\Program Files (x86)\Microchip\xc8\v1.40\sources\common\lldiv.c"
 Parameters:    Size  Location     Type
  dividend        4   16[COMRAM] unsigned long 
  divisor         4   20[COMRAM] unsigned long 
 Auto vars:     Size  Location     Type
  quotient        4   24[COMRAM] unsigned long 
  counter         1   28[COMRAM] unsigned char 
 Return value:  Size  Location     Type
                  4   16[COMRAM] unsigned long 
 Registers used:
		wreg, status,2, status,0
 Tracked objects:
		On entry : 
		On exit  : 
		Unchanged: 
 Data sizes:     COMRAM   BANK0   BANK1   BANK2   BANK3   BANK4   BANK5   BANK6   BANK7   BANK8   BANK9  BANK10  BANK11  BANK12  BANK13  BANK14  BANK15
      Params:         8       0       0       0       0       0       0       0       0       0       0       0       0       0       0       0       0
      Locals:         5       0       0       0       0       0       0       0       0       0       0       0       0       0       0       0       0
      Temps:          0       0       0       0       0       0       0       0       0       0       0       0       0       0       0       0       0
      Totals:        13       0       0       0       0       0       0       0       0       0       0       0       0       0       0       0       0
Total ram usage:       13 bytes
 Hardware stack levels used:    1
 Hardware stack levels required when called:    1
 This function calls:
		Nothing
 This function is called by:
		_I2C_Master_Init
 This function uses a non-reentrant model


 *************** function _keypressed *****************
 Defined at:
		line 139 in file "main.c"
 Parameters:    Size  Location     Type
		None
 Auto vars:     Size  Location     Type
		None
 Return value:  Size  Location     Type
                  1    wreg      void 
 Registers used:
		wreg, status,2, status,0
 Tracked objects:
		On entry : 
		On exit  : 
		Unchanged: 
 Data sizes:     COMRAM   BANK0   BANK1   BANK2   BANK3   BANK4   BANK5   BANK6   BANK7   BANK8   BANK9  BANK10  BANK11  BANK12  BANK13  BANK14  BANK15
      Params:         0       0       0       0       0       0       0       0       0       0       0       0       0       0       0       0       0
      Locals:         0       0       0       0       0       0       0       0       0       0       0       0       0       0       0       0       0
      Temps:         16       0       0       0       0       0       0       0       0       0       0       0       0       0       0       0       0
      Totals:        16       0       0       0       0       0       0       0       0       0       0       0       0       0       0       0       0
Total ram usage:       16 bytes
 Hardware stack levels used:    1
 This function calls:
		Nothing
 This function is called by:
		Interrupt level 2
 This function uses a non-reentrant model



MODULE INFORMATION

Module		Function		Class		Link	Load	Size
C:\Program Files (x86)\Microchip\xc8\v1.40\sources\common\awtoft.c
		___awtoft      		CODE           	2AD6	0000	57

C:\Program Files (x86)\Microchip\xc8\v1.40\sources\common\awtoft.c estimated size: 57

C:\Program Files (x86)\Microchip\xc8\v1.40\sources\common\altoft.c
		___altoft      		CODE           	26DA	0000	121

C:\Program Files (x86)\Microchip\xc8\v1.40\sources\common\altoft.c estimated size: 121

C:\Program Files (x86)\Microchip\xc8\v1.40\sources\common\evalpoly.c
		_eval_poly     		CODE           	216A	0000	211

C:\Program Files (x86)\Microchip\xc8\v1.40\sources\common\evalpoly.c estimated size: 211

C:\Program Files (x86)\Microchip\xc8\v1.40\sources\common\ftneg.c
		___ftneg       		CODE           	2B5A	0000	37

C:\Program Files (x86)\Microchip\xc8\v1.40\sources\common\ftneg.c estimated size: 37

C:\Program Files (x86)\Microchip\xc8\v1.40\sources\common\doprnt.c
		_printf        		CODE           	078C	0000	975

C:\Program Files (x86)\Microchip\xc8\v1.40\sources\common\doprnt.c estimated size: 975

C:\Program Files (x86)\Microchip\xc8\v1.40\sources\common\exp.c
		_exp           		CODE           	0D5C	0000	485

C:\Program Files (x86)\Microchip\xc8\v1.40\sources\common\exp.c estimated size: 485

C:\Program Files (x86)\Microchip\xc8\v1.40\sources\common\lltoft.c
		___lltoft      		CODE           	2834	0000	93

C:\Program Files (x86)\Microchip\xc8\v1.40\sources\common\lltoft.c estimated size: 93

C:\Program Files (x86)\Microchip\xc8\v1.40\sources\common\ftsub.c
		___ftsub       		CODE           	2A5C	0000	65

C:\Program Files (x86)\Microchip\xc8\v1.40\sources\common\ftsub.c estimated size: 65

C:\Program Files (x86)\Microchip\xc8\v1.40\sources\common\float.c
		___ftpack      		CODE           	22FE	0000	175

C:\Program Files (x86)\Microchip\xc8\v1.40\sources\common\float.c estimated size: 175

I2C.c
		_I2C_Master_Read		CODE           	2B0E	0000	39
		_I2C_Master_Wait		CODE           	2B9C	0000	19
		_I2C_Master_Init		CODE           	2890	0000	91
		_I2C_Master_Stop		CODE           	2BE0	0000	9
		_I2C_Master_Write		CODE           	2BD6	0000	11
		_I2C_Master_Start		CODE           	2BE8	0000	9

I2C.c estimated size: 178

C:\Program Files (x86)\Microchip\xc8\v1.40\sources\common\frexp.c
		_ldexp         		CODE           	223C	0000	195
		_frexp         		CODE           	23AC	0000	145

C:\Program Files (x86)\Microchip\xc8\v1.40\sources\common\frexp.c estimated size: 340

C:\Program Files (x86)\Microchip\xc8\v1.40\sources\common\log.c
		_log           		CODE           	1868	0000	283

C:\Program Files (x86)\Microchip\xc8\v1.40\sources\common\log.c estimated size: 283

C:\Program Files (x86)\Microchip\xc8\v1.40\sources\common\ftge.c
		___ftge        		CODE           	243C	0000	145

C:\Program Files (x86)\Microchip\xc8\v1.40\sources\common\ftge.c estimated size: 145

C:\Program Files (x86)\Microchip\xc8\v1.40\sources\common\floor.c
		_floor         		CODE           	208C	0000	223

C:\Program Files (x86)\Microchip\xc8\v1.40\sources\common\floor.c estimated size: 223

C:\Program Files (x86)\Microchip\xc8\v1.40\sources\common\Umul16.c
		___wmul        		CODE           	2B34	0000	39

C:\Program Files (x86)\Microchip\xc8\v1.40\sources\common\Umul16.c estimated size: 39

C:\Program Files (x86)\Microchip\xc8\v1.40\sources\common\lwmod.c
		___lwmod       		CODE           	2A1A	0000	67

C:\Program Files (x86)\Microchip\xc8\v1.40\sources\common\lwmod.c estimated size: 67

C:\Program Files (x86)\Microchip\xc8\v1.40\sources\common\ftmul.c
		___ftmul       		CODE           	1EB2	0000	245

C:\Program Files (x86)\Microchip\xc8\v1.40\sources\common\ftmul.c estimated size: 245

C:\Program Files (x86)\Microchip\xc8\v1.40\sources\common\ftdiv.c
		___ftdiv       		CODE           	1FA6	0000	231

C:\Program Files (x86)\Microchip\xc8\v1.40\sources\common\ftdiv.c estimated size: 231

C:\Program Files (x86)\Microchip\xc8\v1.40\sources\common\pow.c
		_pow           		CODE           	1448	0000	381

C:\Program Files (x86)\Microchip\xc8\v1.40\sources\common\pow.c estimated size: 381

C:\Program Files (x86)\Microchip\xc8\v1.40\sources\common\isdigit.c
		_isdigit       		CODE           	2B7E	0000	31

C:\Program Files (x86)\Microchip\xc8\v1.40\sources\common\isdigit.c estimated size: 31

shared
		exp@coeff      		MEDIUMCONST    	FEAF	0000	31
		_dpowers       		MEDIUMCONST    	FE96	0000	11
		_keys          		MEDIUMCONST    	FE85	0000	18
		__initialization		CODE           	2A9C	0000	45
		_hexpowers     		MEDIUMCONST    	FEA0	0000	9
		log@coeff      		MEDIUMCONST    	FECD	0000	28
		_happynewyear  		MEDIUMCONST    	FEA8	0000	8

shared estimated size: 150

lcd.c
		_putch         		CODE           	2BBE	0000	13
		_lcdInst       		CODE           	2BCA	0000	13
		_lcdNibble     		CODE           	293C	0000	79
		_initLCD       		CODE           	29D4	0000	71

lcd.c estimated size: 176

C:\Program Files (x86)\Microchip\xc8\v1.40\sources\common\fttol.c
		___fttol       		CODE           	1DBE	0000	245

C:\Program Files (x86)\Microchip\xc8\v1.40\sources\common\fttol.c estimated size: 245

C:\Program Files (x86)\Microchip\xc8\v1.40\sources\common\lwdiv.c
		___lwdiv       		CODE           	28EA	0000	83

C:\Program Files (x86)\Microchip\xc8\v1.40\sources\common\lwdiv.c estimated size: 83

C:\Program Files (x86)\Microchip\xc8\v1.40\sources\common\awdiv.c
		___awdiv       		CODE           	24CC	0000	133

C:\Program Files (x86)\Microchip\xc8\v1.40\sources\common\awdiv.c estimated size: 133

main.c
		_stepper       		CODE           	25D4	0000	133
		_bottle_count  		CODE           	0B5A	0000	515
		_stepper_rev   		CODE           	2550	0000	133
		_dec_to_hex    		CODE           	1BB6	0000	269
		_main          		CODE           	15C4	0000	339
		_stepper_state 		CODE           	0F40	0000	471
		_date_time     		CODE           	1716	0000	339
		_update_time   		CODE           	2752	0000	115
		_time_difference		CODE           	12C2	0000	391
		_runtime       		CODE           	298A	0000	75
		_keypressed    		CODE           	0008	0000	259
		_read_colorsensor1		CODE           	1A9C	0000	283
		_read_colorsensor2		CODE           	1982	0000	283
		_operation_end 		CODE           	27C4	0000	113
		_init_operation		CODE           	0012	0000	1915

main.c estimated size: 5633

C:\Program Files (x86)\Microchip\xc8\v1.40\sources\common\ftadd.c
		___ftadd       		CODE           	1116	0000	429

C:\Program Files (x86)\Microchip\xc8\v1.40\sources\common\ftadd.c estimated size: 429

C:\Program Files (x86)\Microchip\xc8\v1.40\sources\common\lldiv.c
		___lldiv       		CODE           	2658	0000	131

C:\Program Files (x86)\Microchip\xc8\v1.40\sources\common\lldiv.c estimated size: 131

